Limit[10000[INTEGER],false,false]
\_Filter[step{r}#0 >= 0[DATETIME] AND step{r}#0 <= 253402300799999[DATETIME]]
  \_Filter[ISNOTNULL(bytes{r}#1)]
    \_Project[[bytes{r}#1, step{r}#0, cluster{f}#2]]
      \_Eval[[TODOUBLE(bytes{r}#3) AS bytes#1]]
        \_Project[[bytes{r}#3, step{r}#0, cluster{r}#2]]
          \_UnpackDims[_$packed_grouping_dims{r}#4,[cluster{r}#2]]
            \_Aggregate[[step{r}#0 AS step#0, _$packed_dims{f$}#5 AS _$packed_grouping_dims#4],[AVG(LASTOVERTIME_$1{r}#6,true[BOOLEAN],PT0S[TIME_DURATION],compensated[KEYWORD]) AS bytes#3, step{r}#0, _$packed_grouping_dims{r}#4]]
              \_TimeSeriesAggregate[[_tsid{m}#7, BUCKET(@timestamp{f}#8,PT1M[TIME_DURATION]) AS step#0],[LASTOVERTIME(network.bytes_in{f}#9,true[BOOLEAN],PT0S[TIME_DURATION],@timestamp{f}#8) AS LASTOVERTIME_$1#6, PACKDIMSAGG(cluster{f}#2,true[BOOLEAN],PT0S[TIME_DURATION]) AS _$packed_dims#5, _tsid{m}#7, step{r}#0],BUCKET(@timestamp{f}#8,PT1M[TIME_DURATION]),@timestamp{f}#8,PROMQL_COMMAND]
                \_EsRelation[k8s][@timestamp{f}#8, client.ip{f}#10, cluster{f}#2, event{f}#11, event_city{f}#12, event_city_boundary{f}#13, event_location{f}#14, event_log{f}#15, event_shape{f}#16, events_received{f}#17, network.bytes_in{f}#9, network.cost{f}#18, network.eth0.currently_connected_clients{f}#19, network.eth0.firmware_version{f}#20, network.eth0.last_up{f}#21, network.eth0.rx{f}#22, network.eth0.tx{f}#23, network.eth0.up{f}#24, network.total_bytes_in{f}#25, network.total_bytes_out{f}#26, network.total_cost{f}#27, pod{f}#28, region{f}#29, _tsid{m}#7]