Limit[1000000[INTEGER],false,false]
\_TimeSeriesAggregate[[_timeseries{f}#0, TBUCKET(PT1H[TIME_DURATION],@timestamp{f}#1) AS tbucket(1 hour)#2],[VALUES(RATE(does_not_exist{r}#3,true[BOOLEAN],PT0S[TIME_DURATION],@timestamp{f}#1),true[BOOLEAN],PT0S[TIME_DURATION]) AS r#4, tbucket(1 hour){r}#2],null,@timestamp{f}#1]
  \_Eval[[null[NULL] AS does_not_exist#3]]
    \_EsRelation[k8s][TIME_SERIES][@timestamp{f}#1, client.ip{f}#5, cluster{f}#6, event{f}#7, event_city{f}#8, event_city_boundary{f}#9, event_location{f}#10, event_log{f}#11, event_shape{f}#12, events_received{f}#13, network.bytes_in{f}#14, network.cost{f}#15, network.eth0.currently_connected_clients{f}#16, network.eth0.firmware_version{f}#17, network.eth0.last_up{f}#18, network.eth0.rx{f}#19, network.eth0.tx{f}#20, network.eth0.up{f}#21, network.total_bytes_in{f}#22, network.total_bytes_out{f}#23, network.total_cost{f}#24, pod{f}#25, region{f}#26, _timeseries{f}#0]