Project[[mx{r}#0, cluster{r}#1]]
\_Limit[10000000[INTEGER],false,false]
  \_UnpackDims[_$packed_grouping_dims{r}#2,[cluster{r}#1]]
    \_Aggregate[[_$packed_dims{r}#3],[MAX(LASTOVERTIME_$1{r}#4,true[BOOLEAN],PT0S[TIME_DURATION]) AS mx#0, _$packed_dims{r}#3 AS _$packed_grouping_dims#2]]
      \_TimeSeriesAggregate[[_tsid{m}#5],[LASTOVERTIME(network.bytes_in{f}#6,$$in_subquery_mark$0{r$}#7,PT0S[TIME_DURATION],@timestamp{f}#8) AS LASTOVERTIME_$1#4, PACKDIMSAGG(cluster{f}#1,true[BOOLEAN],PT0S[TIME_DURATION]) AS _$packed_dims#3],null,@timestamp{f}#8,TS_COMMAND]
        \_MarkJoin[[cluster{f}#1],[env{r}#9],$$in_subquery_mark$0{r$}#7]
          |_EsRelation[k8s][@timestamp{f}#8, client.ip{f}#10, cluster{f}#1, event{f}#11, event_city{f}#12, event_city_boundary{f}#13, event_location{f}#14, event_log{f}#15, event_shape{f}#16, events_received{f}#17, network.bytes_in{f}#6, network.cost{f}#18, network.eth0.currently_connected_clients{f}#19, network.eth0.firmware_version{f}#20, network.eth0.last_up{f}#21, network.eth0.rx{f}#22, network.eth0.tx{f}#23, network.eth0.up{f}#24, network.total_bytes_in{f}#25, network.total_bytes_out{f}#26, network.total_cost{f}#27, pod{f}#28, region{f}#29, _tsid{m}#5]
          \_Project[[env{r}#9]]
            \_Eval[[qa[KEYWORD] AS env#9]]
              \_Limit[1[INTEGER],false,false]
                \_EsRelation[employees][avg_worked_seconds{f}#30, birth_date{f}#31, emp_no{f}#32, first_name{f}#33, gender{f}#34, height{f}#35, height.float{f}#36, height.half_float{f}#37, height.scaled_float{f}#38, hire_date{f}#39, is_rehired{f}#40, job_positions{f}#41, languages{f}#42, languages.byte{f}#43, languages.long{f}#44, languages.short{f}#45, last_name{f}#46, salary{f}#47, salary_change{f}#48, salary_change.int{f}#49, salary_change.keyword{f}#50, salary_change.long{f}#51, still_hired{f}#52]