IpLocationExec[constant_keyword-foo{f}#0,[country_iso_code, country_name, continent_name, region_iso_code, region_name, city_name, location],[g.country_iso_code{r}#1, g.country_name{r}#2, g.continent_name{r}#3, g.region_iso_code{r}#4, g.region_name{r}#5, g.city_name{r}#6, g.location{r}#7],GeoLite2-City.mmdb,true]
\_LimitExec[1000[INTEGER],null]
  \_ExchangeExec[[!alias_integer, boolean{f}#8, byte{f}#9, constant_keyword-foo{f}#0, date{f}#10, date_nanos{f}#11, dense_vector{f}#12, double{f}#13, float{f}#14, half_float{f}#15, integer{f}#16, ip{f}#17, keyword{f}#18, long{f}#19, scaled_float{f}#20, semantic_text{f}#21, short{f}#22, text{f}#23, unsigned_long{f}#24, version{f}#25, wildcard{f}#26],false]
    \_ProjectExec[[!alias_integer, boolean{f}#8, byte{f}#9, constant_keyword-foo{f}#0, date{f}#10, date_nanos{f}#11, dense_vector{f}#12, double{f}#13, float{f}#14, half_float{f}#15, integer{f}#16, ip{f}#17, keyword{f}#18, long{f}#19, scaled_float{f}#20, semantic_text{f}#21, short{f}#22, text{f}#23, unsigned_long{f}#24, version{f}#25, wildcard{f}#26]]
      \_FieldExtractExec[!alias_integer, boolean{f}#8, byte{f}#9, constant_keyword-foo{f}#0, date{f}#10, date_nanos{f}#11, dense_vector{f}#12, double{f}#13, float{f}#14, half_float{f}#15, integer{f}#16, ip{f}#17, keyword{f}#18, long{f}#19, scaled_float{f}#20, semantic_text{f}#21, short{f}#22, text{f}#23, unsigned_long{f}#24, version{f}#25, wildcard{f}#26]<[],[],[]>
        \_EsQueryExec[all_types], indexMode[standard], [_doc{f}#27], limit[1000], sort[] estimatedRowSize[7430] queryBuilderAndTags [[QueryBuilderAndTags[query=null, tags=[]]]]