Project[[a{r}#0, dept{r}#1]]
\_Eval[[$$SUM$a$0{r$}#2 / $$COUNT$a$1{r$}#3 AS a#0]]
  \_Limit[1000[INTEGER],false,false]
    \_Aggregate[[dept{r$}#4],[SUM($$partial$$$$SUM$a$0{r$}#5,true[BOOLEAN],PT0S[TIME_DURATION],compensated[KEYWORD],long_overflow_throw[KEYWORD]) AS $$SUM$a$0#2, SUM($$partial$$$$COUNT$a$1{r$}#6,true[BOOLEAN],PT0S[TIME_DURATION],compensated[KEYWORD],long_overflow_throw[KEYWORD]) AS $$COUNT$a$1#3, dept{r$}#4 AS dept#1]]
      \_UnionAll[[$$partial$$$$SUM$a$0{r$}#5, $$partial$$$$COUNT$a$1{r$}#6, dept{r$}#4]]
        |_Aggregate[[dept{r}#7],[SUM(salary{r}#8,true[BOOLEAN],PT0S[TIME_DURATION],compensated[KEYWORD],long_overflow_warn[KEYWORD]) AS $$partial$$$$SUM$a$0#5, COUNT(salary{r}#8,true[BOOLEAN],PT0S[TIME_DURATION]) AS $$partial$$$$COUNT$a$1#6, dept{r}#7 AS dept#4]]
        | \_ExternalRelation[s3://bucket/heavy_a.parquet][parquet][emp_no{r}#9, salary{r}#8, dept{r}#7]
        \_Aggregate[[dept{r}#10],[SUM(salary{r}#11,true[BOOLEAN],PT0S[TIME_DURATION],compensated[KEYWORD],long_overflow_warn[KEYWORD]) AS $$partial$$$$SUM$a$0#5, COUNT(salary{r}#11,true[BOOLEAN],PT0S[TIME_DURATION]) AS $$partial$$$$COUNT$a$1#6, dept{r}#10 AS dept#4]]
          \_ExternalRelation[s3://bucket/heavy_b.parquet][parquet][emp_no{r}#12, salary{r}#11, dept{r}#10]