Limit[1000[INTEGER],false,false]
\_UnionAll[[avg_worked_seconds{r}#0, birth_date{r}#1, emp_no{r}#2, first_name{r}#3, gender{r}#4, height{r}#5, height.float{r}#6, height.half_float{r}#7, height.scaled_float{r}#8, hire_date{r}#9, is_rehired{r}#10, job_positions{r}#11, languages{r}#12, languages.byte{r}#13, languages.long{r}#14, languages.short{r}#15, last_name{r}#16, salary{r}#17, salary_change{r}#18, salary_change.int{r}#19, salary_change.keyword{r}#20, salary_change.long{r}#21, still_hired{r}#22, language_code{r}#23, language_name{r}#24]]
  |_Project[[avg_worked_seconds{r}#25, birth_date{r}#26, emp_no{r}#27, first_name{r}#28, gender{r}#29, height{r}#30, height.float{r}#31, height.half_float{r}#32, height.scaled_float{r}#33, hire_date{r}#34, is_rehired{r}#35, job_positions{r}#36, languages{r}#37, languages.byte{r}#38, languages.long{r}#39, languages.short{r}#40, last_name{r}#41, salary{r}#42, salary_change{r}#43, salary_change.int{r}#44, salary_change.keyword{r}#45, salary_change.long{r}#46, still_hired{r}#47, language_code{r}#48, language_name{r}#49]]
  | \_Eval[[null[INTEGER] AS language_code#48, null[KEYWORD] AS language_name#49]]
  |   \_Subquery[]
  |     \_OrderBy[[Order[emp_no{r}#27,ASC,LAST]]]
  |       \_UnionAll[[avg_worked_seconds{r}#25, birth_date{r}#26, emp_no{r}#27, first_name{r}#28, gender{r}#29, height{r}#30, height.float{r}#31, height.half_float{r}#32, height.scaled_float{r}#33, hire_date{r}#34, is_rehired{r}#35, job_positions{r}#36, languages{r}#37, languages.byte{r}#38, languages.long{r}#39, languages.short{r}#40, last_name{r}#41, salary{r}#42, salary_change{r}#43, salary_change.int{r}#44, salary_change.keyword{r}#45, salary_change.long{r}#46, still_hired{r}#47]]
  |         |_Project[[avg_worked_seconds{f}#50, birth_date{f}#51, emp_no{f}#52, first_name{f}#53, gender{f}#54, height{f}#55, height.float{f}#56, height.half_float{f}#57, height.scaled_float{f}#58, hire_date{f}#59, is_rehired{f}#60, job_positions{f}#61, languages{f}#62, languages.byte{f}#63, languages.long{f}#64, languages.short{f}#65, last_name{f}#66, salary{f}#67, salary_change{f}#68, salary_change.int{f}#69, salary_change.keyword{f}#70, salary_change.long{f}#71, still_hired{f}#72]]
  |         | \_Subquery[]
  |         |   \_OrderBy[[Order[last_name{f}#66,ASC,LAST]]]
  |         |     \_EsRelation[employees][avg_worked_seconds{f}#50, birth_date{f}#51, emp_no{f}#52, first_name{f}#53, gender{f}#54, height{f}#55, height.float{f}#56, height.half_float{f}#57, height.scaled_float{f}#58, hire_date{f}#59, is_rehired{f}#60, job_positions{f}#61, languages{f}#62, languages.byte{f}#63, languages.long{f}#64, languages.short{f}#65, last_name{f}#66, salary{f}#67, salary_change{f}#68, salary_change.int{f}#69, salary_change.keyword{f}#70, salary_change.long{f}#71, still_hired{f}#72]
  |         \_Project[[avg_worked_seconds{f}#73, birth_date{f}#74, emp_no{f}#75, first_name{f}#76, gender{f}#77, height{f}#78, height.float{f}#79, height.half_float{f}#80, height.scaled_float{f}#81, hire_date{f}#82, is_rehired{f}#83, job_positions{f}#84, languages{f}#85, languages.byte{f}#86, languages.long{f}#87, languages.short{f}#88, last_name{f}#89, salary{f}#90, salary_change{f}#91, salary_change.int{f}#92, salary_change.keyword{f}#93, salary_change.long{f}#94, still_hired{f}#95]]
  |           \_Subquery[]
  |             \_OrderBy[[Order[first_name{f}#76,ASC,LAST]]]
  |               \_EsRelation[employees][avg_worked_seconds{f}#73, birth_date{f}#74, emp_no{f}#75, first_name{f}#76, gender{f}#77, height{f}#78, height.float{f}#79, height.half_float{f}#80, height.scaled_float{f}#81, hire_date{f}#82, is_rehired{f}#83, job_positions{f}#84, languages{f}#85, languages.byte{f}#86, languages.long{f}#87, languages.short{f}#88, last_name{f}#89, salary{f}#90, salary_change{f}#91, salary_change.int{f}#92, salary_change.keyword{f}#93, salary_change.long{f}#94, still_hired{f}#95]
  \_Project[[avg_worked_seconds{r}#96, birth_date{r}#97, emp_no{r}#98, first_name{r}#99, gender{r}#100, height{r}#101, height.float{r}#102, height.half_float{r}#103, height.scaled_float{r}#104, hire_date{r}#105, is_rehired{r}#106, job_positions{r}#107, languages{r}#108, languages.byte{r}#109, languages.long{r}#110, languages.short{r}#111, last_name{r}#112, salary{r}#113, salary_change{r}#114, salary_change.int{r}#115, salary_change.keyword{r}#116, salary_change.long{r}#117, still_hired{r}#118, language_code{f}#119, language_name{f}#120]]
    \_Eval[[null[LONG] AS avg_worked_seconds#96, null[DATETIME] AS birth_date#97, null[INTEGER] AS emp_no#98, null[KEYWORD] AS first_name#99, null[KEYWORD] AS gender#100, null[DOUBLE] AS height#101, null[DOUBLE] AS height.float#102, null[DOUBLE] AS height.half_float#103, null[DOUBLE] AS height.scaled_float#104, null[DATETIME] AS hire_date#105, null[BOOLEAN] AS is_rehired#106, null[KEYWORD] AS job_positions#107, null[INTEGER] AS languages#108, null[INTEGER] AS languages.byte#109, null[LONG] AS languages.long#110, null[INTEGER] AS languages.short#111, null[KEYWORD] AS last_name#112, null[INTEGER] AS salary#113, null[DOUBLE] AS salary_change#114, null[INTEGER] AS salary_change.int#115, null[KEYWORD] AS salary_change.keyword#116, null[LONG] AS salary_change.long#117, null[BOOLEAN] AS still_hired#118]]
      \_Subquery[]
        \_OrderBy[[Order[language_name{f}#120,ASC,LAST]]]
          \_EsRelation[languages][language_code{f}#119, language_name{f}#120]