Limit[1000[INTEGER],false,false]
\_OrderBy[[Order[ts{r}#0,ASC,LAST], Order[_fork{r}#1,ASC,LAST]]]
  \_Project[[ts{r}#0, _fork{r}#1]]
    \_Project[[@timestamp{r}#2 AS ts#0, client_ip{r}#3, event_duration{r}#4, message{r}#5, _fork{r}#1]]
      \_Fork[[@timestamp{r}#2, client_ip{r}#3, event_duration{r}#4, message{r}#5, _fork{r}#1]]
        |_Project[[@timestamp{r}#6, client_ip{r}#7, event_duration{r}#8, message{r}#9, _fork{r}#10]]
        | \_Eval[[fork1[KEYWORD] AS _fork#10]]
        |   \_Filter[true[BOOLEAN]]
        |     \_UnionAll[[@timestamp{r}#6, client_ip{r}#7, event_duration{r}#8, message{r}#9]]
        |       |_Project[[@timestamp{r}#11, client_ip{f}#12, event_duration{f}#13, message{f}#14]]
        |       | \_Eval[[TODATENANOS(@timestamp{f}#15) AS @timestamp#11]]
        |       |   \_EsRelation[sample_data][@timestamp{f}#15, client_ip{f}#12, event_duration{f}#13, message{f}#14]
        |       \_Project[[@timestamp{f}#16, client_ip{f}#17, event_duration{f}#18, message{f}#19]]
        |         \_Subquery[]
        |           \_EsRelation[sample_data_ts_nanos][@timestamp{f}#16, client_ip{f}#17, event_duration{f}#18, message{f}#19]
        \_Project[[@timestamp{r}#20, client_ip{r}#21, event_duration{r}#22, message{r}#23, _fork{r}#24]]
          \_Eval[[fork2[KEYWORD] AS _fork#24]]
            \_Filter[true[BOOLEAN]]
              \_UnionAll[[@timestamp{r}#20, client_ip{r}#21, event_duration{r}#22, message{r}#23]]
                |_Project[[@timestamp{r}#25, client_ip{f}#26, event_duration{f}#27, message{f}#28]]
                | \_Eval[[TODATENANOS(@timestamp{f}#29) AS @timestamp#25]]
                |   \_EsRelation[sample_data][@timestamp{f}#29, client_ip{f}#26, event_duration{f}#27, message{f}#28]
                \_Project[[@timestamp{f}#30, client_ip{f}#31, event_duration{f}#32, message{f}#33]]
                  \_Subquery[]
                    \_EsRelation[sample_data_ts_nanos][@timestamp{f}#30, client_ip{f}#31, event_duration{f}#32, message{f}#33]