Project[[m{r}#0]]
\_Limit[10000[INTEGER],false,false]
  \_Project[[m{r}#0, $$m$converted_to$keyword{r$}#1]]
    \_Eval[[$$m$converted_to$keyword{r$}#1 AS m#0]]
      \_UnionAll[[!m, $$m$converted_to$keyword{r$}#1, cluster{r}#2, @timestamp{r}#3, client_ip{r}#4, event_duration{r}#5, message{r}#6]]
        |_Project[[m{r}#7, $$m$converted_to$keyword{r$}#8, cluster{f}#9, @timestamp{r}#10, client_ip{r}#11, event_duration{r}#12, message{r}#13]]
        | \_Eval[[null[KEYWORD] AS m#7]]
        |   \_Eval[[TO_STRING(m{r}#14) AS $$m$converted_to$keyword#8]]
        |     \_Eval[[null[DATETIME] AS @timestamp#10, null[IP] AS client_ip#11, null[LONG] AS event_duration#12, null[KEYWORD] AS message#13]]
        |       \_Subquery[]
        |         \_Project[[m{r}#14, cluster{r}#9]]
        |           \_UnpackDims[_$packed_grouping_dims{r}#15,[cluster{r}#9]]
        |             \_Aggregate[[_$packed_dims{f$}#16 AS _$packed_grouping_dims#15],[MAX(RATE_$1{r}#17,true[BOOLEAN],PT0S[TIME_DURATION]) AS m#14, _$packed_grouping_dims{r}#15]]
        |               \_TimeSeriesAggregate[[_tsid{m}#18],[RATE(network.total_bytes_in{f}#19,true[BOOLEAN],PT0S[TIME_DURATION],@timestamp{f}#20) AS RATE_$1#17, PACKDIMSAGG(cluster{f}#9,true[BOOLEAN],PT0S[TIME_DURATION]) AS _$packed_dims#16, _tsid{m}#18],null,null,@timestamp{f}#20,TS_COMMAND]
        |                 \_EsRelation[k8s-downsampled][TIME_SERIES][@timestamp{f}#20, client.ip{f}#21, cluster{f}#9, event{f}#22, event_city{f}#23, event_city_boundary{f}#24, event_location{f}#25, event_log{f}#26, event_shape{f}#27, events_received{f}#28, network.bytes_in{f}#29, network.cost{f}#30, network.eth0.currently_connected_clients{f}#31, network.eth0.firmware_version{f}#32, network.eth0.last_up{f}#33, network.eth0.rx{f}#34, network.eth0.tx{f}#35, network.eth0.up{f}#36, network.total_bytes_in{f}#19, network.total_cost{f}#37, pod{f}#38, _tsid{m}#18]
        \_Project[[m{r}#39, $$m$converted_to$keyword{r$}#40, cluster{r}#41, @timestamp{f}#42, client_ip{f}#43, event_duration{f}#44, message{f}#45]]
          \_Eval[[null[KEYWORD] AS m#39]]
            \_Eval[[TO_STRING(m{r}#46) AS $$m$converted_to$keyword#40]]
              \_Eval[[null[KEYWORD] AS cluster#41]]
                \_Subquery[]
                  \_Eval[[abc[KEYWORD] AS m#46]]
                    \_EsRelation[sample_data][@timestamp{f}#42, client_ip{f}#43, event_duration{f}#44, message{f}#45]