Limit[10000[INTEGER],false,false]
\_OrderBy[[Order[_fork{r}#0,ASC,LAST], Order[cluster{r}#1,ASC,LAST]]]
  \_Project[[_fork{r}#0, cluster{r}#1, metric_type{r}#2, cnt{r}#3]]
    \_Fork[[metric_type{r}#2, cnt{r}#3, cluster{r}#1, _fork{r}#0]]
      |_Project[[metric_type{r}#4, cnt{r}#5, cluster{f}#6, _fork{r}#7]]
      | \_Eval[[fork1[KEYWORD] AS _fork#7]]
      |   \_Project[[metric_type{r}#4, cnt{r}#5, cluster{r}#6]]
      |     \_UnpackDims[_$packed_grouping_dims{r}#8,[cluster{r}#6]]
      |       \_Aggregate[[_$packed_dims{f$}#9 AS _$packed_grouping_dims#8],[cost[KEYWORD] AS metric_type#4, COUNT(COUNTOVERTIME_$1{r}#10,true[BOOLEAN],PT0S[TIME_DURATION]) AS cnt#5, _$packed_grouping_dims{r}#8]]
      |         \_TimeSeriesAggregate[[_tsid{m}#11],[COUNT(network.cost{f}#12,true[BOOLEAN],PT0S[TIME_DURATION]) AS COUNTOVERTIME_$1#10, PACKDIMSAGG(cluster{f}#6,true[BOOLEAN],PT0S[TIME_DURATION]) AS _$packed_dims#9, _tsid{m}#11],null,@timestamp{f}#13,TS_COMMAND]
      |           \_EsRelation[k8s][@timestamp{f}#13, client.ip{f}#14, cluster{f}#6, event{f}#15, event_city{f}#16, event_city_boundary{f}#17, event_location{f}#18, event_log{f}#19, event_shape{f}#20, events_received{f}#21, network.bytes_in{f}#22, network.cost{f}#12, network.eth0.currently_connected_clients{f}#23, network.eth0.firmware_version{f}#24, network.eth0.last_up{f}#25, network.eth0.rx{f}#26, network.eth0.tx{f}#27, network.eth0.up{f}#28, network.total_bytes_in{f}#29, network.total_bytes_out{f}#30, network.total_cost{f}#31, pod{f}#32, region{f}#33, _tsid{m}#11]
      \_Project[[metric_type{r}#34, cnt{r}#35, cluster{f}#36, _fork{r}#37]]
        \_Eval[[fork2[KEYWORD] AS _fork#37]]
          \_Project[[metric_type{r}#34, cnt{r}#35, cluster{r}#36]]
            \_UnpackDims[_$packed_grouping_dims{r}#38,[cluster{r}#36]]
              \_Aggregate[[_$packed_dims{f$}#39 AS _$packed_grouping_dims#38],[cost_max[KEYWORD] AS metric_type#34, COUNT(MAXOVERTIME_$1{r}#40,true[BOOLEAN],PT0S[TIME_DURATION]) AS cnt#35, _$packed_grouping_dims{r}#38]]
                \_TimeSeriesAggregate[[_tsid{m}#41],[MAX(network.cost{f}#42,true[BOOLEAN],PT0S[TIME_DURATION]) AS MAXOVERTIME_$1#40, PACKDIMSAGG(cluster{f}#36,true[BOOLEAN],PT0S[TIME_DURATION]) AS _$packed_dims#39, _tsid{m}#41],null,@timestamp{f}#43,TS_COMMAND]
                  \_EsRelation[k8s][@timestamp{f}#43, client.ip{f}#44, cluster{f}#36, event{f}#45, event_city{f}#46, event_city_boundary{f}#47, event_location{f}#48, event_log{f}#49, event_shape{f}#50, events_received{f}#51, network.bytes_in{f}#52, network.cost{f}#42, network.eth0.currently_connected_clients{f}#53, network.eth0.firmware_version{f}#54, network.eth0.last_up{f}#55, network.eth0.rx{f}#56, network.eth0.tx{f}#57, network.eth0.up{f}#58, network.total_bytes_in{f}#59, network.total_bytes_out{f}#60, network.total_cost{f}#61, pod{f}#62, region{f}#63, _tsid{m}#41]