[2022-03-21T09:32:41.904+0000][227][gc] Using G1
[2022-03-21T09:32:41.964+0000][227][gc,init] Version: 17.0.2+8 (release)
[2022-03-21T09:32:41.966+0000][227][gc,init] CPUs: 5 total, 5 available
[2022-03-21T09:32:41.967+0000][227][gc,init] Memory: 1988M
[2022-03-21T09:32:41.969+0000][227][gc,init] Large Page Support: Disabled
[2022-03-21T09:32:41.969+0000][227][gc,init] NUMA Support: Disabled
[2022-03-21T09:32:41.970+0000][227][gc,init] Compressed Oops: Enabled (32-bit)
[2022-03-21T09:32:41.972+0000][227][gc,init] Heap Region Size: 4M
[2022-03-21T09:32:41.973+0000][227][gc,init] Heap Min Capacity: 512M
[2022-03-21T09:32:41.975+0000][227][gc,init] Heap Initial Capacity: 512M
[2022-03-21T09:32:41.977+0000][227][gc,init] Heap Max Capacity: 512M
[2022-03-21T09:32:41.978+0000][227][gc,init] Pre-touch: Enabled
[2022-03-21T09:32:41.979+0000][227][gc,init] Parallel Workers: 5
[2022-03-21T09:32:41.980+0000][227][gc,init] Concurrent Workers: 1
[2022-03-21T09:32:41.981+0000][227][gc,init] Concurrent Refinement Workers: 5
[2022-03-21T09:32:41.984+0000][227][gc,init] Periodic GC: Disabled
[2022-03-21T09:32:41.985+0000][227][gc,metaspace] CDS archive(s) mapped at: [0x0000000800000000-0x0000000800bd2000-0x0000000800bd2000), size 12394496, SharedBaseAddress: 0x0000000800000000, ArchiveRelocationMode: 0.
[2022-03-21T09:32:41.992+0000][227][gc,metaspace] Compressed class space mapped at: 0x0000000800c00000-0x0000000840c00000, reserved size: 1073741824
[2022-03-21T09:32:41.993+0000][227][gc,metaspace] Narrow klass base: 0x0000000800000000, Narrow klass shift: 0, Narrow klass range: 0x100000000
[2022-03-21T09:32:42.182+0000][227][safepoint   ] Safepoint "ICBufferFull", Time since last: 176829834 ns, Reaching safepoint: 2249083 ns, At safepoint: 7083 ns, Total: 2256166 ns
[2022-03-21T09:32:42.185+0000][227][safepoint   ] Safepoint "ICBufferFull", Time since last: 2627875 ns, Reaching safepoint: 16792 ns, At safepoint: 1542 ns, Total: 18334 ns
[2022-03-21T09:32:42.189+0000][227][safepoint   ] Safepoint "ICBufferFull", Time since last: 3630958 ns, Reaching safepoint: 146833 ns, At safepoint: 19000 ns, Total: 165833 ns
[2022-03-21T09:32:42.190+0000][227][safepoint   ] Safepoint "ICBufferFull", Time since last: 1209209 ns, Reaching safepoint: 79916 ns, At safepoint: 240250 ns, Total: 320166 ns
[2022-03-21T09:32:42.191+0000][227][safepoint   ] Safepoint "ICBufferFull", Time since last: 1250750 ns, Reaching safepoint: 65334 ns, At safepoint: 4000 ns, Total: 69334 ns
[2022-03-21T09:32:42.221+0000][227][safepoint   ] Safepoint "ICBufferFull", Time since last: 29450625 ns, Reaching safepoint: 266708 ns, At safepoint: 12833 ns, Total: 279541 ns
[2022-03-21T09:32:42.302+0000][227][safepoint   ] Safepoint "ICBufferFull", Time since last: 80265084 ns, Reaching safepoint: 52625 ns, At safepoint: 22042 ns, Total: 74667 ns
[2022-03-21T09:32:42.466+0000][227][safepoint   ] Safepoint "ICBufferFull", Time since last: 164818541 ns, Reaching safepoint: 73125 ns, At safepoint: 1584 ns, Total: 74709 ns
[2022-03-21T09:32:42.514+0000][227][gc,start    ] GC(0) Pause Young (Normal) (G1 Evacuation Pause)
[2022-03-21T09:32:42.516+0000][227][gc,task     ] GC(0) Using 5 workers of 5 for evacuation
[2022-03-21T09:32:42.517+0000][227][gc,age      ] GC(0) Desired survivor size 2097152 bytes, new threshold 15 (max threshold 15)
[2022-03-21T09:32:42.522+0000][227][gc,age      ] GC(0) Age table with threshold 15 (max threshold 15)
[2022-03-21T09:32:42.523+0000][227][gc,age      ] GC(0) - age   1:    4171840 bytes,    4171840 total
[2022-03-21T09:32:42.523+0000][227][gc,phases   ] GC(0)   Pre Evacuate Collection Set: 0.1ms
[2022-03-21T09:32:42.524+0000][227][gc,phases   ] GC(0)   Merge Heap Roots: 0.0ms
[2022-03-21T09:32:42.526+0000][227][gc,phases   ] GC(0)   Evacuate Collection Set: 2.8ms
[2022-03-21T09:32:42.526+0000][227][gc,phases   ] GC(0)   Post Evacuate Collection Set: 0.6ms
[2022-03-21T09:32:42.528+0000][227][gc,phases   ] GC(0)   Other: 6.4ms
[2022-03-21T09:32:42.529+0000][227][gc,heap     ] GC(0) Eden regions: 6->0(5)
[2022-03-21T09:32:42.529+0000][227][gc,heap     ] GC(0) Survivor regions: 0->1(1)
[2022-03-21T09:32:42.531+0000][227][gc,heap     ] GC(0) Old regions: 0->1
[2022-03-21T09:32:42.533+0000][227][gc,heap     ] GC(0) Archive regions: 2->2
[2022-03-21T09:32:42.534+0000][227][gc,heap     ] GC(0) Humongous regions: 0->0
[2022-03-21T09:32:42.535+0000][227][gc,metaspace] GC(0) Metaspace: 8838K(9024K)->8838K(9024K) NonClass: 7831K(7936K)->7831K(7936K) Class: 1006K(1088K)->1006K(1088K)
[2022-03-21T09:32:42.536+0000][227][gc          ] GC(0) Pause Young (Normal) (G1 Evacuation Pause) 27M->8M(512M) 22.113ms
[2022-03-21T09:32:42.537+0000][227][gc,cpu      ] GC(0) User=0.01s Sys=0.00s Real=0.02s
[2022-03-21T09:32:42.537+0000][227][safepoint   ] Safepoint "G1CollectForAllocation", Time since last: 47118833 ns, Reaching safepoint: 36458 ns, At safepoint: 23891250 ns, Total: 23927708 ns
[2022-03-21T09:32:42.717+0000][227][safepoint   ] Safepoint "ICBufferFull", Time since last: 178828750 ns, Reaching safepoint: 167875 ns, At safepoint: 25042 ns, Total: 192917 ns
[2022-03-21T09:32:42.732+0000][227][gc,start    ] GC(1) Pause Young (Normal) (G1 Evacuation Pause)
[2022-03-21T09:32:42.734+0000][227][gc,task     ] GC(1) Using 5 workers of 5 for evacuation
[2022-03-21T09:32:42.735+0000][227][gc,age      ] GC(1) Desired survivor size 2097152 bytes, new threshold 1 (max threshold 15)
[2022-03-21T09:32:42.741+0000][227][gc,age      ] GC(1) Age table with threshold 1 (max threshold 15)
[2022-03-21T09:32:42.743+0000][227][gc,age      ] GC(1) - age   1:    1954896 bytes,    1954896 total
[2022-03-21T09:32:42.744+0000][227][gc,phases   ] GC(1)   Pre Evacuate Collection Set: 0.1ms
[2022-03-21T09:32:42.745+0000][227][gc,phases   ] GC(1)   Merge Heap Roots: 0.0ms
[2022-03-21T09:32:42.746+0000][227][gc,phases   ] GC(1)   Evacuate Collection Set: 4.9ms
[2022-03-21T09:32:42.747+0000][227][gc,phases   ] GC(1)   Post Evacuate Collection Set: 0.5ms
[2022-03-21T09:32:42.747+0000][227][gc,phases   ] GC(1)   Other: 6.6ms
[2022-03-21T09:32:42.749+0000][227][gc,heap     ] GC(1) Eden regions: 5->0(7)
[2022-03-21T09:32:42.750+0000][227][gc,heap     ] GC(1) Survivor regions: 1->1(1)
[2022-03-21T09:32:42.751+0000][227][gc,heap     ] GC(1) Old regions: 1->2
[2022-03-21T09:32:42.752+0000][227][gc,heap     ] GC(1) Archive regions: 2->2
[2022-03-21T09:32:42.753+0000][227][gc,heap     ] GC(1) Humongous regions: 0->0
[2022-03-21T09:32:42.754+0000][227][gc,metaspace] GC(1) Metaspace: 12358K(12544K)->12358K(12544K) NonClass: 10829K(10944K)->10829K(10944K) Class: 1529K(1600K)->1529K(1600K)
[2022-03-21T09:32:42.756+0000][227][gc          ] GC(1) Pause Young (Normal) (G1 Evacuation Pause) 28M->10M(512M) 23.793ms
[2022-03-21T09:32:42.757+0000][227][gc,cpu      ] GC(1) User=0.00s Sys=0.00s Real=0.02s
[2022-03-21T09:32:42.759+0000][227][safepoint   ] Safepoint "G1CollectForAllocation", Time since last: 15664542 ns, Reaching safepoint: 137750 ns, At safepoint: 26499583 ns, Total: 26637333 ns
[2022-03-21T09:32:43.037+0000][227][safepoint   ] Safepoint "ICBufferFull", Time since last: 277736250 ns, Reaching safepoint: 208792 ns, At safepoint: 17917 ns, Total: 226709 ns
[2022-03-21T09:32:43.154+0000][227][safepoint   ] Safepoint "ICBufferFull", Time since last: 117344416 ns, Reaching safepoint: 81417 ns, At safepoint: 10458 ns, Total: 91875 ns
[2022-03-21T09:32:43.218+0000][227][gc,start    ] GC(2) Pause Young (Normal) (G1 Evacuation Pause)
[2022-03-21T09:32:43.220+0000][227][gc,task     ] GC(2) Using 5 workers of 5 for evacuation
[2022-03-21T09:32:43.221+0000][227][gc,age      ] GC(2) Desired survivor size 2097152 bytes, new threshold 15 (max threshold 15)
[2022-03-21T09:32:43.229+0000][227][gc,age      ] GC(2) Age table with threshold 15 (max threshold 15)
[2022-03-21T09:32:43.230+0000][227][gc,age      ] GC(2) - age   1:    1108264 bytes,    1108264 total
[2022-03-21T09:32:43.231+0000][227][gc,age      ] GC(2) - age   2:    1911552 bytes,    3019816 total
[2022-03-21T09:32:43.233+0000][227][gc,phases   ] GC(2)   Pre Evacuate Collection Set: 0.1ms
[2022-03-21T09:32:43.235+0000][227][gc,phases   ] GC(2)   Merge Heap Roots: 0.0ms
[2022-03-21T09:32:43.235+0000][227][gc,phases   ] GC(2)   Evacuate Collection Set: 1.9ms
[2022-03-21T09:32:43.238+0000][227][gc,phases   ] GC(2)   Post Evacuate Collection Set: 2.5ms
[2022-03-21T09:32:43.239+0000][227][gc,phases   ] GC(2)   Other: 9.7ms
[2022-03-21T09:32:43.240+0000][227][gc,heap     ] GC(2) Eden regions: 7->0(35)
[2022-03-21T09:32:43.241+0000][227][gc,heap     ] GC(2) Survivor regions: 1->1(1)
[2022-03-21T09:32:43.242+0000][227][gc,heap     ] GC(2) Old regions: 2->2
[2022-03-21T09:32:43.243+0000][227][gc,heap     ] GC(2) Archive regions: 2->2
[2022-03-21T09:32:43.244+0000][227][gc,heap     ] GC(2) Humongous regions: 0->0
[2022-03-21T09:32:43.245+0000][227][gc,metaspace] GC(2) Metaspace: 14930K(15168K)->14930K(15168K) NonClass: 13126K(13248K)->13126K(13248K) Class: 1804K(1920K)->1804K(1920K)
[2022-03-21T09:32:43.246+0000][227][gc          ] GC(2) Pause Young (Normal) (G1 Evacuation Pause) 38M->11M(512M) 27.467ms
[2022-03-21T09:32:43.247+0000][227][gc,cpu      ] GC(2) User=0.01s Sys=0.01s Real=0.03s
[2022-03-21T09:32:43.248+0000][227][safepoint   ] Safepoint "G1CollectForAllocation", Time since last: 63965625 ns, Reaching safepoint: 131292 ns, At safepoint: 29456792 ns, Total: 29588084 ns
[2022-03-21T09:32:43.541+0000][227][safepoint   ] Safepoint "ICBufferFull", Time since last: 292454291 ns, Reaching safepoint: 239292 ns, At safepoint: 94000 ns, Total: 333292 ns
[2022-03-21T09:32:43.684+0000][227][gc,start    ] GC(3) Pause Young (Normal) (G1 Evacuation Pause)
[2022-03-21T09:32:43.685+0000][227][gc,task     ] GC(3) Using 5 workers of 5 for evacuation
[2022-03-21T09:32:43.686+0000][227][gc,age      ] GC(3) Desired survivor size 10485760 bytes, new threshold 15 (max threshold 15)
[2022-03-21T09:32:43.691+0000][227][gc,age      ] GC(3) Age table with threshold 15 (max threshold 15)
[2022-03-21T09:32:43.692+0000][227][gc,age      ] GC(3) - age   1:    3406496 bytes,    3406496 total
[2022-03-21T09:32:43.694+0000][227][gc,age      ] GC(3) - age   2:    1026000 bytes,    4432496 total
[2022-03-21T09:32:43.696+0000][227][gc,age      ] GC(3) - age   3:    1906296 bytes,    6338792 total
[2022-03-21T09:32:43.698+0000][227][gc,phases   ] GC(3)   Pre Evacuate Collection Set: 0.1ms
[2022-03-21T09:32:43.699+0000][227][gc,phases   ] GC(3)   Merge Heap Roots: 0.0ms
[2022-03-21T09:32:43.700+0000][227][gc,phases   ] GC(3)   Evacuate Collection Set: 3.1ms
[2022-03-21T09:32:43.701+0000][227][gc,phases   ] GC(3)   Post Evacuate Collection Set: 1.1ms
[2022-03-21T09:32:43.702+0000][227][gc,phases   ] GC(3)   Other: 9.7ms
[2022-03-21T09:32:43.703+0000][227][gc,heap     ] GC(3) Eden regions: 35->0(74)
[2022-03-21T09:32:43.704+0000][227][gc,heap     ] GC(3) Survivor regions: 1->2(5)
[2022-03-21T09:32:43.705+0000][227][gc,heap     ] GC(3) Old regions: 2->2
[2022-03-21T09:32:43.706+0000][227][gc,heap     ] GC(3) Archive regions: 2->2
[2022-03-21T09:32:43.707+0000][227][gc,heap     ] GC(3) Humongous regions: 0->0
[2022-03-21T09:32:43.708+0000][227][gc,metaspace] GC(3) Metaspace: 17064K(17472K)->17064K(17472K) NonClass: 15052K(15296K)->15052K(15296K) Class: 2011K(2176K)->2011K(2176K)
[2022-03-21T09:32:43.709+0000][227][gc          ] GC(3) Pause Young (Normal) (G1 Evacuation Pause) 151M->14M(512M) 25.220ms
[2022-03-21T09:32:43.710+0000][227][gc,cpu      ] GC(3) User=0.01s Sys=0.00s Real=0.02s
[2022-03-21T09:32:43.711+0000][227][safepoint   ] Safepoint "G1CollectForAllocation", Time since last: 142790750 ns, Reaching safepoint: 163917 ns, At safepoint: 27755125 ns, Total: 27919042 ns
[2022-03-21T09:32:43.879+0000][227][gc,start    ] GC(4) Pause Young (Concurrent Start) (Metadata GC Threshold)
[2022-03-21T09:32:43.881+0000][227][gc,task     ] GC(4) Using 5 workers of 5 for evacuation
[2022-03-21T09:32:43.883+0000][227][gc,age      ] GC(4) Desired survivor size 20971520 bytes, new threshold 15 (max threshold 15)
[2022-03-21T09:32:43.891+0000][227][gc,age      ] GC(4) Age table with threshold 15 (max threshold 15)
[2022-03-21T09:32:43.894+0000][227][gc,age      ] GC(4) - age   1:    1239408 bytes,    1239408 total
[2022-03-21T09:32:43.895+0000][227][gc,age      ] GC(4) - age   2:    1832032 bytes,    3071440 total
[2022-03-21T09:32:43.897+0000][227][gc,age      ] GC(4) - age   3:    1025368 bytes,    4096808 total
[2022-03-21T09:32:43.899+0000][227][gc,age      ] GC(4) - age   4:    1894952 bytes,    5991760 total
[2022-03-21T09:32:43.900+0000][227][gc,phases   ] GC(4)   Pre Evacuate Collection Set: 0.3ms
[2022-03-21T09:32:43.901+0000][227][gc,phases   ] GC(4)   Merge Heap Roots: 0.0ms
[2022-03-21T09:32:43.903+0000][227][gc,phases   ] GC(4)   Evacuate Collection Set: 5.2ms
[2022-03-21T09:32:43.904+0000][227][gc,phases   ] GC(4)   Post Evacuate Collection Set: 0.7ms
[2022-03-21T09:32:43.905+0000][227][gc,phases   ] GC(4)   Other: 14.8ms
[2022-03-21T09:32:43.905+0000][227][gc,heap     ] GC(4) Eden regions: 6->0(74)
[2022-03-21T09:32:43.907+0000][227][gc,heap     ] GC(4) Survivor regions: 2->2(10)
[2022-03-21T09:32:43.909+0000][227][gc,heap     ] GC(4) Old regions: 2->2
[2022-03-21T09:32:43.910+0000][227][gc,heap     ] GC(4) Archive regions: 2->2
[2022-03-21T09:32:43.912+0000][227][gc,heap     ] GC(4) Humongous regions: 0->0
[2022-03-21T09:32:43.913+0000][227][gc,metaspace] GC(4) Metaspace: 21161K(21504K)->21161K(21504K) NonClass: 18692K(18880K)->18692K(18880K) Class: 2468K(2624K)->2468K(2624K)
[2022-03-21T09:32:43.915+0000][227][gc          ] GC(4) Pause Young (Concurrent Start) (Metadata GC Threshold) 38M->14M(512M) 35.917ms
[2022-03-21T09:32:43.915+0000][227][gc,cpu      ] GC(4) User=0.01s Sys=0.00s Real=0.04s
[2022-03-21T09:32:43.917+0000][227][gc          ] GC(5) Concurrent Mark Cycle
[2022-03-21T09:32:43.918+0000][227][gc,marking  ] GC(5) Concurrent Clear Claimed Marks
[2022-03-21T09:32:43.917+0000][227][safepoint   ] Safepoint "CollectForMetadataAllocation", Time since last: 167137375 ns, Reaching safepoint: 184417 ns, At safepoint: 37982458 ns, Total: 38166875 ns
[2022-03-21T09:32:43.919+0000][227][gc,marking  ] GC(5) Concurrent Clear Claimed Marks 0.945ms
[2022-03-21T09:32:43.921+0000][227][gc,marking  ] GC(5) Concurrent Scan Root Regions
[2022-03-21T09:32:43.924+0000][227][gc,marking  ] GC(5) Concurrent Scan Root Regions 3.171ms
[2022-03-21T09:32:43.925+0000][227][gc,marking  ] GC(5) Concurrent Mark
[2022-03-21T09:32:43.927+0000][227][gc,marking  ] GC(5) Concurrent Mark From Roots
[2022-03-21T09:32:43.928+0000][227][gc,task     ] GC(5) Using 1 workers of 1 for marking
[2022-03-21T09:32:43.932+0000][227][gc,marking  ] GC(5) Concurrent Mark From Roots 5.704ms
[2022-03-21T09:32:43.934+0000][227][gc,marking  ] GC(5) Concurrent Preclean
[2022-03-21T09:32:43.936+0000][227][gc,marking  ] GC(5) Concurrent Preclean 2.784ms
[2022-03-21T09:32:43.938+0000][227][gc,start    ] GC(5) Pause Remark
[2022-03-21T09:32:43.943+0000][227][gc          ] GC(5) Pause Remark 26M->26M(512M) 5.078ms
[2022-03-21T09:32:43.945+0000][227][gc,cpu      ] GC(5) User=0.01s Sys=0.00s Real=0.01s
[2022-03-21T09:32:43.947+0000][227][safepoint   ] Safepoint "G1Concurrent", Time since last: 20878083 ns, Reaching safepoint: 58500 ns, At safepoint: 9948459 ns, Total: 10006959 ns
[2022-03-21T09:32:43.949+0000][227][gc,marking  ] GC(5) Concurrent Mark 23.823ms
[2022-03-21T09:32:43.950+0000][227][gc,marking  ] GC(5) Concurrent Rebuild Remembered Sets
[2022-03-21T09:32:43.953+0000][227][gc,marking  ] GC(5) Concurrent Rebuild Remembered Sets 3.476ms
[2022-03-21T09:32:43.960+0000][227][gc,start    ] GC(5) Pause Cleanup
[2022-03-21T09:32:43.962+0000][227][gc          ] GC(5) Pause Cleanup 28M->28M(512M) 2.435ms
[2022-03-21T09:32:43.964+0000][227][gc,cpu      ] GC(5) User=0.00s Sys=0.00s Real=0.01s
[2022-03-21T09:32:43.967+0000][227][safepoint   ] Safepoint "G1Concurrent", Time since last: 12028375 ns, Reaching safepoint: 352416 ns, At safepoint: 7040167 ns, Total: 7392583 ns
[2022-03-21T09:32:43.968+0000][227][gc,marking  ] GC(5) Concurrent Cleanup for Next Mark
[2022-03-21T09:32:43.970+0000][227][gc,marking  ] GC(5) Concurrent Cleanup for Next Mark 1.153ms
[2022-03-21T09:32:43.970+0000][227][gc          ] GC(5) Concurrent Mark Cycle 53.830ms
[2022-03-21T09:32:44.212+0000][227][safepoint   ] Safepoint "ICBufferFull", Time since last: 245017083 ns, Reaching safepoint: 366125 ns, At safepoint: 3834 ns, Total: 369959 ns
[2022-03-21T09:32:44.218+0000][227][safepoint   ] Safepoint "ICBufferFull", Time since last: 5507875 ns, Reaching safepoint: 78875 ns, At safepoint: 17541 ns, Total: 96416 ns
[2022-03-21T09:32:44.221+0000][227][safepoint   ] Safepoint "ICBufferFull", Time since last: 2971917 ns, Reaching safepoint: 61875 ns, At safepoint: 5208 ns, Total: 67083 ns
[2022-03-21T09:32:44.225+0000][227][safepoint   ] Safepoint "ICBufferFull", Time since last: 4092000 ns, Reaching safepoint: 212542 ns, At safepoint: 6292 ns, Total: 218834 ns
[2022-03-21T09:32:44.229+0000][227][safepoint   ] Safepoint "ICBufferFull", Time since last: 3846083 ns, Reaching safepoint: 348750 ns, At safepoint: 4708 ns, Total: 353458 ns
[2022-03-21T09:32:44.233+0000][227][safepoint   ] Safepoint "ICBufferFull", Time since last: 3074000 ns, Reaching safepoint: 45334 ns, At safepoint: 2166 ns, Total: 47500 ns
[2022-03-21T09:32:44.235+0000][227][safepoint   ] Safepoint "ICBufferFull", Time since last: 1797417 ns, Reaching safepoint: 227042 ns, At safepoint: 13041 ns, Total: 240083 ns
[2022-03-21T09:32:44.236+0000][227][safepoint   ] Safepoint "ICBufferFull", Time since last: 1274625 ns, Reaching safepoint: 274375 ns, At safepoint: 3250 ns, Total: 277625 ns
[2022-03-21T09:32:44.238+0000][227][safepoint   ] Safepoint "ICBufferFull", Time since last: 1510667 ns, Reaching safepoint: 60083 ns, At safepoint: 2959 ns, Total: 63042 ns
[2022-03-21T09:32:44.240+0000][227][safepoint   ] Safepoint "ICBufferFull", Time since last: 1896500 ns, Reaching safepoint: 52958 ns, At safepoint: 2000 ns, Total: 54958 ns
[2022-03-21T09:32:44.296+0000][227][safepoint   ] Safepoint "ICBufferFull", Time since last: 56484250 ns, Reaching safepoint: 60083 ns, At safepoint: 2125 ns, Total: 62208 ns
[2022-03-21T09:32:44.518+0000][227][gc,start    ] GC(6) Pause Young (Normal) (G1 Evacuation Pause)
[2022-03-21T09:32:44.519+0000][227][gc,task     ] GC(6) Using 5 workers of 5 for evacuation
[2022-03-21T09:32:44.520+0000][227][gc,age      ] GC(6) Desired survivor size 20971520 bytes, new threshold 15 (max threshold 15)
[2022-03-21T09:32:44.525+0000][227][gc,age      ] GC(6) Age table with threshold 15 (max threshold 15)
[2022-03-21T09:32:44.526+0000][227][gc,age      ] GC(6) - age   1:    6100256 bytes,    6100256 total
[2022-03-21T09:32:44.528+0000][227][gc,age      ] GC(6) - age   2:    1232072 bytes,    7332328 total
[2022-03-21T09:32:44.529+0000][227][gc,age      ] GC(6) - age   3:    1828224 bytes,    9160552 total
[2022-03-21T09:32:44.530+0000][227][gc,age      ] GC(6) - age   4:    1022544 bytes,   10183096 total
[2022-03-21T09:32:44.532+0000][227][gc,age      ] GC(6) - age   5:    1894024 bytes,   12077120 total
[2022-03-21T09:32:44.534+0000][227][gc,phases   ] GC(6)   Pre Evacuate Collection Set: 0.2ms
[2022-03-21T09:32:44.535+0000][227][gc,phases   ] GC(6)   Merge Heap Roots: 0.1ms
[2022-03-21T09:32:44.536+0000][227][gc,phases   ] GC(6)   Evacuate Collection Set: 2.7ms
[2022-03-21T09:32:44.537+0000][227][gc,phases   ] GC(6)   Post Evacuate Collection Set: 0.8ms
[2022-03-21T09:32:44.538+0000][227][gc,phases   ] GC(6)   Other: 12.1ms
[2022-03-21T09:32:44.540+0000][227][gc,heap     ] GC(6) Eden regions: 74->0(73)
[2022-03-21T09:32:44.541+0000][227][gc,heap     ] GC(6) Survivor regions: 2->3(10)
[2022-03-21T09:32:44.542+0000][227][gc,heap     ] GC(6) Old regions: 2->2
[2022-03-21T09:32:44.544+0000][227][gc,heap     ] GC(6) Archive regions: 2->2
[2022-03-21T09:32:44.545+0000][227][gc,heap     ] GC(6) Humongous regions: 0->0
[2022-03-21T09:32:44.546+0000][227][gc,metaspace] GC(6) Metaspace: 23602K(24064K)->23602K(24064K) NonClass: 20754K(20992K)->20754K(20992K) Class: 2848K(3072K)->2848K(3072K)
[2022-03-21T09:32:44.547+0000][227][gc          ] GC(6) Pause Young (Normal) (G1 Evacuation Pause) 310M->20M(512M) 29.602ms
[2022-03-21T09:32:44.548+0000][227][gc,cpu      ] GC(6) User=0.02s Sys=0.01s Real=0.03s
[2022-03-21T09:32:44.550+0000][227][safepoint   ] Safepoint "G1CollectForAllocation", Time since last: 221313126 ns, Reaching safepoint: 124083 ns, At safepoint: 31961750 ns, Total: 32085833 ns
[2022-03-21T09:32:44.830+0000][227][safepoint   ] Safepoint "ICBufferFull", Time since last: 280311708 ns, Reaching safepoint: 266084 ns, At safepoint: 3583 ns, Total: 269667 ns
[2022-03-21T09:32:45.003+0000][227][safepoint   ] Safepoint "ICBufferFull", Time since last: 170694750 ns, Reaching safepoint: 2366292 ns, At safepoint: 21208 ns, Total: 2387500 ns
[2022-03-21T09:32:45.053+0000][227][gc,start    ] GC(7) Pause Young (Normal) (G1 Evacuation Pause)
[2022-03-21T09:32:45.054+0000][227][gc,task     ] GC(7) Using 5 workers of 5 for evacuation
[2022-03-21T09:32:45.055+0000][227][gc,age      ] GC(7) Desired survivor size 20971520 bytes, new threshold 15 (max threshold 15)
[2022-03-21T09:32:45.070+0000][227][gc,age      ] GC(7) Age table with threshold 15 (max threshold 15)
[2022-03-21T09:32:45.072+0000][227][gc,age      ] GC(7) - age   1:    5347368 bytes,    5347368 total
[2022-03-21T09:32:45.073+0000][227][gc,age      ] GC(7) - age   2:    5742400 bytes,   11089768 total
[2022-03-21T09:32:45.074+0000][227][gc,age      ] GC(7) - age   3:    1230136 bytes,   12319904 total
[2022-03-21T09:32:45.075+0000][227][gc,age      ] GC(7) - age   4:    1825568 bytes,   14145472 total
[2022-03-21T09:32:45.075+0000][227][gc,age      ] GC(7) - age   5:    1002640 bytes,   15148112 total
[2022-03-21T09:32:45.076+0000][227][gc,age      ] GC(7) - age   6:    1891296 bytes,   17039408 total
[2022-03-21T09:32:45.077+0000][227][gc,phases   ] GC(7)   Pre Evacuate Collection Set: 0.1ms
[2022-03-21T09:32:45.078+0000][227][gc,phases   ] GC(7)   Merge Heap Roots: 0.0ms
[2022-03-21T09:32:45.079+0000][227][gc,phases   ] GC(7)   Evacuate Collection Set: 8.8ms
[2022-03-21T09:32:45.080+0000][227][gc,phases   ] GC(7)   Post Evacuate Collection Set: 5.7ms
[2022-03-21T09:32:45.081+0000][227][gc,phases   ] GC(7)   Other: 10.0ms
[2022-03-21T09:32:45.082+0000][227][gc,heap     ] GC(7) Eden regions: 73->0(71)
[2022-03-21T09:32:45.083+0000][227][gc,heap     ] GC(7) Survivor regions: 3->5(10)
[2022-03-21T09:32:45.083+0000][227][gc,heap     ] GC(7) Old regions: 2->2
[2022-03-21T09:32:45.084+0000][227][gc,heap     ] GC(7) Archive regions: 2->2
[2022-03-21T09:32:45.084+0000][227][gc,heap     ] GC(7) Humongous regions: 0->0
[2022-03-21T09:32:45.085+0000][227][gc,metaspace] GC(7) Metaspace: 29498K(30144K)->29498K(30144K) NonClass: 25966K(26304K)->25966K(26304K) Class: 3531K(3840K)->3531K(3840K)
[2022-03-21T09:32:45.086+0000][227][gc          ] GC(7) Pause Young (Normal) (G1 Evacuation Pause) 312M->25M(512M) 33.360ms
[2022-03-21T09:32:45.087+0000][227][gc,cpu      ] GC(7) User=0.03s Sys=0.00s Real=0.03s
[2022-03-21T09:32:45.088+0000][227][safepoint   ] Safepoint "G1CollectForAllocation", Time since last: 49443625 ns, Reaching safepoint: 57084 ns, At safepoint: 35279916 ns, Total: 35337000 ns
[2022-03-21T09:32:45.403+0000][227][safepoint   ] Safepoint "ICBufferFull", Time since last: 314322375 ns, Reaching safepoint: 125959 ns, At safepoint: 15333 ns, Total: 141292 ns
[2022-03-21T09:32:45.425+0000][227][gc,start    ] GC(8) Pause Young (Normal) (G1 Evacuation Pause)
[2022-03-21T09:32:45.426+0000][227][gc,task     ] GC(8) Using 5 workers of 5 for evacuation
[2022-03-21T09:32:45.427+0000][227][gc,age      ] GC(8) Desired survivor size 20971520 bytes, new threshold 15 (max threshold 15)
[2022-03-21T09:32:45.437+0000][227][gc,age      ] GC(8) Age table with threshold 15 (max threshold 15)
[2022-03-21T09:32:45.439+0000][227][gc,age      ] GC(8) - age   1:    3556288 bytes,    3556288 total
[2022-03-21T09:32:45.440+0000][227][gc,age      ] GC(8) - age   2:    3210536 bytes,    6766824 total
[2022-03-21T09:32:45.441+0000][227][gc,age      ] GC(8) - age   3:    5741128 bytes,   12507952 total
[2022-03-21T09:32:45.443+0000][227][gc,age      ] GC(8) - age   4:    1230136 bytes,   13738088 total
[2022-03-21T09:32:45.444+0000][227][gc,age      ] GC(8) - age   5:    1825360 bytes,   15563448 total
[2022-03-21T09:32:45.446+0000][227][gc,age      ] GC(8) - age   6:    1002352 bytes,   16565800 total
[2022-03-21T09:32:45.447+0000][227][gc,age      ] GC(8) - age   7:    1888640 bytes,   18454440 total
[2022-03-21T09:32:45.449+0000][227][gc,phases   ] GC(8)   Pre Evacuate Collection Set: 2.8ms
[2022-03-21T09:32:45.451+0000][227][gc,phases   ] GC(8)   Merge Heap Roots: 0.0ms
[2022-03-21T09:32:45.452+0000][227][gc,phases   ] GC(8)   Evacuate Collection Set: 5.3ms
[2022-03-21T09:32:45.453+0000][227][gc,phases   ] GC(8)   Post Evacuate Collection Set: 0.7ms
[2022-03-21T09:32:45.454+0000][227][gc,phases   ] GC(8)   Other: 14.8ms
[2022-03-21T09:32:45.456+0000][227][gc,heap     ] GC(8) Eden regions: 71->0(71)
[2022-03-21T09:32:45.457+0000][227][gc,heap     ] GC(8) Survivor regions: 5->5(10)
[2022-03-21T09:32:45.459+0000][227][gc,heap     ] GC(8) Old regions: 2->2
[2022-03-21T09:32:45.461+0000][227][gc,heap     ] GC(8) Archive regions: 2->2
[2022-03-21T09:32:45.462+0000][227][gc,heap     ] GC(8) Humongous regions: 0->0
[2022-03-21T09:32:45.465+0000][227][gc,metaspace] GC(8) Metaspace: 31173K(31936K)->31173K(31936K) NonClass: 27400K(27840K)->27400K(27840K) Class: 3773K(4096K)->3773K(4096K)
[2022-03-21T09:32:45.466+0000][227][gc          ] GC(8) Pause Young (Normal) (G1 Evacuation Pause) 309M->27M(512M) 41.167ms
[2022-03-21T09:32:45.467+0000][227][gc,cpu      ] GC(8) User=0.03s Sys=0.00s Real=0.04s
[2022-03-21T09:32:45.469+0000][227][safepoint   ] Safepoint "G1CollectForAllocation", Time since last: 22637667 ns, Reaching safepoint: 34541 ns, At safepoint: 43441167 ns, Total: 43475708 ns
[2022-03-21T09:32:45.710+0000][227][safepoint   ] Safepoint "ICBufferFull", Time since last: 241517333 ns, Reaching safepoint: 177625 ns, At safepoint: 3292 ns, Total: 180917 ns
[2022-03-21T09:32:45.806+0000][227][safepoint   ] Safepoint "ICBufferFull", Time since last: 95574125 ns, Reaching safepoint: 244167 ns, At safepoint: 4208 ns, Total: 248375 ns
[2022-03-21T09:32:45.908+0000][227][safepoint   ] Safepoint "ICBufferFull", Time since last: 102148375 ns, Reaching safepoint: 180167 ns, At safepoint: 27708 ns, Total: 207875 ns
[2022-03-21T09:32:45.926+0000][227][safepoint   ] Safepoint "ICBufferFull", Time since last: 17330459 ns, Reaching safepoint: 52833 ns, At safepoint: 2333 ns, Total: 55166 ns
[2022-03-21T09:32:45.928+0000][227][safepoint   ] Safepoint "ICBufferFull", Time since last: 2555000 ns, Reaching safepoint: 43584 ns, At safepoint: 2125 ns, Total: 45709 ns
[2022-03-21T09:32:45.935+0000][227][safepoint   ] Safepoint "ICBufferFull", Time since last: 6903541 ns, Reaching safepoint: 42709 ns, At safepoint: 2333 ns, Total: 45042 ns
[2022-03-21T09:32:45.937+0000][227][safepoint   ] Safepoint "ICBufferFull", Time since last: 1922125 ns, Reaching safepoint: 36375 ns, At safepoint: 1250 ns, Total: 37625 ns
[2022-03-21T09:32:45.939+0000][227][safepoint   ] Safepoint "ICBufferFull", Time since last: 1141458 ns, Reaching safepoint: 274125 ns, At safepoint: 2042 ns, Total: 276167 ns
[2022-03-21T09:32:45.940+0000][227][safepoint   ] Safepoint "ICBufferFull", Time since last: 1404458 ns, Reaching safepoint: 39334 ns, At safepoint: 1666 ns, Total: 41000 ns
[2022-03-21T09:32:45.942+0000][227][safepoint   ] Safepoint "ICBufferFull", Time since last: 1149334 ns, Reaching safepoint: 222708 ns, At safepoint: 3375 ns, Total: 226083 ns
[2022-03-21T09:32:45.947+0000][227][gc,start    ] GC(9) Pause Young (Concurrent Start) (Metadata GC Threshold)
[2022-03-21T09:32:45.948+0000][227][gc,task     ] GC(9) Using 5 workers of 5 for evacuation
[2022-03-21T09:32:45.948+0000][227][gc,age      ] GC(9) Desired survivor size 20971520 bytes, new threshold 15 (max threshold 15)
[2022-03-21T09:32:45.957+0000][227][gc,age      ] GC(9) Age table with threshold 15 (max threshold 15)
[2022-03-21T09:32:45.958+0000][227][gc,age      ] GC(9) - age   1:    2203136 bytes,    2203136 total
[2022-03-21T09:32:45.959+0000][227][gc,age      ] GC(9) - age   2:    2764664 bytes,    4967800 total
[2022-03-21T09:32:45.961+0000][227][gc,age      ] GC(9) - age   3:    3198584 bytes,    8166384 total
[2022-03-21T09:32:45.962+0000][227][gc,age      ] GC(9) - age   4:    5721632 bytes,   13888016 total
[2022-03-21T09:32:45.964+0000][227][gc,age      ] GC(9) - age   5:    1208864 bytes,   15096880 total
[2022-03-21T09:32:45.966+0000][227][gc,age      ] GC(9) - age   6:    1757104 bytes,   16853984 total
[2022-03-21T09:32:45.966+0000][227][gc,age      ] GC(9) - age   7:    1000560 bytes,   17854544 total
[2022-03-21T09:32:45.967+0000][227][gc,age      ] GC(9) - age   8:    1884960 bytes,   19739504 total
[2022-03-21T09:32:45.968+0000][227][gc,phases   ] GC(9)   Pre Evacuate Collection Set: 0.1ms
[2022-03-21T09:32:45.968+0000][227][gc,phases   ] GC(9)   Merge Heap Roots: 0.2ms
[2022-03-21T09:32:45.969+0000][227][gc,phases   ] GC(9)   Evacuate Collection Set: 5.2ms
[2022-03-21T09:32:45.970+0000][227][gc,phases   ] GC(9)   Post Evacuate Collection Set: 2.1ms
[2022-03-21T09:32:45.971+0000][227][gc,phases   ] GC(9)   Other: 13.2ms
[2022-03-21T09:32:45.972+0000][227][gc,heap     ] GC(9) Eden regions: 60->0(71)
[2022-03-21T09:32:45.973+0000][227][gc,heap     ] GC(9) Survivor regions: 5->5(10)
[2022-03-21T09:32:45.974+0000][227][gc,heap     ] GC(9) Old regions: 2->2
[2022-03-21T09:32:45.975+0000][227][gc,heap     ] GC(9) Archive regions: 2->2
[2022-03-21T09:32:45.976+0000][227][gc,heap     ] GC(9) Humongous regions: 0->0
[2022-03-21T09:32:45.977+0000][227][gc,metaspace] GC(9) Metaspace: 35373K(36096K)->35373K(36096K) NonClass: 31008K(31424K)->31008K(31424K) Class: 4365K(4672K)->4365K(4672K)
[2022-03-21T09:32:45.978+0000][227][gc          ] GC(9) Pause Young (Concurrent Start) (Metadata GC Threshold) 267M->27M(512M) 31.327ms
[2022-03-21T09:32:45.980+0000][227][gc,cpu      ] GC(9) User=0.02s Sys=0.00s Real=0.03s
[2022-03-21T09:32:45.981+0000][227][gc          ] GC(10) Concurrent Mark Cycle
[2022-03-21T09:32:45.981+0000][227][gc,marking  ] GC(10) Concurrent Clear Claimed Marks
[2022-03-21T09:32:45.982+0000][227][gc,marking  ] GC(10) Concurrent Clear Claimed Marks 1.044ms
[2022-03-21T09:32:45.984+0000][227][gc,marking  ] GC(10) Concurrent Scan Root Regions
[2022-03-21T09:32:45.981+0000][227][safepoint   ] Safepoint "CollectForMetadataAllocation", Time since last: 4760417 ns, Reaching safepoint: 389625 ns, At safepoint: 33948000 ns, Total: 34337625 ns
[2022-03-21T09:32:45.990+0000][227][gc,marking  ] GC(10) Concurrent Scan Root Regions 6.075ms
[2022-03-21T09:32:45.991+0000][227][gc,marking  ] GC(10) Concurrent Mark
[2022-03-21T09:32:45.992+0000][227][gc,marking  ] GC(10) Concurrent Mark From Roots
[2022-03-21T09:32:45.993+0000][227][gc,task     ] GC(10) Using 1 workers of 1 for marking
[2022-03-21T09:32:45.998+0000][227][gc,marking  ] GC(10) Concurrent Mark From Roots 5.314ms
[2022-03-21T09:32:45.999+0000][227][gc,marking  ] GC(10) Concurrent Preclean
[2022-03-21T09:32:46.001+0000][227][gc,marking  ] GC(10) Concurrent Preclean 1.810ms
[2022-03-21T09:32:46.002+0000][227][gc,start    ] GC(10) Pause Remark
[2022-03-21T09:32:46.007+0000][227][gc          ] GC(10) Pause Remark 29M->29M(512M) 5.123ms
[2022-03-21T09:32:46.008+0000][227][gc,cpu      ] GC(10) User=0.01s Sys=0.01s Real=0.01s
[2022-03-21T09:32:46.009+0000][227][safepoint   ] Safepoint "G1Concurrent", Time since last: 21172791 ns, Reaching safepoint: 82167 ns, At safepoint: 7479542 ns, Total: 7561709 ns
[2022-03-21T09:32:46.011+0000][227][gc,marking  ] GC(10) Concurrent Mark 19.447ms
[2022-03-21T09:32:46.011+0000][227][gc,marking  ] GC(10) Concurrent Rebuild Remembered Sets
[2022-03-21T09:32:46.015+0000][227][gc,marking  ] GC(10) Concurrent Rebuild Remembered Sets 3.576ms
[2022-03-21T09:32:46.016+0000][227][gc,start    ] GC(10) Pause Cleanup
[2022-03-21T09:32:46.017+0000][227][gc          ] GC(10) Pause Cleanup 29M->29M(512M) 1.157ms
[2022-03-21T09:32:46.019+0000][227][gc,cpu      ] GC(10) User=0.00s Sys=0.00s Real=0.00s
[2022-03-21T09:32:46.019+0000][227][safepoint   ] Safepoint "G1Concurrent", Time since last: 6285666 ns, Reaching safepoint: 310042 ns, At safepoint: 3424333 ns, Total: 3734375 ns
[2022-03-21T09:32:46.020+0000][227][gc,marking  ] GC(10) Concurrent Cleanup for Next Mark
[2022-03-21T09:32:46.022+0000][227][gc,marking  ] GC(10) Concurrent Cleanup for Next Mark 1.808ms
[2022-03-21T09:32:46.024+0000][227][gc          ] GC(10) Concurrent Mark Cycle 43.712ms
[2022-03-21T09:32:46.040+0000][227][safepoint   ] Safepoint "ICBufferFull", Time since last: 20284417 ns, Reaching safepoint: 116542 ns, At safepoint: 3583 ns, Total: 120125 ns
[2022-03-21T09:32:46.042+0000][227][safepoint   ] Safepoint "ICBufferFull", Time since last: 2038417 ns, Reaching safepoint: 73500 ns, At safepoint: 2208 ns, Total: 75708 ns
[2022-03-21T09:32:46.043+0000][227][safepoint   ] Safepoint "ICBufferFull", Time since last: 1362958 ns, Reaching safepoint: 47167 ns, At safepoint: 3042 ns, Total: 50209 ns
[2022-03-21T09:32:46.068+0000][227][safepoint   ] Safepoint "ICBufferFull", Time since last: 24493875 ns, Reaching safepoint: 33500 ns, At safepoint: 1708 ns, Total: 35208 ns
[2022-03-21T09:32:46.074+0000][227][safepoint   ] Safepoint "ICBufferFull", Time since last: 6379333 ns, Reaching safepoint: 134209 ns, At safepoint: 16916 ns, Total: 151125 ns
[2022-03-21T09:32:46.082+0000][227][safepoint   ] Safepoint "ICBufferFull", Time since last: 7333334 ns, Reaching safepoint: 43833 ns, At safepoint: 1542 ns, Total: 45375 ns
[2022-03-21T09:32:46.094+0000][227][safepoint   ] Safepoint "ICBufferFull", Time since last: 12530000 ns, Reaching safepoint: 107250 ns, At safepoint: 5833 ns, Total: 113083 ns
[2022-03-21T09:32:46.101+0000][227][safepoint   ] Safepoint "ICBufferFull", Time since last: 6755583 ns, Reaching safepoint: 142209 ns, At safepoint: 58500 ns, Total: 200709 ns
[2022-03-21T09:32:46.103+0000][227][safepoint   ] Safepoint "ICBufferFull", Time since last: 1540500 ns, Reaching safepoint: 156208 ns, At safepoint: 3042 ns, Total: 159250 ns
[2022-03-21T09:32:46.105+0000][227][safepoint   ] Safepoint "ICBufferFull", Time since last: 1313375 ns, Reaching safepoint: 85083 ns, At safepoint: 3167 ns, Total: 88250 ns
[2022-03-21T09:32:46.109+0000][227][safepoint   ] Safepoint "ICBufferFull", Time since last: 4821333 ns, Reaching safepoint: 93458 ns, At safepoint: 2500 ns, Total: 95958 ns
[2022-03-21T09:32:46.159+0000][227][safepoint   ] Safepoint "ICBufferFull", Time since last: 49484334 ns, Reaching safepoint: 299875 ns, At safepoint: 5083 ns, Total: 304958 ns
[2022-03-21T09:32:46.169+0000][227][safepoint   ] Safepoint "ICBufferFull", Time since last: 10105208 ns, Reaching safepoint: 80375 ns, At safepoint: 3584 ns, Total: 83959 ns
[2022-03-21T09:32:46.171+0000][227][safepoint   ] Safepoint "ICBufferFull", Time since last: 1311333 ns, Reaching safepoint: 97042 ns, At safepoint: 5291 ns, Total: 102333 ns
[2022-03-21T09:32:46.173+0000][227][safepoint   ] Safepoint "ICBufferFull", Time since last: 1524792 ns, Reaching safepoint: 133083 ns, At safepoint: 3125 ns, Total: 136208 ns
[2022-03-21T09:32:46.175+0000][227][safepoint   ] Safepoint "ICBufferFull", Time since last: 2381209 ns, Reaching safepoint: 54750 ns, At safepoint: 7416 ns, Total: 62166 ns
[2022-03-21T09:32:46.177+0000][227][safepoint   ] Safepoint "ICBufferFull", Time since last: 1720750 ns, Reaching safepoint: 40584 ns, At safepoint: 1500 ns, Total: 42084 ns
[2022-03-21T09:32:46.178+0000][227][safepoint   ] Safepoint "ICBufferFull", Time since last: 956916 ns, Reaching safepoint: 26167 ns, At safepoint: 1083 ns, Total: 27250 ns
[2022-03-21T09:32:46.191+0000][227][safepoint   ] Safepoint "ICBufferFull", Time since last: 13230959 ns, Reaching safepoint: 191916 ns, At safepoint: 5584 ns, Total: 197500 ns
[2022-03-21T09:32:46.193+0000][227][safepoint   ] Safepoint "ICBufferFull", Time since last: 1452250 ns, Reaching safepoint: 92208 ns, At safepoint: 4250 ns, Total: 96458 ns
[2022-03-21T09:32:46.194+0000][227][safepoint   ] Safepoint "ICBufferFull", Time since last: 1014500 ns, Reaching safepoint: 36250 ns, At safepoint: 1875 ns, Total: 38125 ns
[2022-03-21T09:32:46.195+0000][227][safepoint   ] Safepoint "ICBufferFull", Time since last: 999083 ns, Reaching safepoint: 14375 ns, At safepoint: 1209 ns, Total: 15584 ns
[2022-03-21T09:32:46.237+0000][227][safepoint   ] Safepoint "ICBufferFull", Time since last: 42521791 ns, Reaching safepoint: 40834 ns, At safepoint: 1791 ns, Total: 42625 ns
[2022-03-21T09:32:46.241+0000][227][safepoint   ] Safepoint "ICBufferFull", Time since last: 3454167 ns, Reaching safepoint: 360583 ns, At safepoint: 3542 ns, Total: 364125 ns
[2022-03-21T09:32:46.243+0000][227][safepoint   ] Safepoint "ICBufferFull", Time since last: 1437917 ns, Reaching safepoint: 36000 ns, At safepoint: 2333 ns, Total: 38333 ns
[2022-03-21T09:32:46.246+0000][227][safepoint   ] Safepoint "ICBufferFull", Time since last: 3110833 ns, Reaching safepoint: 47459 ns, At safepoint: 1541 ns, Total: 49000 ns
[2022-03-21T09:32:46.248+0000][227][safepoint   ] Safepoint "ICBufferFull", Time since last: 2524667 ns, Reaching safepoint: 101625 ns, At safepoint: 5083 ns, Total: 106708 ns
[2022-03-21T09:32:46.251+0000][227][safepoint   ] Safepoint "ICBufferFull", Time since last: 2154125 ns, Reaching safepoint: 493042 ns, At safepoint: 4000 ns, Total: 497042 ns
[2022-03-21T09:32:46.253+0000][227][safepoint   ] Safepoint "ICBufferFull", Time since last: 1482958 ns, Reaching safepoint: 54042 ns, At safepoint: 2917 ns, Total: 56959 ns
[2022-03-21T09:32:46.254+0000][227][safepoint   ] Safepoint "ICBufferFull", Time since last: 1543625 ns, Reaching safepoint: 42750 ns, At safepoint: 1875 ns, Total: 44625 ns
[2022-03-21T09:32:46.256+0000][227][safepoint   ] Safepoint "ICBufferFull", Time since last: 1648125 ns, Reaching safepoint: 105875 ns, At safepoint: 2833 ns, Total: 108708 ns
[2022-03-21T09:32:46.257+0000][227][safepoint   ] Safepoint "ICBufferFull", Time since last: 1434792 ns, Reaching safepoint: 45083 ns, At safepoint: 1667 ns, Total: 46750 ns
[2022-03-21T09:32:46.259+0000][227][safepoint   ] Safepoint "ICBufferFull", Time since last: 1383791 ns, Reaching safepoint: 264709 ns, At safepoint: 2916 ns, Total: 267625 ns
[2022-03-21T09:32:46.261+0000][227][safepoint   ] Safepoint "ICBufferFull", Time since last: 1572959 ns, Reaching safepoint: 170916 ns, At safepoint: 2500 ns, Total: 173416 ns
[2022-03-21T09:32:46.262+0000][227][safepoint   ] Safepoint "ICBufferFull", Time since last: 1350542 ns, Reaching safepoint: 62542 ns, At safepoint: 3375 ns, Total: 65917 ns
[2022-03-21T09:32:46.263+0000][227][safepoint   ] Safepoint "ICBufferFull", Time since last: 1117916 ns, Reaching safepoint: 43292 ns, At safepoint: 1625 ns, Total: 44917 ns
[2022-03-21T09:32:46.265+0000][227][safepoint   ] Safepoint "ICBufferFull", Time since last: 1324792 ns, Reaching safepoint: 493791 ns, At safepoint: 3709 ns, Total: 497500 ns
[2022-03-21T09:32:46.267+0000][227][safepoint   ] Safepoint "ICBufferFull", Time since last: 1386916 ns, Reaching safepoint: 93167 ns, At safepoint: 1500 ns, Total: 94667 ns
[2022-03-21T09:32:46.268+0000][227][safepoint   ] Safepoint "ICBufferFull", Time since last: 1513125 ns, Reaching safepoint: 78958 ns, At safepoint: 2250 ns, Total: 81208 ns
[2022-03-21T09:32:46.270+0000][227][safepoint   ] Safepoint "ICBufferFull", Time since last: 1641709 ns, Reaching safepoint: 67666 ns, At safepoint: 2875 ns, Total: 70541 ns
[2022-03-21T09:32:46.272+0000][227][safepoint   ] Safepoint "ICBufferFull", Time since last: 1447875 ns, Reaching safepoint: 135792 ns, At safepoint: 1625 ns, Total: 137417 ns
[2022-03-21T09:32:46.273+0000][227][safepoint   ] Safepoint "ICBufferFull", Time since last: 1064333 ns, Reaching safepoint: 179084 ns, At safepoint: 2083 ns, Total: 181167 ns
[2022-03-21T09:32:46.274+0000][227][safepoint   ] Safepoint "ICBufferFull", Time since last: 884667 ns, Reaching safepoint: 81500 ns, At safepoint: 13333 ns, Total: 94833 ns
[2022-03-21T09:32:46.275+0000][227][safepoint   ] Safepoint "ICBufferFull", Time since last: 1139792 ns, Reaching safepoint: 333000 ns, At safepoint: 10750 ns, Total: 343750 ns
[2022-03-21T09:32:46.276+0000][227][safepoint   ] Safepoint "ICBufferFull", Time since last: 1163791 ns, Reaching safepoint: 26250 ns, At safepoint: 1375 ns, Total: 27625 ns
[2022-03-21T09:32:46.278+0000][227][safepoint   ] Safepoint "ICBufferFull", Time since last: 1711292 ns, Reaching safepoint: 192625 ns, At safepoint: 13000 ns, Total: 205625 ns
[2022-03-21T09:32:46.282+0000][227][safepoint   ] Safepoint "ICBufferFull", Time since last: 2345917 ns, Reaching safepoint: 947416 ns, At safepoint: 21292 ns, Total: 968708 ns
[2022-03-21T09:32:46.285+0000][227][safepoint   ] Safepoint "ICBufferFull", Time since last: 3204542 ns, Reaching safepoint: 23291 ns, At safepoint: 1709 ns, Total: 25000 ns
[2022-03-21T09:32:46.287+0000][227][safepoint   ] Safepoint "ICBufferFull", Time since last: 1348000 ns, Reaching safepoint: 237000 ns, At safepoint: 3083 ns, Total: 240083 ns
[2022-03-21T09:32:46.289+0000][227][safepoint   ] Safepoint "ICBufferFull", Time since last: 2217292 ns, Reaching safepoint: 189875 ns, At safepoint: 3500 ns, Total: 193375 ns
[2022-03-21T09:32:46.291+0000][227][safepoint   ] Safepoint "ICBufferFull", Time since last: 1935125 ns, Reaching safepoint: 103791 ns, At safepoint: 2792 ns, Total: 106583 ns
[2022-03-21T09:32:46.294+0000][227][safepoint   ] Safepoint "ICBufferFull", Time since last: 2650750 ns, Reaching safepoint: 67125 ns, At safepoint: 7417 ns, Total: 74542 ns
[2022-03-21T09:32:46.295+0000][227][safepoint   ] Safepoint "ICBufferFull", Time since last: 1663666 ns, Reaching safepoint: 52167 ns, At safepoint: 2000 ns, Total: 54167 ns
[2022-03-21T09:32:46.298+0000][227][safepoint   ] Safepoint "ICBufferFull", Time since last: 2300083 ns, Reaching safepoint: 83500 ns, At safepoint: 18167 ns, Total: 101667 ns
[2022-03-21T09:32:46.300+0000][227][safepoint   ] Safepoint "ICBufferFull", Time since last: 2336083 ns, Reaching safepoint: 54084 ns, At safepoint: 1791 ns, Total: 55875 ns
[2022-03-21T09:32:46.302+0000][227][safepoint   ] Safepoint "ICBufferFull", Time since last: 1813417 ns, Reaching safepoint: 140417 ns, At safepoint: 2916 ns, Total: 143333 ns
[2022-03-21T09:32:46.303+0000][227][safepoint   ] Safepoint "ICBufferFull", Time since last: 1028209 ns, Reaching safepoint: 40916 ns, At safepoint: 2542 ns, Total: 43458 ns
[2022-03-21T09:32:46.305+0000][227][safepoint   ] Safepoint "ICBufferFull", Time since last: 1935333 ns, Reaching safepoint: 95250 ns, At safepoint: 3084 ns, Total: 98334 ns
[2022-03-21T09:32:46.307+0000][227][safepoint   ] Safepoint "ICBufferFull", Time since last: 1444291 ns, Reaching safepoint: 86459 ns, At safepoint: 2750 ns, Total: 89209 ns
[2022-03-21T09:32:46.309+0000][227][safepoint   ] Safepoint "ICBufferFull", Time since last: 1678125 ns, Reaching safepoint: 69416 ns, At safepoint: 5959 ns, Total: 75375 ns
[2022-03-21T09:32:46.310+0000][227][safepoint   ] Safepoint "ICBufferFull", Time since last: 1721208 ns, Reaching safepoint: 86833 ns, At safepoint: 3167 ns, Total: 90000 ns
[2022-03-21T09:32:46.312+0000][227][safepoint   ] Safepoint "ICBufferFull", Time since last: 1438333 ns, Reaching safepoint: 136334 ns, At safepoint: 2833 ns, Total: 139167 ns
[2022-03-21T09:32:46.314+0000][227][safepoint   ] Safepoint "ICBufferFull", Time since last: 1835292 ns, Reaching safepoint: 128916 ns, At safepoint: 5209 ns, Total: 134125 ns
[2022-03-21T09:32:46.317+0000][227][safepoint   ] Safepoint "ICBufferFull", Time since last: 3372041 ns, Reaching safepoint: 111084 ns, At safepoint: 5166 ns, Total: 116250 ns
[2022-03-21T09:32:46.320+0000][227][safepoint   ] Safepoint "ICBufferFull", Time since last: 1974542 ns, Reaching safepoint: 285083 ns, At safepoint: 4209 ns, Total: 289292 ns
[2022-03-21T09:32:46.321+0000][227][safepoint   ] Safepoint "ICBufferFull", Time since last: 1530375 ns, Reaching safepoint: 70666 ns, At safepoint: 4292 ns, Total: 74958 ns
[2022-03-21T09:32:46.323+0000][227][safepoint   ] Safepoint "ICBufferFull", Time since last: 1464875 ns, Reaching safepoint: 42083 ns, At safepoint: 1959 ns, Total: 44042 ns
[2022-03-21T09:32:46.325+0000][227][safepoint   ] Safepoint "ICBufferFull", Time since last: 1633500 ns, Reaching safepoint: 147750 ns, At safepoint: 2916 ns, Total: 150666 ns
[2022-03-21T09:32:46.326+0000][227][safepoint   ] Safepoint "ICBufferFull", Time since last: 1714917 ns, Reaching safepoint: 91208 ns, At safepoint: 3042 ns, Total: 94250 ns
[2022-03-21T09:32:46.329+0000][227][safepoint   ] Safepoint "ICBufferFull", Time since last: 2451667 ns, Reaching safepoint: 406000 ns, At safepoint: 4041 ns, Total: 410041 ns
[2022-03-21T09:32:46.335+0000][227][safepoint   ] Safepoint "ICBufferFull", Time since last: 5201084 ns, Reaching safepoint: 75916 ns, At safepoint: 5000 ns, Total: 80916 ns
[2022-03-21T09:32:46.338+0000][227][safepoint   ] Safepoint "ICBufferFull", Time since last: 1369917 ns, Reaching safepoint: 2234583 ns, At safepoint: 6250 ns, Total: 2240833 ns
[2022-03-21T09:32:46.340+0000][227][safepoint   ] Safepoint "ICBufferFull", Time since last: 1528542 ns, Reaching safepoint: 120208 ns, At safepoint: 2459 ns, Total: 122667 ns
[2022-03-21T09:32:46.341+0000][227][safepoint   ] Safepoint "ICBufferFull", Time since last: 1183208 ns, Reaching safepoint: 331667 ns, At safepoint: 5083 ns, Total: 336750 ns
[2022-03-21T09:32:46.345+0000][227][safepoint   ] Safepoint "ICBufferFull", Time since last: 3583833 ns, Reaching safepoint: 301125 ns, At safepoint: 6875 ns, Total: 308000 ns
[2022-03-21T09:32:46.417+0000][227][safepoint   ] Safepoint "ICBufferFull", Time since last: 71419584 ns, Reaching safepoint: 95708 ns, At safepoint: 35000 ns, Total: 130708 ns
[2022-03-21T09:32:46.564+0000][227][safepoint   ] Safepoint "ICBufferFull", Time since last: 146922750 ns, Reaching safepoint: 152459 ns, At safepoint: 8500 ns, Total: 160959 ns
[2022-03-21T09:32:46.749+0000][227][safepoint   ] Safepoint "ICBufferFull", Time since last: 184674916 ns, Reaching safepoint: 151917 ns, At safepoint: 5417 ns, Total: 157334 ns
[2022-03-21T09:32:47.478+0000][227][safepoint   ] Safepoint "ICBufferFull", Time since last: 728850542 ns, Reaching safepoint: 203166 ns, At safepoint: 2292 ns, Total: 205458 ns
[2022-03-21T09:32:47.671+0000][227][safepoint   ] Safepoint "ICBufferFull", Time since last: 192699000 ns, Reaching safepoint: 466125 ns, At safepoint: 53375 ns, Total: 519500 ns
[2022-03-21T09:32:47.678+0000][227][gc,start    ] GC(11) Pause Young (Normal) (G1 Evacuation Pause)
[2022-03-21T09:32:47.679+0000][227][gc,task     ] GC(11) Using 5 workers of 5 for evacuation
[2022-03-21T09:32:47.680+0000][227][gc,age      ] GC(11) Desired survivor size 20971520 bytes, new threshold 15 (max threshold 15)
[2022-03-21T09:32:47.709+0000][227][gc,age      ] GC(11) Age table with threshold 15 (max threshold 15)
[2022-03-21T09:32:47.711+0000][227][gc,age      ] GC(11) - age   1:   19738192 bytes,   19738192 total
[2022-03-21T09:32:47.712+0000][227][gc,age      ] GC(11) - age   2:    2131960 bytes,   21870152 total
[2022-03-21T09:32:47.713+0000][227][gc,age      ] GC(11) - age   3:    2750816 bytes,   24620968 total
[2022-03-21T09:32:47.714+0000][227][gc,age      ] GC(11) - age   4:    3188336 bytes,   27809304 total
[2022-03-21T09:32:47.715+0000][227][gc,age      ] GC(11) - age   5:    5710712 bytes,   33520016 total
[2022-03-21T09:32:47.716+0000][227][gc,age      ] GC(11) - age   6:    1208336 bytes,   34728352 total
[2022-03-21T09:32:47.717+0000][227][gc,age      ] GC(11) - age   7:    1755120 bytes,   36483472 total
[2022-03-21T09:32:47.718+0000][227][gc,age      ] GC(11) - age   8:     984512 bytes,   37467984 total
[2022-03-21T09:32:47.719+0000][227][gc,age      ] GC(11) - age   9:    1882464 bytes,   39350448 total
[2022-03-21T09:32:47.720+0000][227][gc,phases   ] GC(11)   Pre Evacuate Collection Set: 0.1ms
[2022-03-21T09:32:47.720+0000][227][gc,phases   ] GC(11)   Merge Heap Roots: 0.0ms
[2022-03-21T09:32:47.721+0000][227][gc,phases   ] GC(11)   Evacuate Collection Set: 25.1ms
[2022-03-21T09:32:47.721+0000][227][gc,phases   ] GC(11)   Post Evacuate Collection Set: 2.3ms
[2022-03-21T09:32:47.722+0000][227][gc,phases   ] GC(11)   Other: 13.8ms
[2022-03-21T09:32:47.723+0000][227][gc,heap     ] GC(11) Eden regions: 71->0(66)
[2022-03-21T09:32:47.724+0000][227][gc,heap     ] GC(11) Survivor regions: 5->10(10)
[2022-03-21T09:32:47.726+0000][227][gc,heap     ] GC(11) Old regions: 2->2
[2022-03-21T09:32:47.727+0000][227][gc,heap     ] GC(11) Archive regions: 2->2
[2022-03-21T09:32:47.728+0000][227][gc,heap     ] GC(11) Humongous regions: 0->0
[2022-03-21T09:32:47.730+0000][227][gc,metaspace] GC(11) Metaspace: 46700K(47936K)->46700K(47936K) NonClass: 40685K(41408K)->40685K(41408K) Class: 6015K(6528K)->6015K(6528K)
[2022-03-21T09:32:47.731+0000][227][gc          ] GC(11) Pause Young (Normal) (G1 Evacuation Pause) 311M->47M(512M) 53.248ms
[2022-03-21T09:32:47.732+0000][227][gc,cpu      ] GC(11) User=0.06s Sys=0.00s Real=0.06s
[2022-03-21T09:32:47.733+0000][227][safepoint   ] Safepoint "G1CollectForAllocation", Time since last: 6990208 ns, Reaching safepoint: 250250 ns, At safepoint: 54874250 ns, Total: 55124500 ns
[2022-03-21T09:32:47.796+0000][227][safepoint   ] Safepoint "ICBufferFull", Time since last: 62346917 ns, Reaching safepoint: 817708 ns, At safepoint: 22042 ns, Total: 839750 ns
[2022-03-21T09:32:47.962+0000][227][safepoint   ] Safepoint "ICBufferFull", Time since last: 165587542 ns, Reaching safepoint: 360917 ns, At safepoint: 3833 ns, Total: 364750 ns
[2022-03-21T09:32:48.374+0000][227][gc,start    ] GC(12) Pause Young (Concurrent Start) (Metadata GC Threshold)
[2022-03-21T09:32:48.376+0000][227][gc,task     ] GC(12) Using 5 workers of 5 for evacuation
[2022-03-21T09:32:48.378+0000][227][gc,age      ] GC(12) Desired survivor size 20971520 bytes, new threshold 2 (max threshold 15)
[2022-03-21T09:32:48.409+0000][227][gc,age      ] GC(12) Age table with threshold 2 (max threshold 15)
[2022-03-21T09:32:48.411+0000][227][gc,age      ] GC(12) - age   1:    5039088 bytes,    5039088 total
[2022-03-21T09:32:48.412+0000][227][gc,age      ] GC(12) - age   2:   19518544 bytes,   24557632 total
[2022-03-21T09:32:48.414+0000][227][gc,phases   ] GC(12)   Pre Evacuate Collection Set: 0.9ms
[2022-03-21T09:32:48.415+0000][227][gc,phases   ] GC(12)   Merge Heap Roots: 0.1ms
[2022-03-21T09:32:48.416+0000][227][gc,phases   ] GC(12)   Evacuate Collection Set: 25.6ms
[2022-03-21T09:32:48.418+0000][227][gc,phases   ] GC(12)   Post Evacuate Collection Set: 2.5ms
[2022-03-21T09:32:48.420+0000][227][gc,phases   ] GC(12)   Other: 10.4ms
[2022-03-21T09:32:48.421+0000][227][gc,heap     ] GC(12) Eden regions: 30->0(69)
[2022-03-21T09:32:48.422+0000][227][gc,heap     ] GC(12) Survivor regions: 10->7(10)
[2022-03-21T09:32:48.422+0000][227][gc,heap     ] GC(12) Old regions: 2->6
[2022-03-21T09:32:48.423+0000][227][gc,heap     ] GC(12) Archive regions: 2->2
[2022-03-21T09:32:48.424+0000][227][gc,heap     ] GC(12) Humongous regions: 0->0
[2022-03-21T09:32:48.426+0000][227][gc,metaspace] GC(12) Metaspace: 59089K(60416K)->59089K(60416K) NonClass: 51156K(51904K)->51156K(51904K) Class: 7933K(8512K)->7933K(8512K)
[2022-03-21T09:32:48.427+0000][227][gc          ] GC(12) Pause Young (Concurrent Start) (Metadata GC Threshold) 167M->53M(512M) 52.642ms
[2022-03-21T09:32:48.428+0000][227][gc,cpu      ] GC(12) User=0.05s Sys=0.00s Real=0.05s
[2022-03-21T09:32:48.429+0000][227][safepoint   ] Safepoint "CollectForMetadataAllocation", Time since last: 411596500 ns, Reaching safepoint: 438667 ns, At safepoint: 54627083 ns, Total: 55065750 ns
[2022-03-21T09:32:48.429+0000][227][gc          ] GC(13) Concurrent Mark Cycle
[2022-03-21T09:32:48.435+0000][227][gc,marking  ] GC(13) Concurrent Clear Claimed Marks
[2022-03-21T09:32:48.438+0000][227][gc,marking  ] GC(13) Concurrent Clear Claimed Marks 2.911ms
[2022-03-21T09:32:48.439+0000][227][gc,marking  ] GC(13) Concurrent Scan Root Regions
[2022-03-21T09:32:48.457+0000][227][gc,marking  ] GC(13) Concurrent Scan Root Regions 17.119ms
[2022-03-21T09:32:48.458+0000][227][gc,marking  ] GC(13) Concurrent Mark
[2022-03-21T09:32:48.459+0000][227][gc,marking  ] GC(13) Concurrent Mark From Roots
[2022-03-21T09:32:48.460+0000][227][gc,task     ] GC(13) Using 1 workers of 1 for marking
[2022-03-21T09:32:48.467+0000][227][safepoint   ] Safepoint "CollectForMetadataAllocation", Time since last: 37905083 ns, Reaching safepoint: 265209 ns, At safepoint: 56583 ns, Total: 321792 ns
[2022-03-21T09:32:48.470+0000][227][gc,marking  ] GC(13) Concurrent Mark From Roots 10.473ms
[2022-03-21T09:32:48.471+0000][227][gc,marking  ] GC(13) Concurrent Preclean
[2022-03-21T09:32:48.473+0000][227][gc,marking  ] GC(13) Concurrent Preclean 2.417ms
[2022-03-21T09:32:48.476+0000][227][gc,start    ] GC(13) Pause Remark
[2022-03-21T09:32:48.482+0000][227][gc          ] GC(13) Pause Remark 55M->55M(512M) 5.201ms
[2022-03-21T09:32:48.484+0000][227][gc,cpu      ] GC(13) User=0.00s Sys=0.00s Real=0.01s
[2022-03-21T09:32:48.485+0000][227][safepoint   ] Safepoint "G1Concurrent", Time since last: 8942167 ns, Reaching safepoint: 295125 ns, At safepoint: 8601541 ns, Total: 8896666 ns
[2022-03-21T09:32:48.488+0000][227][gc,marking  ] GC(13) Concurrent Mark 30.152ms
[2022-03-21T09:32:48.490+0000][227][gc,marking  ] GC(13) Concurrent Rebuild Remembered Sets
[2022-03-21T09:32:48.506+0000][227][gc,marking  ] GC(13) Concurrent Rebuild Remembered Sets 16.039ms
[2022-03-21T09:32:48.507+0000][227][gc,start    ] GC(13) Pause Cleanup
[2022-03-21T09:32:48.508+0000][227][gc          ] GC(13) Pause Cleanup 57M->57M(512M) 0.985ms
[2022-03-21T09:32:48.509+0000][227][gc,cpu      ] GC(13) User=0.00s Sys=0.00s Real=0.00s
[2022-03-21T09:32:48.509+0000][227][safepoint   ] Safepoint "G1Concurrent", Time since last: 21922500 ns, Reaching safepoint: 307084 ns, At safepoint: 2113166 ns, Total: 2420250 ns
[2022-03-21T09:32:48.512+0000][227][gc,marking  ] GC(13) Concurrent Cleanup for Next Mark
[2022-03-21T09:32:48.515+0000][227][gc,marking  ] GC(13) Concurrent Cleanup for Next Mark 3.213ms
[2022-03-21T09:32:48.518+0000][227][gc          ] GC(13) Concurrent Mark Cycle 89.084ms
[2022-03-21T09:32:48.975+0000][227][safepoint   ] Safepoint "ICBufferFull", Time since last: 465561959 ns, Reaching safepoint: 486167 ns, At safepoint: 4500 ns, Total: 490667 ns
[2022-03-21T09:32:49.217+0000][227][safepoint   ] Safepoint "ICBufferFull", Time since last: 241248208 ns, Reaching safepoint: 376458 ns, At safepoint: 6167 ns, Total: 382625 ns
[2022-03-21T09:32:49.575+0000][227][gc,start    ] GC(14) Pause Young (Concurrent Start) (G1 Evacuation Pause)
[2022-03-21T09:32:49.577+0000][227][gc,task     ] GC(14) Using 5 workers of 5 for evacuation
[2022-03-21T09:32:49.578+0000][227][gc,age      ] GC(14) Desired survivor size 20971520 bytes, new threshold 2 (max threshold 15)
[2022-03-21T09:32:49.599+0000][227][gc,age      ] GC(14) Age table with threshold 2 (max threshold 15)
[2022-03-21T09:32:49.601+0000][227][gc,age      ] GC(14) - age   1:    4546400 bytes,    4546400 total
[2022-03-21T09:32:49.603+0000][227][gc,age      ] GC(14) - age   2:    4885456 bytes,    9431856 total
[2022-03-21T09:32:49.604+0000][227][gc,phases   ] GC(14)   Pre Evacuate Collection Set: 0.2ms
[2022-03-21T09:32:49.605+0000][227][gc,phases   ] GC(14)   Merge Heap Roots: 0.1ms
[2022-03-21T09:32:49.606+0000][227][gc,phases   ] GC(14)   Evacuate Collection Set: 17.5ms
[2022-03-21T09:32:49.607+0000][227][gc,phases   ] GC(14)   Post Evacuate Collection Set: 1.9ms
[2022-03-21T09:32:49.608+0000][227][gc,phases   ] GC(14)   Other: 8.6ms
[2022-03-21T09:32:49.609+0000][227][gc,heap     ] GC(14) Eden regions: 69->0(73)
[2022-03-21T09:32:49.610+0000][227][gc,heap     ] GC(14) Survivor regions: 7->3(10)
[2022-03-21T09:32:49.612+0000][227][gc,heap     ] GC(14) Old regions: 6->11
[2022-03-21T09:32:49.613+0000][227][gc,heap     ] GC(14) Archive regions: 2->2
[2022-03-21T09:32:49.614+0000][227][gc,heap     ] GC(14) Humongous regions: 0->0
[2022-03-21T09:32:49.615+0000][227][gc,metaspace] GC(14) Metaspace: 68577K(70080K)->68577K(70080K) NonClass: 59378K(60288K)->59378K(60288K) Class: 9199K(9792K)->9199K(9792K)
[2022-03-21T09:32:49.616+0000][227][gc          ] GC(14) Pause Young (Concurrent Start) (G1 Evacuation Pause) 329M->57M(512M) 41.233ms
[2022-03-21T09:32:49.618+0000][227][gc,cpu      ] GC(14) User=0.04s Sys=0.01s Real=0.04s
[2022-03-21T09:32:49.621+0000][227][gc          ] GC(15) Concurrent Mark Cycle
[2022-03-21T09:32:49.621+0000][227][safepoint   ] Safepoint "G1CollectForAllocation", Time since last: 357764125 ns, Reaching safepoint: 468584 ns, At safepoint: 45517833 ns, Total: 45986417 ns
[2022-03-21T09:32:49.621+0000][227][gc,marking  ] GC(15) Concurrent Clear Claimed Marks
[2022-03-21T09:32:49.628+0000][227][gc,marking  ] GC(15) Concurrent Clear Claimed Marks 6.872ms
[2022-03-21T09:32:49.630+0000][227][gc,marking  ] GC(15) Concurrent Scan Root Regions
[2022-03-21T09:32:49.669+0000][227][gc,marking  ] GC(15) Concurrent Scan Root Regions 39.057ms
[2022-03-21T09:32:49.673+0000][227][gc,marking  ] GC(15) Concurrent Mark
[2022-03-21T09:32:49.674+0000][227][gc,marking  ] GC(15) Concurrent Mark From Roots
[2022-03-21T09:32:49.676+0000][227][gc,task     ] GC(15) Using 1 workers of 1 for marking
[2022-03-21T09:32:49.698+0000][227][gc,marking  ] GC(15) Concurrent Mark From Roots 24.493ms
[2022-03-21T09:32:49.701+0000][227][gc,marking  ] GC(15) Concurrent Preclean
[2022-03-21T09:32:49.702+0000][227][gc,marking  ] GC(15) Concurrent Preclean 1.168ms
[2022-03-21T09:32:49.703+0000][227][gc,start    ] GC(15) Pause Remark
[2022-03-21T09:32:49.770+0000][227][gc          ] GC(15) Pause Remark 61M->61M(512M) 66.404ms
[2022-03-21T09:32:49.771+0000][227][gc,cpu      ] GC(15) User=0.06s Sys=0.02s Real=0.06s
[2022-03-21T09:32:49.772+0000][227][safepoint   ] Safepoint "G1Concurrent", Time since last: 81802750 ns, Reaching safepoint: 578333 ns, At safepoint: 68432959 ns, Total: 69011292 ns
[2022-03-21T09:32:49.772+0000][227][gc,marking  ] GC(15) Concurrent Mark 99.750ms
[2022-03-21T09:32:49.773+0000][227][gc,marking  ] GC(15) Concurrent Rebuild Remembered Sets
[2022-03-21T09:32:49.796+0000][227][gc,marking  ] GC(15) Concurrent Rebuild Remembered Sets 22.412ms
[2022-03-21T09:32:49.798+0000][227][gc,start    ] GC(15) Pause Cleanup
[2022-03-21T09:32:49.799+0000][227][gc          ] GC(15) Pause Cleanup 63M->63M(512M) 0.971ms
[2022-03-21T09:32:49.800+0000][227][gc,cpu      ] GC(15) User=0.00s Sys=0.00s Real=0.00s
[2022-03-21T09:32:49.801+0000][227][safepoint   ] Safepoint "G1Concurrent", Time since last: 25713791 ns, Reaching safepoint: 372667 ns, At safepoint: 3482000 ns, Total: 3854667 ns
[2022-03-21T09:32:49.802+0000][227][gc,marking  ] GC(15) Concurrent Cleanup for Next Mark
[2022-03-21T09:32:49.804+0000][227][gc,marking  ] GC(15) Concurrent Cleanup for Next Mark 1.359ms
[2022-03-21T09:32:49.805+0000][227][gc          ] GC(15) Concurrent Mark Cycle 184.115ms
[2022-03-21T09:32:50.344+0000][227][safepoint   ] Safepoint "ICBufferFull", Time since last: 542762584 ns, Reaching safepoint: 308000 ns, At safepoint: 3250 ns, Total: 311250 ns
[2022-03-21T09:32:51.295+0000][227][safepoint   ] Safepoint "ICBufferFull", Time since last: 949358583 ns, Reaching safepoint: 1189792 ns, At safepoint: 70958 ns, Total: 1260750 ns
[2022-03-21T09:32:51.492+0000][227][safepoint   ] Safepoint "ICBufferFull", Time since last: 196750709 ns, Reaching safepoint: 144625 ns, At safepoint: 3708 ns, Total: 148333 ns
[2022-03-21T09:32:51.810+0000][227][safepoint   ] Safepoint "ICBufferFull", Time since last: 318205125 ns, Reaching safepoint: 387750 ns, At safepoint: 3917 ns, Total: 391667 ns
[2022-03-21T09:32:52.157+0000][227][gc,start    ] GC(16) Pause Young (Normal) (G1 Evacuation Pause)
[2022-03-21T09:32:52.159+0000][227][gc,task     ] GC(16) Using 5 workers of 5 for evacuation
[2022-03-21T09:32:52.161+0000][227][gc,age      ] GC(16) Desired survivor size 20971520 bytes, new threshold 15 (max threshold 15)
[2022-03-21T09:32:52.196+0000][227][gc,age      ] GC(16) Age table with threshold 15 (max threshold 15)
[2022-03-21T09:32:52.197+0000][227][gc,age      ] GC(16) - age   1:   14367600 bytes,   14367600 total
[2022-03-21T09:32:52.198+0000][227][gc,age      ] GC(16) - age   2:    4330312 bytes,   18697912 total
[2022-03-21T09:32:52.200+0000][227][gc,age      ] GC(16) - age   3:    4846624 bytes,   23544536 total
[2022-03-21T09:32:52.201+0000][227][gc,phases   ] GC(16)   Pre Evacuate Collection Set: 0.4ms
[2022-03-21T09:32:52.202+0000][227][gc,phases   ] GC(16)   Merge Heap Roots: 0.3ms
[2022-03-21T09:32:52.203+0000][227][gc,phases   ] GC(16)   Evacuate Collection Set: 31.6ms
[2022-03-21T09:32:52.204+0000][227][gc,phases   ] GC(16)   Post Evacuate Collection Set: 1.9ms
[2022-03-21T09:32:52.205+0000][227][gc,phases   ] GC(16)   Other: 9.3ms
[2022-03-21T09:32:52.206+0000][227][gc,heap     ] GC(16) Eden regions: 73->0(70)
[2022-03-21T09:32:52.207+0000][227][gc,heap     ] GC(16) Survivor regions: 3->6(10)
[2022-03-21T09:32:52.208+0000][227][gc,heap     ] GC(16) Old regions: 11->11
[2022-03-21T09:32:52.209+0000][227][gc,heap     ] GC(16) Archive regions: 2->2
[2022-03-21T09:32:52.211+0000][227][gc,heap     ] GC(16) Humongous regions: 0->0
[2022-03-21T09:32:52.212+0000][227][gc,metaspace] GC(16) Metaspace: 98565K(100288K)->98565K(100288K) NonClass: 85022K(86016K)->85022K(86016K) Class: 13543K(14272K)->13543K(14272K)
[2022-03-21T09:32:52.214+0000][227][gc          ] GC(16) Pause Young (Normal) (G1 Evacuation Pause) 349M->70M(512M) 56.706ms
[2022-03-21T09:32:52.216+0000][227][gc,cpu      ] GC(16) User=0.06s Sys=0.01s Real=0.06s
[2022-03-21T09:32:52.216+0000][227][safepoint   ] Safepoint "G1CollectForAllocation", Time since last: 346887375 ns, Reaching safepoint: 291375 ns, At safepoint: 58784209 ns, Total: 59075584 ns
[2022-03-21T09:32:52.491+0000][227][safepoint   ] Safepoint "ICBufferFull", Time since last: 274659791 ns, Reaching safepoint: 298875 ns, At safepoint: 5000 ns, Total: 303875 ns
[2022-03-21T09:32:52.878+0000][227][safepoint   ] Safepoint "ICBufferFull", Time since last: 384059376 ns, Reaching safepoint: 2480958 ns, At safepoint: 15583 ns, Total: 2496541 ns
[2022-03-21T09:32:53.177+0000][227][safepoint   ] Safepoint "ICBufferFull", Time since last: 298995584 ns, Reaching safepoint: 255375 ns, At safepoint: 5000 ns, Total: 260375 ns
[2022-03-21T09:32:53.674+0000][227][safepoint   ] Safepoint "ICBufferFull", Time since last: 496913750 ns, Reaching safepoint: 328208 ns, At safepoint: 25917 ns, Total: 354125 ns
[2022-03-21T09:32:53.921+0000][227][safepoint   ] Safepoint "ICBufferFull", Time since last: 246274167 ns, Reaching safepoint: 187208 ns, At safepoint: 2875 ns, Total: 190083 ns
[2022-03-21T09:32:54.019+0000][227][safepoint   ] Safepoint "ICBufferFull", Time since last: 97367542 ns, Reaching safepoint: 426125 ns, At safepoint: 19500 ns, Total: 445625 ns
[2022-03-21T09:32:54.477+0000][227][safepoint   ] Safepoint "ICBufferFull", Time since last: 458529583 ns, Reaching safepoint: 354167 ns, At safepoint: 14167 ns, Total: 368334 ns
[2022-03-21T09:32:54.849+0000][227][safepoint   ] Safepoint "ICBufferFull", Time since last: 371224667 ns, Reaching safepoint: 174208 ns, At safepoint: 4208 ns, Total: 178416 ns
[2022-03-21T09:32:55.188+0000][227][safepoint   ] Safepoint "ICBufferFull", Time since last: 339030625 ns, Reaching safepoint: 271584 ns, At safepoint: 8041 ns, Total: 279625 ns
[2022-03-21T09:32:55.656+0000][227][safepoint   ] Safepoint "ICBufferFull", Time since last: 467369542 ns, Reaching safepoint: 202250 ns, At safepoint: 3875 ns, Total: 206125 ns
[2022-03-21T09:32:56.662+0000][227][safepoint   ] Safepoint "Cleanup", Time since last: 1006291209 ns, Reaching safepoint: 194625 ns, At safepoint: 9083 ns, Total: 203708 ns
[2022-03-21T09:32:57.666+0000][227][safepoint   ] Safepoint "Cleanup", Time since last: 1003366084 ns, Reaching safepoint: 165084 ns, At safepoint: 8458 ns, Total: 173542 ns
[2022-03-21T09:32:57.980+0000][227][safepoint   ] Safepoint "ICBufferFull", Time since last: 313761625 ns, Reaching safepoint: 142458 ns, At safepoint: 4709 ns, Total: 147167 ns
[2022-03-21T09:32:58.997+0000][227][safepoint   ] Safepoint "Cleanup", Time since last: 1016608417 ns, Reaching safepoint: 254958 ns, At safepoint: 4375 ns, Total: 259333 ns
[2022-03-21T09:33:00.003+0000][227][safepoint   ] Safepoint "Cleanup", Time since last: 1006014917 ns, Reaching safepoint: 182000 ns, At safepoint: 4334 ns, Total: 186334 ns
[2022-03-21T09:33:01.005+0000][227][safepoint   ] Safepoint "Cleanup", Time since last: 1001665250 ns, Reaching safepoint: 168333 ns, At safepoint: 3792 ns, Total: 172125 ns
[2022-03-21T09:33:02.007+0000][227][safepoint   ] Safepoint "Cleanup", Time since last: 1001808459 ns, Reaching safepoint: 664167 ns, At safepoint: 6125 ns, Total: 670292 ns
[2022-03-21T09:33:03.020+0000][227][safepoint   ] Safepoint "Cleanup", Time since last: 1012659125 ns, Reaching safepoint: 163875 ns, At safepoint: 5917 ns, Total: 169792 ns
[2022-03-21T09:33:07.038+0000][227][safepoint   ] Safepoint "Cleanup", Time since last: 4017163585 ns, Reaching safepoint: 561458 ns, At safepoint: 9584 ns, Total: 571042 ns
[2022-03-21T09:33:09.046+0000][227][safepoint   ] Safepoint "Cleanup", Time since last: 2008265459 ns, Reaching safepoint: 498125 ns, At safepoint: 10000 ns, Total: 508125 ns
[2022-03-21T09:33:10.077+0000][227][safepoint   ] Safepoint "Cleanup", Time since last: 1029899959 ns, Reaching safepoint: 205750 ns, At safepoint: 5375 ns, Total: 211125 ns
[2022-03-21T09:33:11.068+0000][227][safepoint   ] Safepoint "Cleanup", Time since last: 1009635291 ns, Reaching safepoint: 91625 ns, At safepoint: 4708 ns, Total: 96333 ns
[2022-03-21T09:33:12.080+0000][227][safepoint   ] Safepoint "Cleanup", Time since last: 1010701751 ns, Reaching safepoint: 711583 ns, At safepoint: 58792 ns, Total: 770375 ns
[2022-03-21T09:33:13.097+0000][227][safepoint   ] Safepoint "Cleanup", Time since last: 1015683375 ns, Reaching safepoint: 1409750 ns, At safepoint: 9625 ns, Total: 1419375 ns
[2022-03-21T09:33:14.104+0000][227][safepoint   ] Safepoint "Cleanup", Time since last: 1007227376 ns, Reaching safepoint: 235708 ns, At safepoint: 6875 ns, Total: 242583 ns
[2022-03-21T09:33:15.112+0000][227][safepoint   ] Safepoint "Cleanup", Time since last: 1007753876 ns, Reaching safepoint: 251708 ns, At safepoint: 7583 ns, Total: 259291 ns
[2022-03-21T09:33:17.120+0000][227][safepoint   ] Safepoint "Cleanup", Time since last: 2006747043 ns, Reaching safepoint: 352750 ns, At safepoint: 378625 ns, Total: 731375 ns
[2022-03-21T09:33:19.132+0000][227][safepoint   ] Safepoint "Cleanup", Time since last: 2011575209 ns, Reaching safepoint: 824375 ns, At safepoint: 7500 ns, Total: 831875 ns
[2022-03-21T09:33:21.142+0000][227][safepoint   ] Safepoint "Cleanup", Time since last: 2009848418 ns, Reaching safepoint: 89083 ns, At safepoint: 2958 ns, Total: 92041 ns
[2022-03-21T09:33:22.152+0000][227][safepoint   ] Safepoint "Cleanup", Time since last: 1008763709 ns, Reaching safepoint: 631250 ns, At safepoint: 10000 ns, Total: 641250 ns
[2022-03-21T09:33:24.160+0000][227][safepoint   ] Safepoint "Cleanup", Time since last: 2008337876 ns, Reaching safepoint: 517542 ns, At safepoint: 11833 ns, Total: 529375 ns
[2022-03-21T09:33:26.181+0000][227][safepoint   ] Safepoint "Cleanup", Time since last: 2004242209 ns, Reaching safepoint: 16051459 ns, At safepoint: 15500 ns, Total: 16066959 ns
[2022-03-21T09:33:27.189+0000][227][safepoint   ] Safepoint "Cleanup", Time since last: 1007666167 ns, Reaching safepoint: 442542 ns, At safepoint: 9583 ns, Total: 452125 ns
[2022-03-21T09:33:28.203+0000][227][safepoint   ] Safepoint "Cleanup", Time since last: 1014121000 ns, Reaching safepoint: 220417 ns, At safepoint: 5667 ns, Total: 226084 ns
[2022-03-21T09:33:29.207+0000][227][safepoint   ] Safepoint "Cleanup", Time since last: 1003321709 ns, Reaching safepoint: 852583 ns, At safepoint: 10333 ns, Total: 862916 ns
[2022-03-21T09:33:32.236+0000][227][safepoint   ] Safepoint "Cleanup", Time since last: 3027875543 ns, Reaching safepoint: 784375 ns, At safepoint: 13084 ns, Total: 797459 ns
[2022-03-21T09:33:33.260+0000][227][safepoint   ] Safepoint "Cleanup", Time since last: 1023615167 ns, Reaching safepoint: 584750 ns, At safepoint: 6875 ns, Total: 591625 ns
[2022-03-21T09:33:34.267+0000][227][safepoint   ] Safepoint "Cleanup", Time since last: 1006391875 ns, Reaching safepoint: 217500 ns, At safepoint: 11334 ns, Total: 228834 ns
[2022-03-21T09:33:35.276+0000][227][safepoint   ] Safepoint "Cleanup", Time since last: 1008748792 ns, Reaching safepoint: 86291 ns, At safepoint: 4584 ns, Total: 90875 ns
[2022-03-21T09:33:36.344+0000][227][safepoint   ] Safepoint "Cleanup", Time since last: 1067603667 ns, Reaching safepoint: 236583 ns, At safepoint: 7417 ns, Total: 244000 ns
[2022-03-21T09:33:37.365+0000][227][safepoint   ] Safepoint "Cleanup", Time since last: 1015990292 ns, Reaching safepoint: 4957333 ns, At safepoint: 19459 ns, Total: 4976792 ns
[2022-03-21T09:33:39.381+0000][227][safepoint   ] Safepoint "Cleanup", Time since last: 2014654459 ns, Reaching safepoint: 1427625 ns, At safepoint: 29167 ns, Total: 1456792 ns
[2022-03-21T09:33:43.389+0000][227][safepoint   ] Safepoint "Cleanup", Time since last: 4029936042 ns, Reaching safepoint: 241209 ns, At safepoint: 8000 ns, Total: 249209 ns
[2022-03-21T09:33:44.400+0000][227][safepoint   ] Safepoint "Cleanup", Time since last: 1010790167 ns, Reaching safepoint: 248292 ns, At safepoint: 11500 ns, Total: 259792 ns
[2022-03-21T09:33:47.427+0000][227][safepoint   ] Safepoint "Cleanup", Time since last: 3026515084 ns, Reaching safepoint: 511750 ns, At safepoint: 13417 ns, Total: 525167 ns
[2022-03-21T09:33:48.437+0000][227][safepoint   ] Safepoint "Cleanup", Time since last: 1009487917 ns, Reaching safepoint: 525083 ns, At safepoint: 11042 ns, Total: 536125 ns
[2022-03-21T09:33:49.457+0000][227][safepoint   ] Safepoint "Cleanup", Time since last: 1013183376 ns, Reaching safepoint: 6607166 ns, At safepoint: 13875 ns, Total: 6621041 ns
[2022-03-21T09:33:50.464+0000][227][safepoint   ] Safepoint "Cleanup", Time since last: 1006905751 ns, Reaching safepoint: 659625 ns, At safepoint: 16250 ns, Total: 675875 ns
[2022-03-21T09:33:51.493+0000][227][safepoint   ] Safepoint "Cleanup", Time since last: 1026498500 ns, Reaching safepoint: 2221959 ns, At safepoint: 68333 ns, Total: 2290292 ns
[2022-03-21T09:33:52.505+0000][227][safepoint   ] Safepoint "Cleanup", Time since last: 1011448959 ns, Reaching safepoint: 305125 ns, At safepoint: 8583 ns, Total: 313708 ns
[2022-03-21T09:33:53.528+0000][227][safepoint   ] Safepoint "Cleanup", Time since last: 1022538501 ns, Reaching safepoint: 675375 ns, At safepoint: 13625 ns, Total: 689000 ns
[2022-03-21T09:33:55.551+0000][227][safepoint   ] Safepoint "Cleanup", Time since last: 2022046250 ns, Reaching safepoint: 663875 ns, At safepoint: 7250 ns, Total: 671125 ns
[2022-03-21T09:33:56.566+0000][227][safepoint   ] Safepoint "Cleanup", Time since last: 1014961793 ns, Reaching safepoint: 255375 ns, At safepoint: 8000 ns, Total: 263375 ns
[2022-03-21T09:33:57.574+0000][227][safepoint   ] Safepoint "Cleanup", Time since last: 1007898333 ns, Reaching safepoint: 431792 ns, At safepoint: 12333 ns, Total: 444125 ns
[2022-03-21T09:33:58.595+0000][227][safepoint   ] Safepoint "Cleanup", Time since last: 1017159418 ns, Reaching safepoint: 3240458 ns, At safepoint: 22417 ns, Total: 3262875 ns
[2022-03-21T09:33:59.608+0000][227][safepoint   ] Safepoint "Cleanup", Time since last: 1012829958 ns, Reaching safepoint: 316459 ns, At safepoint: 300291 ns, Total: 616750 ns
[2022-03-21T09:34:00.632+0000][227][safepoint   ] Safepoint "Cleanup", Time since last: 1023610209 ns, Reaching safepoint: 695084 ns, At safepoint: 7625 ns, Total: 702709 ns
[2022-03-21T09:34:01.650+0000][227][safepoint   ] Safepoint "Cleanup", Time since last: 1017701458 ns, Reaching safepoint: 315834 ns, At safepoint: 10541 ns, Total: 326375 ns
[2022-03-21T09:34:07.697+0000][227][safepoint   ] Safepoint "Cleanup", Time since last: 6046077587 ns, Reaching safepoint: 934750 ns, At safepoint: 9250 ns, Total: 944000 ns
[2022-03-21T09:34:08.702+0000][227][safepoint   ] Safepoint "Cleanup", Time since last: 1003287208 ns, Reaching safepoint: 1019667 ns, At safepoint: 11417 ns, Total: 1031084 ns
[2022-03-21T09:34:09.717+0000][227][safepoint   ] Safepoint "Cleanup", Time since last: 1015324375 ns, Reaching safepoint: 226459 ns, At safepoint: 6791 ns, Total: 233250 ns
[2022-03-21T09:34:12.752+0000][227][safepoint   ] Safepoint "Cleanup", Time since last: 3030377042 ns, Reaching safepoint: 1480917 ns, At safepoint: 9542 ns, Total: 1490459 ns
[2022-03-21T09:34:13.775+0000][227][safepoint   ] Safepoint "Cleanup", Time since last: 1013557667 ns, Reaching safepoint: 8725792 ns, At safepoint: 10500 ns, Total: 8736292 ns
[2022-03-21T09:34:16.794+0000][227][safepoint   ] Safepoint "Cleanup", Time since last: 3018702793 ns, Reaching safepoint: 429291 ns, At safepoint: 16375 ns, Total: 445666 ns
[2022-03-21T09:34:19.811+0000][227][safepoint   ] Safepoint "Cleanup", Time since last: 3016629335 ns, Reaching safepoint: 309167 ns, At safepoint: 4416 ns, Total: 313583 ns
[2022-03-21T09:34:21.823+0000][227][safepoint   ] Safepoint "Cleanup", Time since last: 2011656751 ns, Reaching safepoint: 1109917 ns, At safepoint: 13292 ns, Total: 1123209 ns
[2022-03-21T09:34:24.843+0000][227][safepoint   ] Safepoint "Cleanup", Time since last: 3018411751 ns, Reaching safepoint: 762250 ns, At safepoint: 80458 ns, Total: 842708 ns
[2022-03-21T09:34:25.871+0000][227][safepoint   ] Safepoint "Cleanup", Time since last: 1028067334 ns, Reaching safepoint: 701667 ns, At safepoint: 18667 ns, Total: 720334 ns
[2022-03-21T09:34:27.894+0000][227][safepoint   ] Safepoint "Cleanup", Time since last: 2021738876 ns, Reaching safepoint: 892333 ns, At safepoint: 13125 ns, Total: 905458 ns
[2022-03-21T09:34:29.911+0000][227][safepoint   ] Safepoint "Cleanup", Time since last: 2016298209 ns, Reaching safepoint: 257959 ns, At safepoint: 4041 ns, Total: 262000 ns
[2022-03-21T09:34:31.381+0000][227][safepoint   ] Safepoint "Cleanup", Time since last: 1466483043 ns, Reaching safepoint: 3141125 ns, At safepoint: 229000 ns, Total: 3370125 ns
[2022-03-21T09:34:37.419+0000][227][safepoint   ] Safepoint "Cleanup", Time since last: 6037828211 ns, Reaching safepoint: 258166 ns, At safepoint: 8250 ns, Total: 266416 ns
[2022-03-21T09:34:38.431+0000][227][safepoint   ] Safepoint "Cleanup", Time since last: 1012088959 ns, Reaching safepoint: 622125 ns, At safepoint: 7500 ns, Total: 629625 ns
[2022-03-21T09:34:39.443+0000][227][safepoint   ] Safepoint "Cleanup", Time since last: 1011858917 ns, Reaching safepoint: 219500 ns, At safepoint: 7250 ns, Total: 226750 ns
[2022-03-21T09:34:40.451+0000][227][safepoint   ] Safepoint "Cleanup", Time since last: 1007167418 ns, Reaching safepoint: 190666 ns, At safepoint: 5375 ns, Total: 196041 ns
[2022-03-21T09:34:41.448+0000][227][safepoint   ] Safepoint "Cleanup", Time since last: 1004194000 ns, Reaching safepoint: 2085083 ns, At safepoint: 22500 ns, Total: 2107583 ns
[2022-03-21T09:34:43.477+0000][227][safepoint   ] Safepoint "Cleanup", Time since last: 2027862126 ns, Reaching safepoint: 346958 ns, At safepoint: 7667 ns, Total: 354625 ns
[2022-03-21T09:34:47.496+0000][227][safepoint   ] Safepoint "Cleanup", Time since last: 4018752835 ns, Reaching safepoint: 573000 ns, At safepoint: 18667 ns, Total: 591667 ns
[2022-03-21T09:34:50.512+0000][227][safepoint   ] Safepoint "Cleanup", Time since last: 3015748251 ns, Reaching safepoint: 104542 ns, At safepoint: 3208 ns, Total: 107750 ns
[2022-03-21T09:34:51.238+0000][227][gc,start    ] GC(17) Pause Young (Normal) (G1 Evacuation Pause)
[2022-03-21T09:34:51.240+0000][227][gc,task     ] GC(17) Using 5 workers of 5 for evacuation
[2022-03-21T09:34:51.242+0000][227][gc,age      ] GC(17) Desired survivor size 20971520 bytes, new threshold 3 (max threshold 15)
[2022-03-21T09:34:51.315+0000][227][gc,age      ] GC(17) Age table with threshold 3 (max threshold 15)
[2022-03-21T09:34:51.321+0000][227][gc,age      ] GC(17) - age   1:    3112176 bytes,    3112176 total
[2022-03-21T09:34:51.322+0000][227][gc,age      ] GC(17) - age   2:   14050992 bytes,   17163168 total
[2022-03-21T09:34:51.324+0000][227][gc,age      ] GC(17) - age   3:    4324304 bytes,   21487472 total
[2022-03-21T09:34:51.326+0000][227][gc,phases   ] GC(17)   Pre Evacuate Collection Set: 0.8ms
[2022-03-21T09:34:51.327+0000][227][gc,phases   ] GC(17)   Merge Heap Roots: 0.8ms
[2022-03-21T09:34:51.327+0000][227][gc,phases   ] GC(17)   Evacuate Collection Set: 67.9ms
[2022-03-21T09:34:51.329+0000][227][gc,phases   ] GC(17)   Post Evacuate Collection Set: 2.7ms
[2022-03-21T09:34:51.330+0000][227][gc,phases   ] GC(17)   Other: 15.7ms
[2022-03-21T09:34:51.331+0000][227][gc,heap     ] GC(17) Eden regions: 70->0(70)
[2022-03-21T09:34:51.331+0000][227][gc,heap     ] GC(17) Survivor regions: 6->6(10)
[2022-03-21T09:34:51.332+0000][227][gc,heap     ] GC(17) Old regions: 11->12
[2022-03-21T09:34:51.333+0000][227][gc,heap     ] GC(17) Archive regions: 2->2
[2022-03-21T09:34:51.334+0000][227][gc,heap     ] GC(17) Humongous regions: 0->0
[2022-03-21T09:34:51.335+0000][227][gc,metaspace] GC(17) Metaspace: 106883K(108672K)->106883K(108672K) NonClass: 92277K(93312K)->92277K(93312K) Class: 14605K(15360K)->14605K(15360K)
[2022-03-21T09:34:51.337+0000][227][gc          ] GC(17) Pause Young (Normal) (G1 Evacuation Pause) 350M->73M(512M) 99.502ms
[2022-03-21T09:34:51.339+0000][227][gc,cpu      ] GC(17) User=0.08s Sys=0.06s Real=0.10s
[2022-03-21T09:34:51.340+0000][227][safepoint   ] Safepoint "G1CollectForAllocation", Time since last: 725625126 ns, Reaching safepoint: 164916 ns, At safepoint: 102840375 ns, Total: 103005291 ns
[2022-03-21T09:34:52.344+0000][227][safepoint   ] Safepoint "Cleanup", Time since last: 1003225209 ns, Reaching safepoint: 373292 ns, At safepoint: 27083 ns, Total: 400375 ns
[2022-03-21T09:34:53.360+0000][227][safepoint   ] Safepoint "Cleanup", Time since last: 1012753626 ns, Reaching safepoint: 2721916 ns, At safepoint: 14792 ns, Total: 2736708 ns
[2022-03-21T09:34:56.380+0000][227][safepoint   ] Safepoint "Cleanup", Time since last: 3020408377 ns, Reaching safepoint: 317041 ns, At safepoint: 5667 ns, Total: 322708 ns
[2022-03-21T09:34:58.384+0000][227][safepoint   ] Safepoint "Cleanup", Time since last: 2002619667 ns, Reaching safepoint: 645209 ns, At safepoint: 14958 ns, Total: 660167 ns
[2022-03-21T09:34:59.397+0000][227][safepoint   ] Safepoint "Cleanup", Time since last: 1011119417 ns, Reaching safepoint: 2467334 ns, At safepoint: 137916 ns, Total: 2605250 ns
[2022-03-21T09:35:00.401+0000][227][safepoint   ] Safepoint "Cleanup", Time since last: 1003324042 ns, Reaching safepoint: 389875 ns, At safepoint: 40125 ns, Total: 430000 ns
[2022-03-21T09:35:01.407+0000][227][safepoint   ] Safepoint "Cleanup", Time since last: 1005571918 ns, Reaching safepoint: 268375 ns, At safepoint: 10791 ns, Total: 279166 ns
[2022-03-21T09:35:02.417+0000][227][safepoint   ] Safepoint "Cleanup", Time since last: 1009047459 ns, Reaching safepoint: 680958 ns, At safepoint: 16959 ns, Total: 697917 ns
[2022-03-21T09:35:03.437+0000][227][safepoint   ] Safepoint "Cleanup", Time since last: 1019841042 ns, Reaching safepoint: 269083 ns, At safepoint: 7334 ns, Total: 276417 ns
[2022-03-21T09:35:04.443+0000][227][safepoint   ] Safepoint "Cleanup", Time since last: 1005557583 ns, Reaching safepoint: 460792 ns, At safepoint: 17167 ns, Total: 477959 ns
[2022-03-21T09:35:05.463+0000][227][safepoint   ] Safepoint "Cleanup", Time since last: 1019893000 ns, Reaching safepoint: 449084 ns, At safepoint: 10916 ns, Total: 460000 ns
[2022-03-21T09:35:06.490+0000][227][safepoint   ] Safepoint "Cleanup", Time since last: 1020182542 ns, Reaching safepoint: 6577584 ns, At safepoint: 24583 ns, Total: 6602167 ns
[2022-03-21T09:35:11.510+0000][227][safepoint   ] Safepoint "Cleanup", Time since last: 5018065418 ns, Reaching safepoint: 512459 ns, At safepoint: 7708 ns, Total: 520167 ns
[2022-03-21T09:35:13.523+0000][227][safepoint   ] Safepoint "Cleanup", Time since last: 2011853501 ns, Reaching safepoint: 655500 ns, At safepoint: 14333 ns, Total: 669833 ns
[2022-03-21T09:35:14.535+0000][227][safepoint   ] Safepoint "Cleanup", Time since last: 1011323751 ns, Reaching safepoint: 556167 ns, At safepoint: 19666 ns, Total: 575833 ns
[2022-03-21T09:35:16.558+0000][227][safepoint   ] Safepoint "Cleanup", Time since last: 2021742376 ns, Reaching safepoint: 1097375 ns, At safepoint: 19875 ns, Total: 1117250 ns
[2022-03-21T09:35:17.582+0000][227][safepoint   ] Safepoint "Cleanup", Time since last: 1022533167 ns, Reaching safepoint: 1185917 ns, At safepoint: 18417 ns, Total: 1204334 ns
[2022-03-21T09:35:18.600+0000][227][safepoint   ] Safepoint "Cleanup", Time since last: 1018115167 ns, Reaching safepoint: 492375 ns, At safepoint: 15500 ns, Total: 507875 ns
[2022-03-21T09:35:19.628+0000][227][safepoint   ] Safepoint "Cleanup", Time since last: 1026909459 ns, Reaching safepoint: 645375 ns, At safepoint: 22416 ns, Total: 667791 ns
[2022-03-21T09:35:21.633+0000][227][safepoint   ] Safepoint "Cleanup", Time since last: 2004297210 ns, Reaching safepoint: 815958 ns, At safepoint: 20208 ns, Total: 836166 ns
[2022-03-21T09:35:22.651+0000][227][safepoint   ] Safepoint "Cleanup", Time since last: 1017147626 ns, Reaching safepoint: 742916 ns, At safepoint: 18542 ns, Total: 761458 ns
[2022-03-21T09:35:23.668+0000][227][safepoint   ] Safepoint "Cleanup", Time since last: 1016184334 ns, Reaching safepoint: 866583 ns, At safepoint: 18459 ns, Total: 885042 ns
[2022-03-21T09:35:27.692+0000][227][safepoint   ] Safepoint "Cleanup", Time since last: 4023746793 ns, Reaching safepoint: 475500 ns, At safepoint: 16417 ns, Total: 491917 ns
[2022-03-21T09:35:33.726+0000][227][safepoint   ] Safepoint "Cleanup", Time since last: 6033202336 ns, Reaching safepoint: 608542 ns, At safepoint: 19166 ns, Total: 627708 ns
[2022-03-21T09:35:34.742+0000][227][safepoint   ] Safepoint "Cleanup", Time since last: 1015571876 ns, Reaching safepoint: 557042 ns, At safepoint: 13041 ns, Total: 570083 ns
[2022-03-21T09:35:36.762+0000][227][safepoint   ] Safepoint "Cleanup", Time since last: 2019809834 ns, Reaching safepoint: 154834 ns, At safepoint: 5541 ns, Total: 160375 ns
[2022-03-21T09:35:39.776+0000][227][safepoint   ] Safepoint "Cleanup", Time since last: 3013833835 ns, Reaching safepoint: 547542 ns, At safepoint: 17042 ns, Total: 564584 ns
[2022-03-21T09:35:41.799+0000][227][safepoint   ] Safepoint "Cleanup", Time since last: 2017488250 ns, Reaching safepoint: 862041 ns, At safepoint: 10750 ns, Total: 872791 ns
[2022-03-21T09:35:42.805+0000][227][safepoint   ] Safepoint "Cleanup", Time since last: 1006143167 ns, Reaching safepoint: 549417 ns, At safepoint: 16667 ns, Total: 566084 ns
[2022-03-21T09:35:51.260+0000][227][safepoint   ] Safepoint "Cleanup", Time since last: 8453885420 ns, Reaching safepoint: 188250 ns, At safepoint: 20000 ns, Total: 208250 ns
[2022-03-21T09:35:52.263+0000][227][safepoint   ] Safepoint "Cleanup", Time since last: 1002736209 ns, Reaching safepoint: 778792 ns, At safepoint: 17542 ns, Total: 796334 ns
[2022-03-21T09:35:54.287+0000][227][safepoint   ] Safepoint "Cleanup", Time since last: 2023604459 ns, Reaching safepoint: 499917 ns, At safepoint: 19625 ns, Total: 519542 ns
[2022-03-21T09:35:56.314+0000][227][safepoint   ] Safepoint "Cleanup", Time since last: 2025907292 ns, Reaching safepoint: 469000 ns, At safepoint: 11458 ns, Total: 480458 ns
[2022-03-21T09:35:57.322+0000][227][safepoint   ] Safepoint "Cleanup", Time since last: 1007645043 ns, Reaching safepoint: 756166 ns, At safepoint: 26875 ns, Total: 783041 ns
[2022-03-21T09:36:00.341+0000][227][safepoint   ] Safepoint "Cleanup", Time since last: 3016709960 ns, Reaching safepoint: 2260250 ns, At safepoint: 17000 ns, Total: 2277250 ns
[2022-03-21T09:36:01.348+0000][227][safepoint   ] Safepoint "Cleanup", Time since last: 1007276084 ns, Reaching safepoint: 121458 ns, At safepoint: 3959 ns, Total: 125417 ns
[2022-03-21T09:36:02.356+0000][227][safepoint   ] Safepoint "Cleanup", Time since last: 1007177250 ns, Reaching safepoint: 800708 ns, At safepoint: 20417 ns, Total: 821125 ns
[2022-03-21T09:36:03.381+0000][227][safepoint   ] Safepoint "Cleanup", Time since last: 1023856376 ns, Reaching safepoint: 226375 ns, At safepoint: 6291 ns, Total: 232666 ns
[2022-03-21T09:36:09.400+0000][227][safepoint   ] Safepoint "Cleanup", Time since last: 6019146003 ns, Reaching safepoint: 447542 ns, At safepoint: 9208 ns, Total: 456750 ns
[2022-03-21T09:36:10.404+0000][227][safepoint   ] Safepoint "Cleanup", Time since last: 1003367334 ns, Reaching safepoint: 291125 ns, At safepoint: 7292 ns, Total: 298417 ns
[2022-03-21T09:36:12.406+0000][227][safepoint   ] Safepoint "Cleanup", Time since last: 2006830875 ns, Reaching safepoint: 678750 ns, At safepoint: 18625 ns, Total: 697375 ns
[2022-03-21T09:36:16.433+0000][227][safepoint   ] Safepoint "Cleanup", Time since last: 4027260335 ns, Reaching safepoint: 206292 ns, At safepoint: 5583 ns, Total: 211875 ns
[2022-03-21T09:36:22.457+0000][227][safepoint   ] Safepoint "Cleanup", Time since last: 6023162878 ns, Reaching safepoint: 1023792 ns, At safepoint: 22375 ns, Total: 1046167 ns
[2022-03-21T09:36:29.481+0000][227][safepoint   ] Safepoint "Cleanup", Time since last: 7023358628 ns, Reaching safepoint: 796125 ns, At safepoint: 120709 ns, Total: 916834 ns
[2022-03-21T09:36:32.511+0000][227][safepoint   ] Safepoint "Cleanup", Time since last: 3028546084 ns, Reaching safepoint: 631459 ns, At safepoint: 10708 ns, Total: 642167 ns
[2022-03-21T09:36:37.536+0000][227][safepoint   ] Safepoint "Cleanup", Time since last: 5025388336 ns, Reaching safepoint: 251333 ns, At safepoint: 12375 ns, Total: 263708 ns
[2022-03-21T09:36:42.555+0000][227][safepoint   ] Safepoint "Cleanup", Time since last: 5025414085 ns, Reaching safepoint: 427334 ns, At safepoint: 8583 ns, Total: 435917 ns
[2022-03-21T09:36:46.566+0000][227][safepoint   ] Safepoint "Cleanup", Time since last: 4010362877 ns, Reaching safepoint: 467791 ns, At safepoint: 13334 ns, Total: 481125 ns
[2022-03-21T09:36:48.588+0000][227][safepoint   ] Safepoint "Cleanup", Time since last: 2021613459 ns, Reaching safepoint: 515292 ns, At safepoint: 17333 ns, Total: 532625 ns
[2022-03-21T09:36:50.618+0000][227][safepoint   ] Safepoint "Cleanup", Time since last: 2029588168 ns, Reaching safepoint: 277083 ns, At safepoint: 9167 ns, Total: 286250 ns
[2022-03-21T09:36:52.684+0000][227][safepoint   ] Safepoint "Cleanup", Time since last: 2052586084 ns, Reaching safepoint: 13796417 ns, At safepoint: 26708 ns, Total: 13823125 ns
[2022-03-21T09:36:56.700+0000][227][safepoint   ] Safepoint "Cleanup", Time since last: 4015428210 ns, Reaching safepoint: 716917 ns, At safepoint: 38625 ns, Total: 755542 ns
[2022-03-21T09:37:02.737+0000][227][safepoint   ] Safepoint "Cleanup", Time since last: 6034095836 ns, Reaching safepoint: 2293750 ns, At safepoint: 13584 ns, Total: 2307334 ns
[2022-03-21T09:37:03.754+0000][227][safepoint   ] Safepoint "Cleanup", Time since last: 1017320250 ns, Reaching safepoint: 300875 ns, At safepoint: 6167 ns, Total: 307042 ns
[2022-03-21T09:37:04.765+0000][227][safepoint   ] Safepoint "Cleanup", Time since last: 1009332708 ns, Reaching safepoint: 751584 ns, At safepoint: 18750 ns, Total: 770334 ns
[2022-03-21T09:37:06.773+0000][227][safepoint   ] Safepoint "Cleanup", Time since last: 2008176917 ns, Reaching safepoint: 640792 ns, At safepoint: 28625 ns, Total: 669417 ns
[2022-03-21T09:37:09.785+0000][227][safepoint   ] Safepoint "Cleanup", Time since last: 3009440960 ns, Reaching safepoint: 1929292 ns, At safepoint: 12208 ns, Total: 1941500 ns
[2022-03-21T09:37:12.794+0000][227][safepoint   ] Safepoint "Cleanup", Time since last: 3009631959 ns, Reaching safepoint: 274209 ns, At safepoint: 6750 ns, Total: 280959 ns
[2022-03-21T09:37:13.804+0000][227][safepoint   ] Safepoint "Cleanup", Time since last: 1009453625 ns, Reaching safepoint: 687750 ns, At safepoint: 21000 ns, Total: 708750 ns
[2022-03-21T09:37:22.835+0000][227][safepoint   ] Safepoint "Cleanup", Time since last: 9031365546 ns, Reaching safepoint: 180042 ns, At safepoint: 3875 ns, Total: 183917 ns
[2022-03-21T09:37:23.839+0000][227][safepoint   ] Safepoint "Cleanup", Time since last: 1002972542 ns, Reaching safepoint: 384083 ns, At safepoint: 24917 ns, Total: 409000 ns
[2022-03-21T09:37:29.863+0000][227][safepoint   ] Safepoint "Cleanup", Time since last: 6023008503 ns, Reaching safepoint: 931041 ns, At safepoint: 274167 ns, Total: 1205208 ns
[2022-03-21T09:37:32.879+0000][227][safepoint   ] Safepoint "Cleanup", Time since last: 3016029002 ns, Reaching safepoint: 102291 ns, At safepoint: 4000 ns, Total: 106291 ns
[2022-03-21T09:37:39.900+0000][227][safepoint   ] Safepoint "Cleanup", Time since last: 7013960254 ns, Reaching safepoint: 7348708 ns, At safepoint: 64917 ns, Total: 7413625 ns
[2022-03-21T09:37:40.908+0000][227][safepoint   ] Safepoint "Cleanup", Time since last: 1007056625 ns, Reaching safepoint: 537667 ns, At safepoint: 14041 ns, Total: 551708 ns
[2022-03-21T09:37:43.933+0000][227][safepoint   ] Safepoint "Cleanup", Time since last: 3020243335 ns, Reaching safepoint: 697250 ns, At safepoint: 11667 ns, Total: 708917 ns
[2022-03-21T09:37:49.960+0000][227][safepoint   ] Safepoint "Cleanup", Time since last: 6026241669 ns, Reaching safepoint: 630333 ns, At safepoint: 17250 ns, Total: 647583 ns
[2022-03-21T09:37:53.981+0000][227][safepoint   ] Safepoint "Cleanup", Time since last: 4019319752 ns, Reaching safepoint: 860250 ns, At safepoint: 14417 ns, Total: 874667 ns
[2022-03-21T09:37:58.015+0000][227][safepoint   ] Safepoint "Cleanup", Time since last: 4033755335 ns, Reaching safepoint: 719000 ns, At safepoint: 13750 ns, Total: 732750 ns
[2022-03-21T09:38:04.049+0000][227][safepoint   ] Safepoint "Cleanup", Time since last: 6033295170 ns, Reaching safepoint: 601666 ns, At safepoint: 15709 ns, Total: 617375 ns
[2022-03-21T09:38:07.066+0000][227][safepoint   ] Safepoint "Cleanup", Time since last: 3016479501 ns, Reaching safepoint: 348959 ns, At safepoint: 5916 ns, Total: 354875 ns
[2022-03-21T09:38:08.073+0000][227][safepoint   ] Safepoint "Cleanup", Time since last: 1006422084 ns, Reaching safepoint: 1028250 ns, At safepoint: 22208 ns, Total: 1050458 ns
[2022-03-21T09:38:14.109+0000][227][safepoint   ] Safepoint "Cleanup", Time since last: 6031102545 ns, Reaching safepoint: 702458 ns, At safepoint: 14083 ns, Total: 716541 ns
[2022-03-21T09:38:15.120+0000][227][safepoint   ] Safepoint "Cleanup", Time since last: 1010602834 ns, Reaching safepoint: 604125 ns, At safepoint: 15458 ns, Total: 619583 ns
[2022-03-21T09:38:21.153+0000][227][safepoint   ] Safepoint "Cleanup", Time since last: 6032802420 ns, Reaching safepoint: 887083 ns, At safepoint: 18334 ns, Total: 905417 ns
[2022-03-21T09:38:22.166+0000][227][safepoint   ] Safepoint "Cleanup", Time since last: 1011952167 ns, Reaching safepoint: 798083 ns, At safepoint: 14625 ns, Total: 812708 ns
[2022-03-21T09:38:24.185+0000][227][safepoint   ] Safepoint "Cleanup", Time since last: 2017723793 ns, Reaching safepoint: 1143125 ns, At safepoint: 9750 ns, Total: 1152875 ns
[2022-03-21T09:38:32.212+0000][227][safepoint   ] Safepoint "Cleanup", Time since last: 8026001170 ns, Reaching safepoint: 517084 ns, At safepoint: 17791 ns, Total: 534875 ns
[2022-03-21T09:38:34.236+0000][227][safepoint   ] Safepoint "Cleanup", Time since last: 2023369335 ns, Reaching safepoint: 596166 ns, At safepoint: 17209 ns, Total: 613375 ns
[2022-03-21T09:38:44.281+0000][227][safepoint   ] Safepoint "Cleanup", Time since last: 10056786879 ns, Reaching safepoint: 459833 ns, At safepoint: 9500 ns, Total: 469333 ns
[2022-03-21T09:38:52.306+0000][227][safepoint   ] Safepoint "Cleanup", Time since last: 8023748379 ns, Reaching safepoint: 1142584 ns, At safepoint: 18625 ns, Total: 1161209 ns
[2022-03-21T09:38:53.324+0000][227][safepoint   ] Safepoint "Cleanup", Time since last: 1016806042 ns, Reaching safepoint: 722625 ns, At safepoint: 10791 ns, Total: 733416 ns
[2022-03-21T09:38:54.344+0000][227][safepoint   ] Safepoint "Cleanup", Time since last: 1019531376 ns, Reaching safepoint: 302750 ns, At safepoint: 15875 ns, Total: 318625 ns
[2022-03-21T09:38:58.354+0000][227][safepoint   ] Safepoint "Cleanup", Time since last: 4010042752 ns, Reaching safepoint: 528416 ns, At safepoint: 15917 ns, Total: 544333 ns
[2022-03-21T09:39:13.404+0000][227][safepoint   ] Safepoint "Cleanup", Time since last: 15048221965 ns, Reaching safepoint: 985875 ns, At safepoint: 14625 ns, Total: 1000500 ns
[2022-03-21T09:39:14.409+0000][227][safepoint   ] Safepoint "Cleanup", Time since last: 1004736251 ns, Reaching safepoint: 59875 ns, At safepoint: 2875 ns, Total: 62750 ns
[2022-03-21T09:39:15.415+0000][227][safepoint   ] Safepoint "Cleanup", Time since last: 1005528667 ns, Reaching safepoint: 310833 ns, At safepoint: 12209 ns, Total: 323042 ns
[2022-03-21T09:39:18.429+0000][227][safepoint   ] Safepoint "Cleanup", Time since last: 3013649709 ns, Reaching safepoint: 459625 ns, At safepoint: 17625 ns, Total: 477250 ns
[2022-03-21T09:39:19.456+0000][227][safepoint   ] Safepoint "Cleanup", Time since last: 1025832917 ns, Reaching safepoint: 612459 ns, At safepoint: 17083 ns, Total: 629542 ns
[2022-03-21T09:39:20.469+0000][227][safepoint   ] Safepoint "Cleanup", Time since last: 1012897459 ns, Reaching safepoint: 522333 ns, At safepoint: 12084 ns, Total: 534417 ns
[2022-03-21T09:39:22.483+0000][227][safepoint   ] Safepoint "Cleanup", Time since last: 2013696459 ns, Reaching safepoint: 425542 ns, At safepoint: 11916 ns, Total: 437458 ns
[2022-03-21T09:39:25.516+0000][227][safepoint   ] Safepoint "Cleanup", Time since last: 3032487252 ns, Reaching safepoint: 456166 ns, At safepoint: 12917 ns, Total: 469083 ns
[2022-03-21T09:39:26.530+0000][227][safepoint   ] Safepoint "Cleanup", Time since last: 1013117792 ns, Reaching safepoint: 394459 ns, At safepoint: 9500 ns, Total: 403959 ns
[2022-03-21T09:39:27.538+0000][227][safepoint   ] Safepoint "Cleanup", Time since last: 1007731708 ns, Reaching safepoint: 466167 ns, At safepoint: 14667 ns, Total: 480834 ns
[2022-03-21T09:39:35.568+0000][227][safepoint   ] Safepoint "Cleanup", Time since last: 8029650212 ns, Reaching safepoint: 614458 ns, At safepoint: 16000 ns, Total: 630458 ns
[2022-03-21T09:39:42.619+0000][227][safepoint   ] Safepoint "Cleanup", Time since last: 7045629045 ns, Reaching safepoint: 364708 ns, At safepoint: 11750 ns, Total: 376458 ns
[2022-03-21T09:39:45.632+0000][227][safepoint   ] Safepoint "Cleanup", Time since last: 3013025960 ns, Reaching safepoint: 500875 ns, At safepoint: 12125 ns, Total: 513000 ns
[2022-03-21T09:39:50.654+0000][227][safepoint   ] Safepoint "Cleanup", Time since last: 5021342544 ns, Reaching safepoint: 334958 ns, At safepoint: 11500 ns, Total: 346458 ns
[2022-03-21T09:39:53.676+0000][227][safepoint   ] Safepoint "Cleanup", Time since last: 3021397001 ns, Reaching safepoint: 461417 ns, At safepoint: 10583 ns, Total: 472000 ns
[2022-03-21T09:39:54.680+0000][227][safepoint   ] Safepoint "Cleanup", Time since last: 1003830084 ns, Reaching safepoint: 515250 ns, At safepoint: 15500 ns, Total: 530750 ns
[2022-03-21T09:39:57.702+0000][227][safepoint   ] Safepoint "Cleanup", Time since last: 3021264043 ns, Reaching safepoint: 277375 ns, At safepoint: 8000 ns, Total: 285375 ns
[2022-03-21T09:39:58.715+0000][227][safepoint   ] Safepoint "Cleanup", Time since last: 1012032543 ns, Reaching safepoint: 916375 ns, At safepoint: 15125 ns, Total: 931500 ns
[2022-03-21T09:40:05.788+0000][227][safepoint   ] Safepoint "Cleanup", Time since last: 7072906086 ns, Reaching safepoint: 146959 ns, At safepoint: 5000 ns, Total: 151959 ns
[2022-03-21T09:40:12.837+0000][227][safepoint   ] Safepoint "Cleanup", Time since last: 7046797586 ns, Reaching safepoint: 1009875 ns, At safepoint: 22166 ns, Total: 1032041 ns
[2022-03-21T09:40:15.859+0000][227][safepoint   ] Safepoint "Cleanup", Time since last: 3020927668 ns, Reaching safepoint: 534417 ns, At safepoint: 12083 ns, Total: 546500 ns
[2022-03-21T09:40:19.878+0000][227][safepoint   ] Safepoint "Cleanup", Time since last: 4018672586 ns, Reaching safepoint: 821250 ns, At safepoint: 22583 ns, Total: 843833 ns
[2022-03-21T09:40:23.919+0000][227][safepoint   ] Safepoint "Cleanup", Time since last: 4038063460 ns, Reaching safepoint: 2198084 ns, At safepoint: 20000 ns, Total: 2218084 ns
[2022-03-21T09:40:24.929+0000][227][safepoint   ] Safepoint "Cleanup", Time since last: 1009599250 ns, Reaching safepoint: 728292 ns, At safepoint: 36666 ns, Total: 764958 ns
[2022-03-21T09:40:25.956+0000][227][safepoint   ] Safepoint "Cleanup", Time since last: 1027207918 ns, Reaching safepoint: 241208 ns, At safepoint: 10958 ns, Total: 252166 ns
[2022-03-21T09:40:36.006+0000][227][safepoint   ] Safepoint "Cleanup", Time since last: 10049244630 ns, Reaching safepoint: 90208 ns, At safepoint: 3125 ns, Total: 93333 ns
[2022-03-21T09:40:37.013+0000][227][safepoint   ] Safepoint "Cleanup", Time since last: 1006701167 ns, Reaching safepoint: 475709 ns, At safepoint: 14375 ns, Total: 490084 ns
[2022-03-21T09:40:37.540+0000][227][gc,start    ] GC(18) Pause Young (Normal) (G1 Evacuation Pause)
[2022-03-21T09:40:37.549+0000][227][gc,task     ] GC(18) Using 5 workers of 5 for evacuation
[2022-03-21T09:40:37.553+0000][227][gc,age      ] GC(18) Desired survivor size 20971520 bytes, new threshold 3 (max threshold 15)
[2022-03-21T09:40:37.672+0000][227][gc,age      ] GC(18) Age table with threshold 3 (max threshold 15)
[2022-03-21T09:40:37.674+0000][227][gc,age      ] GC(18) - age   1:      47968 bytes,      47968 total
[2022-03-21T09:40:37.677+0000][227][gc,age      ] GC(18) - age   2:    3040008 bytes,    3087976 total
[2022-03-21T09:40:37.678+0000][227][gc,age      ] GC(18) - age   3:   14050880 bytes,   17138856 total
[2022-03-21T09:40:37.679+0000][227][gc,phases   ] GC(18)   Pre Evacuate Collection Set: 2.2ms
[2022-03-21T09:40:37.680+0000][227][gc,phases   ] GC(18)   Merge Heap Roots: 0.6ms
[2022-03-21T09:40:37.682+0000][227][gc,phases   ] GC(18)   Evacuate Collection Set: 111.8ms
[2022-03-21T09:40:37.683+0000][227][gc,phases   ] GC(18)   Post Evacuate Collection Set: 2.6ms
[2022-03-21T09:40:37.685+0000][227][gc,phases   ] GC(18)   Other: 21.9ms
[2022-03-21T09:40:37.686+0000][227][gc,heap     ] GC(18) Eden regions: 70->0(71)
[2022-03-21T09:40:37.687+0000][227][gc,heap     ] GC(18) Survivor regions: 6->5(10)
[2022-03-21T09:40:37.688+0000][227][gc,heap     ] GC(18) Old regions: 12->13
[2022-03-21T09:40:37.689+0000][227][gc,heap     ] GC(18) Archive regions: 2->2
[2022-03-21T09:40:37.689+0000][227][gc,heap     ] GC(18) Humongous regions: 0->0
[2022-03-21T09:40:37.691+0000][227][gc,metaspace] GC(18) Metaspace: 107558K(109376K)->107558K(109376K) NonClass: 92952K(94016K)->92952K(94016K) Class: 14605K(15360K)->14605K(15360K)
[2022-03-21T09:40:37.692+0000][227][gc          ] GC(18) Pause Young (Normal) (G1 Evacuation Pause) 353M->74M(512M) 151.180ms
[2022-03-21T09:40:37.693+0000][227][gc,cpu      ] GC(18) User=0.13s Sys=0.10s Real=0.16s
[2022-03-21T09:40:37.694+0000][227][safepoint   ] Safepoint "G1CollectForAllocation", Time since last: 527106917 ns, Reaching safepoint: 200333 ns, At safepoint: 153322708 ns, Total: 153523041 ns
[2022-03-21T09:40:41.717+0000][227][safepoint   ] Safepoint "Cleanup", Time since last: 4026027835 ns, Reaching safepoint: 843875 ns, At safepoint: 21583 ns, Total: 865458 ns
[2022-03-21T09:40:42.738+0000][227][safepoint   ] Safepoint "Cleanup", Time since last: 1021034251 ns, Reaching safepoint: 330125 ns, At safepoint: 9542 ns, Total: 339667 ns
[2022-03-21T09:40:46.761+0000][227][safepoint   ] Safepoint "Cleanup", Time since last: 4022487126 ns, Reaching safepoint: 690709 ns, At safepoint: 15958 ns, Total: 706667 ns
[2022-03-21T09:40:56.812+0000][227][safepoint   ] Safepoint "Cleanup", Time since last: 10049185297 ns, Reaching safepoint: 1349500 ns, At safepoint: 13000 ns, Total: 1362500 ns
[2022-03-21T09:40:57.848+0000][227][safepoint   ] Safepoint "Cleanup", Time since last: 1035760625 ns, Reaching safepoint: 500000 ns, At safepoint: 13417 ns, Total: 513417 ns
[2022-03-21T09:41:00.889+0000][227][safepoint   ] Safepoint "Cleanup", Time since last: 3023718460 ns, Reaching safepoint: 17413916 ns, At safepoint: 34084 ns, Total: 17448000 ns
[2022-03-21T09:41:06.916+0000][227][safepoint   ] Safepoint "Cleanup", Time since last: 6026329502 ns, Reaching safepoint: 646709 ns, At safepoint: 15250 ns, Total: 661959 ns
[2022-03-21T09:41:11.939+0000][227][safepoint   ] Safepoint "Cleanup", Time since last: 5020547085 ns, Reaching safepoint: 701666 ns, At safepoint: 17459 ns, Total: 719125 ns
[2022-03-21T09:41:16.967+0000][227][safepoint   ] Safepoint "Cleanup", Time since last: 5026761252 ns, Reaching safepoint: 814708 ns, At safepoint: 15834 ns, Total: 830542 ns
[2022-03-21T09:41:24.020+0000][227][safepoint   ] Safepoint "Cleanup", Time since last: 7052271586 ns, Reaching safepoint: 710000 ns, At safepoint: 18000 ns, Total: 728000 ns
[2022-03-21T09:41:25.037+0000][227][safepoint   ] Safepoint "Cleanup", Time since last: 1016730459 ns, Reaching safepoint: 545000 ns, At safepoint: 18167 ns, Total: 563167 ns
[2022-03-21T09:41:27.063+0000][227][safepoint   ] Safepoint "Cleanup", Time since last: 2025076876 ns, Reaching safepoint: 632666 ns, At safepoint: 9500 ns, Total: 642166 ns
[2022-03-21T09:41:28.071+0000][227][safepoint   ] Safepoint "Cleanup", Time since last: 1007762959 ns, Reaching safepoint: 542459 ns, At safepoint: 7833 ns, Total: 550292 ns
[2022-03-21T09:41:31.102+0000][227][safepoint   ] Safepoint "Cleanup", Time since last: 3030111376 ns, Reaching safepoint: 188959 ns, At safepoint: 119708 ns, Total: 308667 ns
[2022-03-21T09:41:33.127+0000][227][safepoint   ] Safepoint "Cleanup", Time since last: 2024374709 ns, Reaching safepoint: 946125 ns, At safepoint: 21000 ns, Total: 967125 ns
[2022-03-21T09:41:37.150+0000][227][safepoint   ] Safepoint "Cleanup", Time since last: 4022328836 ns, Reaching safepoint: 437791 ns, At safepoint: 8000 ns, Total: 445791 ns
[2022-03-21T09:41:47.219+0000][227][safepoint   ] Safepoint "Cleanup", Time since last: 10070238546 ns, Reaching safepoint: 234292 ns, At safepoint: 9291 ns, Total: 243583 ns
[2022-03-21T09:41:54.265+0000][227][safepoint   ] Safepoint "Cleanup", Time since last: 7045818545 ns, Reaching safepoint: 225667 ns, At safepoint: 7667 ns, Total: 233334 ns
[2022-03-21T09:41:59.288+0000][227][safepoint   ] Safepoint "Cleanup", Time since last: 5021801627 ns, Reaching safepoint: 674333 ns, At safepoint: 54000 ns, Total: 728333 ns
[2022-03-21T09:42:07.327+0000][227][safepoint   ] Safepoint "Cleanup", Time since last: 8039220754 ns, Reaching safepoint: 63209 ns, At safepoint: 3250 ns, Total: 66459 ns
[2022-03-21T09:42:08.335+0000][227][safepoint   ] Safepoint "Cleanup", Time since last: 1007137542 ns, Reaching safepoint: 629875 ns, At safepoint: 18541 ns, Total: 648416 ns
[2022-03-21T09:42:14.396+0000][227][safepoint   ] Safepoint "Cleanup", Time since last: 6063990753 ns, Reaching safepoint: 319917 ns, At safepoint: 15416 ns, Total: 335333 ns
[2022-03-21T09:42:18.423+0000][227][safepoint   ] Safepoint "Cleanup", Time since last: 4025793544 ns, Reaching safepoint: 800292 ns, At safepoint: 21041 ns, Total: 821333 ns
[2022-03-21T09:42:29.502+0000][227][safepoint   ] Safepoint "Cleanup", Time since last: 11078223922 ns, Reaching safepoint: 976542 ns, At safepoint: 23917 ns, Total: 1000459 ns
[2022-03-21T09:42:36.556+0000][227][safepoint   ] Safepoint "Cleanup", Time since last: 7052914628 ns, Reaching safepoint: 646917 ns, At safepoint: 22083 ns, Total: 669000 ns
[2022-03-21T09:42:38.583+0000][227][safepoint   ] Safepoint "Cleanup", Time since last: 2026552543 ns, Reaching safepoint: 893375 ns, At safepoint: 17416 ns, Total: 910791 ns
[2022-03-21T09:42:41.602+0000][227][safepoint   ] Safepoint "Cleanup", Time since last: 3019729335 ns, Reaching safepoint: 394416 ns, At safepoint: 18084 ns, Total: 412500 ns
[2022-03-21T09:42:52.653+0000][227][safepoint   ] Safepoint "Cleanup", Time since last: 11049398255 ns, Reaching safepoint: 1435667 ns, At safepoint: 24958 ns, Total: 1460625 ns
[2022-03-21T09:43:04.740+0000][227][safepoint   ] Safepoint "Cleanup", Time since last: 12086732631 ns, Reaching safepoint: 471750 ns, At safepoint: 37833 ns, Total: 509583 ns
[2022-03-21T09:43:18.824+0000][227][safepoint   ] Safepoint "Cleanup", Time since last: 14084791381 ns, Reaching safepoint: 1005625 ns, At safepoint: 51417 ns, Total: 1057042 ns
[2022-03-21T09:43:23.862+0000][227][safepoint   ] Safepoint "Cleanup", Time since last: 5036313711 ns, Reaching safepoint: 884958 ns, At safepoint: 10625 ns, Total: 895583 ns
[2022-03-21T09:43:28.902+0000][227][safepoint   ] Safepoint "Cleanup", Time since last: 5039260711 ns, Reaching safepoint: 751916 ns, At safepoint: 13375 ns, Total: 765291 ns
[2022-03-21T09:43:29.913+0000][227][safepoint   ] Safepoint "Cleanup", Time since last: 1007721292 ns, Reaching safepoint: 3631334 ns, At safepoint: 70041 ns, Total: 3701375 ns
[2022-03-21T09:43:38.977+0000][227][safepoint   ] Safepoint "Cleanup", Time since last: 9063052921 ns, Reaching safepoint: 574875 ns, At safepoint: 16792 ns, Total: 591667 ns
[2022-03-21T09:43:49.019+0000][227][safepoint   ] Safepoint "Cleanup", Time since last: 10042347296 ns, Reaching safepoint: 740708 ns, At safepoint: 13042 ns, Total: 753750 ns
[2022-03-21T09:43:59.091+0000][227][safepoint   ] Safepoint "Cleanup", Time since last: 10071631796 ns, Reaching safepoint: 332292 ns, At safepoint: 5875 ns, Total: 338167 ns
[2022-03-21T09:44:09.138+0000][227][safepoint   ] Safepoint "Cleanup", Time since last: 10046609046 ns, Reaching safepoint: 67917 ns, At safepoint: 2041 ns, Total: 69958 ns
[2022-03-21T09:44:20.181+0000][227][safepoint   ] Safepoint "Cleanup", Time since last: 11044403005 ns, Reaching safepoint: 582167 ns, At safepoint: 17500 ns, Total: 599667 ns
[2022-03-21T09:44:28.259+0000][227][safepoint   ] Safepoint "Cleanup", Time since last: 8076770629 ns, Reaching safepoint: 1262250 ns, At safepoint: 18333 ns, Total: 1280583 ns
[2022-03-21T09:44:30.275+0000][227][safepoint   ] Safepoint "Cleanup", Time since last: 2015605501 ns, Reaching safepoint: 387250 ns, At safepoint: 14875 ns, Total: 402125 ns
[2022-03-21T09:44:47.343+0000][227][safepoint   ] Safepoint "Cleanup", Time since last: 17066174216 ns, Reaching safepoint: 545959 ns, At safepoint: 7833 ns, Total: 553792 ns
[2022-03-21T09:44:50.374+0000][227][safepoint   ] Safepoint "Cleanup", Time since last: 3031337876 ns, Reaching safepoint: 305625 ns, At safepoint: 14875 ns, Total: 320500 ns
[2022-03-21T09:44:51.386+0000][227][safepoint   ] Safepoint "Cleanup", Time since last: 1011628501 ns, Reaching safepoint: 203000 ns, At safepoint: 6458 ns, Total: 209458 ns
[2022-03-21T09:44:52.402+0000][227][safepoint   ] Safepoint "Cleanup", Time since last: 1015918084 ns, Reaching safepoint: 428083 ns, At safepoint: 8625 ns, Total: 436708 ns
[2022-03-21T09:45:00.420+0000][227][safepoint   ] Safepoint "Cleanup", Time since last: 8014644838 ns, Reaching safepoint: 3066541 ns, At safepoint: 19625 ns, Total: 3086166 ns
[2022-03-21T09:45:02.438+0000][227][safepoint   ] Safepoint "Cleanup", Time since last: 2017208918 ns, Reaching safepoint: 683125 ns, At safepoint: 28958 ns, Total: 712083 ns
[2022-03-21T09:45:08.465+0000][227][safepoint   ] Safepoint "Cleanup", Time since last: 6025178336 ns, Reaching safepoint: 1389292 ns, At safepoint: 14708 ns, Total: 1404000 ns
[2022-03-21T09:45:10.475+0000][227][safepoint   ] Safepoint "Cleanup", Time since last: 2010021168 ns, Reaching safepoint: 267750 ns, At safepoint: 7833 ns, Total: 275583 ns
[2022-03-21T09:45:21.524+0000][227][safepoint   ] Safepoint "Cleanup", Time since last: 11045564922 ns, Reaching safepoint: 338291 ns, At safepoint: 13584 ns, Total: 351875 ns
[2022-03-21T09:45:22.538+0000][227][safepoint   ] Safepoint "Cleanup", Time since last: 1013588167 ns, Reaching safepoint: 870125 ns, At safepoint: 19458 ns, Total: 889583 ns
[2022-03-21T09:45:30.575+0000][227][safepoint   ] Safepoint "Cleanup", Time since last: 8035332962 ns, Reaching safepoint: 915084 ns, At safepoint: 17750 ns, Total: 932834 ns
[2022-03-21T09:45:39.616+0000][227][safepoint   ] Safepoint "Cleanup", Time since last: 9040421504 ns, Reaching safepoint: 433292 ns, At safepoint: 16708 ns, Total: 450000 ns
[2022-03-21T09:45:40.630+0000][227][safepoint   ] Safepoint "Cleanup", Time since last: 1014158959 ns, Reaching safepoint: 135250 ns, At safepoint: 5375 ns, Total: 140625 ns
[2022-03-21T09:45:41.641+0000][227][safepoint   ] Safepoint "Cleanup", Time since last: 1008003416 ns, Reaching safepoint: 205084 ns, At safepoint: 7750 ns, Total: 212834 ns
[2022-03-21T09:45:42.649+0000][227][safepoint   ] Safepoint "Cleanup", Time since last: 1006910667 ns, Reaching safepoint: 530125 ns, At safepoint: 17208 ns, Total: 547333 ns
[2022-03-21T09:45:44.661+0000][227][safepoint   ] Safepoint "Cleanup", Time since last: 2011576959 ns, Reaching safepoint: 851917 ns, At safepoint: 13625 ns, Total: 865542 ns
[2022-03-21T09:45:52.690+0000][227][safepoint   ] Safepoint "Cleanup", Time since last: 8028600087 ns, Reaching safepoint: 682667 ns, At safepoint: 14500 ns, Total: 697167 ns
[2022-03-21T09:45:59.743+0000][227][safepoint   ] Safepoint "Cleanup", Time since last: 7051195003 ns, Reaching safepoint: 1770875 ns, At safepoint: 14209 ns, Total: 1785084 ns
[2022-03-21T09:46:00.749+0000][227][safepoint   ] Safepoint "Cleanup", Time since last: 1005722750 ns, Reaching safepoint: 155125 ns, At safepoint: 3875 ns, Total: 159000 ns
[2022-03-21T09:46:24.804+0000][227][safepoint   ] Safepoint "Cleanup", Time since last: 24063804970 ns, Reaching safepoint: 253541 ns, At safepoint: 14417 ns, Total: 267958 ns
[2022-03-21T09:46:33.935+0000][227][gc,start    ] GC(19) Pause Young (Normal) (G1 Evacuation Pause)
[2022-03-21T09:46:33.949+0000][227][gc,task     ] GC(19) Using 5 workers of 5 for evacuation
[2022-03-21T09:46:33.958+0000][227][gc,age      ] GC(19) Desired survivor size 20971520 bytes, new threshold 15 (max threshold 15)
[2022-03-21T09:46:34.069+0000][227][gc,age      ] GC(19) Age table with threshold 15 (max threshold 15)
[2022-03-21T09:46:34.071+0000][227][gc,age      ] GC(19) - age   1:      45816 bytes,      45816 total
[2022-03-21T09:46:34.072+0000][227][gc,age      ] GC(19) - age   2:      38624 bytes,      84440 total
[2022-03-21T09:46:34.073+0000][227][gc,age      ] GC(19) - age   3:    2888272 bytes,    2972712 total
[2022-03-21T09:46:34.073+0000][227][gc,age      ] GC(19) - age   4:   13154208 bytes,   16126920 total
[2022-03-21T09:46:34.075+0000][227][gc,phases   ] GC(19)   Pre Evacuate Collection Set: 0.7ms
[2022-03-21T09:46:34.076+0000][227][gc,phases   ] GC(19)   Merge Heap Roots: 0.6ms
[2022-03-21T09:46:34.078+0000][227][gc,phases   ] GC(19)   Evacuate Collection Set: 102.8ms
[2022-03-21T09:46:34.078+0000][227][gc,phases   ] GC(19)   Post Evacuate Collection Set: 2.9ms
[2022-03-21T09:46:34.080+0000][227][gc,phases   ] GC(19)   Other: 33.5ms
[2022-03-21T09:46:34.082+0000][227][gc,heap     ] GC(19) Eden regions: 71->0(71)
[2022-03-21T09:46:34.083+0000][227][gc,heap     ] GC(19) Survivor regions: 5->5(10)
[2022-03-21T09:46:34.084+0000][227][gc,heap     ] GC(19) Old regions: 13->13
[2022-03-21T09:46:34.085+0000][227][gc,heap     ] GC(19) Archive regions: 2->2
[2022-03-21T09:46:34.085+0000][227][gc,heap     ] GC(19) Humongous regions: 0->0
[2022-03-21T09:46:34.087+0000][227][gc,metaspace] GC(19) Metaspace: 107710K(109504K)->107710K(109504K) NonClass: 93103K(94144K)->93103K(94144K) Class: 14607K(15360K)->14607K(15360K)
[2022-03-21T09:46:34.088+0000][227][gc          ] GC(19) Pause Young (Normal) (G1 Evacuation Pause) 358M->73M(512M) 153.752ms
[2022-03-21T09:46:34.090+0000][227][gc,cpu      ] GC(19) User=0.11s Sys=0.09s Real=0.16s
[2022-03-21T09:46:34.090+0000][227][safepoint   ] Safepoint "G1CollectForAllocation", Time since last: 9130209921 ns, Reaching safepoint: 192875 ns, At safepoint: 155715167 ns, Total: 155908042 ns
[2022-03-21T09:46:35.095+0000][227][safepoint   ] Safepoint "Cleanup", Time since last: 1003998875 ns, Reaching safepoint: 825708 ns, At safepoint: 47084 ns, Total: 872792 ns
[2022-03-21T09:46:51.138+0000][227][safepoint   ] Safepoint "Cleanup", Time since last: 16042701965 ns, Reaching safepoint: 272292 ns, At safepoint: 6500 ns, Total: 278792 ns
[2022-03-21T09:46:58.165+0000][227][safepoint   ] Safepoint "Cleanup", Time since last: 7026769920 ns, Reaching safepoint: 301250 ns, At safepoint: 11750 ns, Total: 313000 ns
[2022-03-21T09:47:09.210+0000][227][safepoint   ] Safepoint "Cleanup", Time since last: 11044160047 ns, Reaching safepoint: 263916 ns, At safepoint: 6292 ns, Total: 270208 ns
[2022-03-21T09:47:12.236+0000][227][safepoint   ] Safepoint "Cleanup", Time since last: 3017233417 ns, Reaching safepoint: 251625 ns, At safepoint: 7250 ns, Total: 258875 ns
[2022-03-21T09:47:15.254+0000][227][safepoint   ] Safepoint "Cleanup", Time since last: 3014226043 ns, Reaching safepoint: 4218125 ns, At safepoint: 26084 ns, Total: 4244209 ns
[2022-03-21T09:47:22.300+0000][227][safepoint   ] Safepoint "Cleanup", Time since last: 7044598753 ns, Reaching safepoint: 656917 ns, At safepoint: 11750 ns, Total: 668667 ns
[2022-03-21T09:47:32.330+0000][227][safepoint   ] Safepoint "Cleanup", Time since last: 10030227546 ns, Reaching safepoint: 388375 ns, At safepoint: 7875 ns, Total: 396250 ns
[2022-03-21T09:47:42.335+0000][227][safepoint   ] Safepoint "Cleanup", Time since last: 10014084630 ns, Reaching safepoint: 101125 ns, At safepoint: 4000 ns, Total: 105125 ns
[2022-03-21T09:47:50.363+0000][227][safepoint   ] Safepoint "Cleanup", Time since last: 8027430003 ns, Reaching safepoint: 685125 ns, At safepoint: 15334 ns, Total: 700459 ns
[2022-03-21T09:47:52.379+0000][227][safepoint   ] Safepoint "Cleanup", Time since last: 2016067792 ns, Reaching safepoint: 165167 ns, At safepoint: 3500 ns, Total: 168667 ns
[2022-03-21T09:48:12.426+0000][227][safepoint   ] Safepoint "Cleanup", Time since last: 20038794551 ns, Reaching safepoint: 589458 ns, At safepoint: 9167 ns, Total: 598625 ns
[2022-03-21T09:48:24.477+0000][227][safepoint   ] Safepoint "Cleanup", Time since last: 12050224505 ns, Reaching safepoint: 412459 ns, At safepoint: 10250 ns, Total: 422709 ns
[2022-03-21T09:48:31.504+0000][227][safepoint   ] Safepoint "Cleanup", Time since last: 7026806295 ns, Reaching safepoint: 277208 ns, At safepoint: 11292 ns, Total: 288500 ns
[2022-03-21T09:48:43.529+0000][227][safepoint   ] Safepoint "Cleanup", Time since last: 12038281713 ns, Reaching safepoint: 701500 ns, At safepoint: 12375 ns, Total: 713875 ns
[2022-03-21T09:48:53.222+0000][227][safepoint   ] Safepoint "Cleanup", Time since last: 9693516838 ns, Reaching safepoint: 91084 ns, At safepoint: 28583 ns, Total: 119667 ns
[2022-03-21T09:49:01.253+0000][227][safepoint   ] Safepoint "Cleanup", Time since last: 8030522087 ns, Reaching safepoint: 558959 ns, At safepoint: 183000 ns, Total: 741959 ns
[2022-03-21T09:49:04.267+0000][227][safepoint   ] Safepoint "Cleanup", Time since last: 3012573834 ns, Reaching safepoint: 465292 ns, At safepoint: 21667 ns, Total: 486959 ns
[2022-03-21T09:49:14.321+0000][227][safepoint   ] Safepoint "Cleanup", Time since last: 10050478296 ns, Reaching safepoint: 218166 ns, At safepoint: 5625 ns, Total: 223791 ns
[2022-03-21T09:49:24.348+0000][227][safepoint   ] Safepoint "Cleanup", Time since last: 10026116963 ns, Reaching safepoint: 535584 ns, At safepoint: 12666 ns, Total: 548250 ns
[2022-03-21T09:49:30.377+0000][227][safepoint   ] Safepoint "Cleanup", Time since last: 6028210837 ns, Reaching safepoint: 1051791 ns, At safepoint: 9084 ns, Total: 1060875 ns
[2022-03-21T09:49:38.409+0000][227][safepoint   ] Safepoint "Cleanup", Time since last: 8031894712 ns, Reaching safepoint: 369208 ns, At safepoint: 7792 ns, Total: 377000 ns
[2022-03-21T09:49:39.434+0000][227][safepoint   ] Safepoint "Cleanup", Time since last: 1024852250 ns, Reaching safepoint: 228959 ns, At safepoint: 6708 ns, Total: 235667 ns
[2022-03-21T09:49:41.441+0000][227][safepoint   ] Safepoint "Cleanup", Time since last: 2005262001 ns, Reaching safepoint: 1511791 ns, At safepoint: 16417 ns, Total: 1528208 ns
[2022-03-21T09:49:42.464+0000][227][safepoint   ] Safepoint "Cleanup", Time since last: 1018234958 ns, Reaching safepoint: 715917 ns, At safepoint: 13333 ns, Total: 729250 ns
[2022-03-21T09:49:44.477+0000][227][safepoint   ] Safepoint "Cleanup", Time since last: 2013173918 ns, Reaching safepoint: 526875 ns, At safepoint: 8917 ns, Total: 535792 ns
[2022-03-21T09:49:45.489+0000][227][safepoint   ] Safepoint "Cleanup", Time since last: 1011212542 ns, Reaching safepoint: 453916 ns, At safepoint: 299709 ns, Total: 753625 ns
[2022-03-21T09:49:47.495+0000][227][safepoint   ] Safepoint "Cleanup", Time since last: 2005916167 ns, Reaching safepoint: 310709 ns, At safepoint: 9333 ns, Total: 320042 ns
[2022-03-21T09:49:52.516+0000][227][safepoint   ] Safepoint "Cleanup", Time since last: 5019557377 ns, Reaching safepoint: 476500 ns, At safepoint: 19084 ns, Total: 495584 ns
[2022-03-21T09:49:54.530+0000][227][safepoint   ] Safepoint "Cleanup", Time since last: 2014371667 ns, Reaching safepoint: 262292 ns, At safepoint: 5667 ns, Total: 267959 ns
[2022-03-21T09:50:00.552+0000][227][safepoint   ] Safepoint "Cleanup", Time since last: 6020320919 ns, Reaching safepoint: 1124709 ns, At safepoint: 19625 ns, Total: 1144334 ns
[2022-03-21T09:50:04.572+0000][227][safepoint   ] Safepoint "Cleanup", Time since last: 4020381668 ns, Reaching safepoint: 255334 ns, At safepoint: 13166 ns, Total: 268500 ns
[2022-03-21T09:50:12.590+0000][227][safepoint   ] Safepoint "Cleanup", Time since last: 8019934420 ns, Reaching safepoint: 994125 ns, At safepoint: 12291 ns, Total: 1006416 ns
[2022-03-21T09:50:14.611+0000][227][safepoint   ] Safepoint "Cleanup", Time since last: 2019201126 ns, Reaching safepoint: 908959 ns, At safepoint: 11333 ns, Total: 920292 ns
[2022-03-21T09:50:35.653+0000][227][safepoint   ] Safepoint "Cleanup", Time since last: 21041065010 ns, Reaching safepoint: 916292 ns, At safepoint: 55916 ns, Total: 972208 ns
[2022-03-21T09:50:44.697+0000][227][safepoint   ] Safepoint "Cleanup", Time since last: 9051131046 ns, Reaching safepoint: 49667 ns, At safepoint: 18333 ns, Total: 68000 ns
[2022-03-21T09:50:52.714+0000][227][safepoint   ] Safepoint "Cleanup", Time since last: 8016273421 ns, Reaching safepoint: 414458 ns, At safepoint: 171333 ns, Total: 585791 ns
[2022-03-21T09:51:00.738+0000][227][safepoint   ] Safepoint "Cleanup", Time since last: 8023803754 ns, Reaching safepoint: 259667 ns, At safepoint: 4541 ns, Total: 264208 ns
[2022-03-21T09:51:03.752+0000][227][safepoint   ] Safepoint "Cleanup", Time since last: 3013491377 ns, Reaching safepoint: 184791 ns, At safepoint: 5250 ns, Total: 190041 ns
[2022-03-21T09:51:05.800+0000][227][safepoint   ] Safepoint "Cleanup", Time since last: 2048059251 ns, Reaching safepoint: 269334 ns, At safepoint: 4458 ns, Total: 273792 ns
