[2022-03-21T09:32:41.628+0000][463][gc] Using G1
[2022-03-21T09:32:41.634+0000][463][gc,init] Version: 17.0.2+8 (release)
[2022-03-21T09:32:41.635+0000][463][gc,init] CPUs: 5 total, 5 available
[2022-03-21T09:32:41.636+0000][463][gc,init] Memory: 1988M
[2022-03-21T09:32:41.637+0000][463][gc,init] Large Page Support: Disabled
[2022-03-21T09:32:41.638+0000][463][gc,init] NUMA Support: Disabled
[2022-03-21T09:32:41.639+0000][463][gc,init] Compressed Oops: Enabled (32-bit)
[2022-03-21T09:32:41.640+0000][463][gc,init] Heap Region Size: 1M
[2022-03-21T09:32:41.641+0000][463][gc,init] Heap Min Capacity: 512M
[2022-03-21T09:32:41.642+0000][463][gc,init] Heap Initial Capacity: 512M
[2022-03-21T09:32:41.642+0000][463][gc,init] Heap Max Capacity: 512M
[2022-03-21T09:32:41.643+0000][463][gc,init] Pre-touch: Disabled
[2022-03-21T09:32:41.644+0000][463][gc,init] Parallel Workers: 5
[2022-03-21T09:32:41.644+0000][463][gc,init] Concurrent Workers: 1
[2022-03-21T09:32:41.645+0000][463][gc,init] Concurrent Refinement Workers: 5
[2022-03-21T09:32:41.647+0000][463][gc,init] Periodic GC: Disabled
[2022-03-21T09:32:41.648+0000][463][gc,metaspace] CDS archive(s) not mapped
[2022-03-21T09:32:41.648+0000][463][gc,metaspace] Compressed class space mapped at: 0x0000000100000000-0x0000000140000000, reserved size: 1073741824
[2022-03-21T09:32:41.649+0000][463][gc,metaspace] Narrow klass base: 0x0000000000000000, Narrow klass shift: 3, Narrow klass range: 0x140000000
[2022-03-21T09:32:41.700+0000][463][gc,heap,exit] Heap
[2022-03-21T09:32:41.702+0000][463][gc,heap,exit]  garbage-first heap   total 524288K, used 2048K [0x00000000e0000000, 0x0000000100000000)
[2022-03-21T09:32:41.702+0000][463][gc,heap,exit]   region size 1024K, 2 young (2048K), 0 survivors (0K)
[2022-03-21T09:32:41.704+0000][463][gc,heap,exit]  Metaspace       used 3473K, committed 3520K, reserved 1056768K
[2022-03-21T09:32:41.705+0000][463][gc,heap,exit]   class space    used 278K, committed 320K, reserved 1048576K
