[2022-03-21T09:32:41.751+0000][483][gc] Using G1
[2022-03-21T09:32:41.755+0000][483][gc,init] Version: 17.0.2+8 (release)
[2022-03-21T09:32:41.756+0000][483][gc,init] CPUs: 5 total, 5 available
[2022-03-21T09:32:41.757+0000][483][gc,init] Memory: 1988M
[2022-03-21T09:32:41.758+0000][483][gc,init] Large Page Support: Disabled
[2022-03-21T09:32:41.759+0000][483][gc,init] NUMA Support: Disabled
[2022-03-21T09:32:41.761+0000][483][gc,init] Compressed Oops: Enabled (32-bit)
[2022-03-21T09:32:41.762+0000][483][gc,init] Heap Region Size: 1M
[2022-03-21T09:32:41.763+0000][483][gc,init] Heap Min Capacity: 512M
[2022-03-21T09:32:41.764+0000][483][gc,init] Heap Initial Capacity: 512M
[2022-03-21T09:32:41.764+0000][483][gc,init] Heap Max Capacity: 512M
[2022-03-21T09:32:41.765+0000][483][gc,init] Pre-touch: Disabled
[2022-03-21T09:32:41.766+0000][483][gc,init] Parallel Workers: 5
[2022-03-21T09:32:41.766+0000][483][gc,init] Concurrent Workers: 1
[2022-03-21T09:32:41.767+0000][483][gc,init] Concurrent Refinement Workers: 5
[2022-03-21T09:32:41.769+0000][483][gc,init] Periodic GC: Disabled
[2022-03-21T09:32:41.770+0000][483][gc,metaspace] CDS archive(s) not mapped
[2022-03-21T09:32:41.771+0000][483][gc,metaspace] Compressed class space mapped at: 0x0000000100000000-0x0000000140000000, reserved size: 1073741824
[2022-03-21T09:32:41.772+0000][483][gc,metaspace] Narrow klass base: 0x0000000000000000, Narrow klass shift: 3, Narrow klass range: 0x140000000
[2022-03-21T09:32:41.820+0000][483][gc,heap,exit] Heap
[2022-03-21T09:32:41.822+0000][483][gc,heap,exit]  garbage-first heap   total 524288K, used 2048K [0x00000000e0000000, 0x0000000100000000)
[2022-03-21T09:32:41.824+0000][483][gc,heap,exit]   region size 1024K, 2 young (2048K), 0 survivors (0K)
[2022-03-21T09:32:41.825+0000][483][gc,heap,exit]  Metaspace       used 3479K, committed 3584K, reserved 1056768K
[2022-03-21T09:32:41.826+0000][483][gc,heap,exit]   class space    used 278K, committed 320K, reserved 1048576K
