LimitExec[1000[INTEGER],null]
\_AggregateExec[[],[PERCENTILE(length{r}#0,true[BOOLEAN],PT0S[TIME_DURATION],50[INTEGER]) AS MEDIAN(length)#1],FINAL,[$$MEDIAN(length)$quart{r}#2],null]
  \_ExchangeExec[[$$MEDIAN(length)$quart{r}#2],true]
    \_FragmentExec[filter=null, estimatedRowSize=0, reducer=[], fragment=[<>
Aggregate[[],[PERCENTILE(length{r}#0,true[BOOLEAN],PT0S[TIME_DURATION],50[INTEGER]) AS MEDIAN(length)#1]]
\_Eval[[LENGTH(language_name{f}#3) AS length#0]]
  \_Join[LEFT,[language_code{r}#4],[language_code{f}#5],null,false]
    |_Eval[[sv{f}#6 % 4[INTEGER] + 1[INTEGER] AS language_code#4]]
    | \_EsRelation[many_numbers][mv{f}#7, sv{f}#6, sv_and_one_mv{f}#8]
    \_EsRelation[languages_lookup][LOOKUP][language_code{f}#5, language_name{f}#3]<>]]