Project[[z{r}#0]]
\_Limit[1000[INTEGER],false,false]
  \_Fork[[z{r}#0]]
    |_Project[[network.total_bytes_in{r}#1 AS z#2]]
    | \_Limit[1000[INTEGER],false,false]
    |   \_UnionAll[[@timestamp{r}#3, client.ip{r}#4, cluster{r}#5, event{r}#6, event_city{r}#7, event_city_boundary{r}#8, event_location{r}#9, event_log{r}#10, event_shape{r}#11, events_received{r}#12, network.bytes_in{r}#13, network.cost{r}#14, network.eth0.currently_connected_clients{r}#15, network.eth0.firmware_version{r}#16, network.eth0.last_up{r}#17, network.eth0.rx{r}#18, network.eth0.tx{r}#19, network.eth0.up{r}#20, network.total_bytes_in{r}#1, network.total_cost{r}#21, pod{r}#22, other{r}#23]]
    |     |_Project[[@timestamp{f}#24, client.ip{f}#25, cluster{f}#26, event{f}#27, event_city{f}#28, event_city_boundary{f}#29, event_location{f}#30, event_log{f}#31, event_shape{f}#32, events_received{f}#33, network.bytes_in{f}#34, network.cost{f}#35, network.eth0.currently_connected_clients{f}#36, network.eth0.firmware_version{f}#37, network.eth0.last_up{f}#38, network.eth0.rx{f}#39, network.eth0.tx{f}#40, network.eth0.up{f}#41, network.total_bytes_in{r}#42, network.total_cost{r}#43, pod{f}#44, other{r}#45]]
    |     | \_Eval[[null[INTEGER] AS other#45, TOLONG(network.total_bytes_in{f}#46) AS network.total_bytes_in#42, TODOUBLE(network.total_cost{f}#47) AS network.total_cost#43]]
    |     |   \_EsRelation[k8s-downsampled][@timestamp{f}#24, client.ip{f}#25, cluster{f}#26, event{f}#27, event_city{f}#28, event_city_boundary{f}#29, event_location{f}#30, event_log{f}#31, event_shape{f}#32, events_received{f}#33, network.bytes_in{f}#34, network.cost{f}#35, network.eth0.currently_connected_clients{f}#36, network.eth0.firmware_version{f}#37, network.eth0.last_up{f}#38, network.eth0.rx{f}#39, network.eth0.tx{f}#40, network.eth0.up{f}#41, network.total_bytes_in{f}#46, network.total_cost{f}#47, pod{f}#44]
    |     \_Project[[@timestamp{r}#48, client.ip{r}#49, cluster{r}#50, event{r}#51, event_city{r}#52, event_city_boundary{r}#53, event_location{r}#54, event_log{r}#55, event_shape{r}#56, events_received{r}#57, network.bytes_in{r}#58, network.cost{r}#59, network.eth0.currently_connected_clients{r}#60, network.eth0.firmware_version{r}#61, network.eth0.last_up{r}#62, network.eth0.rx{r}#63, network.eth0.tx{r}#64, network.eth0.up{r}#65, network.total_bytes_in{r}#66, network.total_cost{r}#67, pod{r}#68, other{r}#69]]
    |       \_Eval[[null[DATETIME] AS @timestamp#48, null[IP] AS client.ip#49, null[KEYWORD] AS cluster#50, null[KEYWORD] AS event#51, null[GEO_POINT] AS event_city#52, null[GEO_SHAPE] AS event_city_boundary#53, null[CARTESIAN_POINT] AS event_location#54, null[TEXT] AS event_log#55, null[CARTESIAN_SHAPE] AS event_shape#56, null[LONG] AS events_received#57, null[LONG] AS network.bytes_in#58, null[DOUBLE] AS network.cost#59, null[INTEGER] AS network.eth0.currently_connected_clients#60, null[VERSION] AS network.eth0.firmware_version#61, null[DATE_NANOS] AS network.eth0.last_up#62, null[AGGREGATE_METRIC_DOUBLE] AS network.eth0.rx#63, null[AGGREGATE_METRIC_DOUBLE] AS network.eth0.tx#64, null[BOOLEAN] AS network.eth0.up#65, null[LONG] AS network.total_bytes_in#66, null[DOUBLE] AS network.total_cost#67, null[KEYWORD] AS pod#68]]
    |         \_Subquery[]
    |           \_LocalRelation[[other{r}#69],Page{blocks=[IntVectorBlock[vector=ConstantIntVector[positions=1, value=1]]]}]
    \_Project[[network.total_bytes_in{r}#70 AS z#2]]
      \_Limit[1000[INTEGER],false,false]
        \_UnionAll[[@timestamp{r}#71, client.ip{r}#72, cluster{r}#73, event{r}#74, event_city{r}#75, event_city_boundary{r}#76, event_location{r}#77, event_log{r}#78, event_shape{r}#79, events_received{r}#80, network.bytes_in{r}#81, network.cost{r}#82, network.eth0.currently_connected_clients{r}#83, network.eth0.firmware_version{r}#84, network.eth0.last_up{r}#85, network.eth0.rx{r}#86, network.eth0.tx{r}#87, network.eth0.up{r}#88, network.total_bytes_in{r}#70, network.total_cost{r}#89, pod{r}#90, other{r}#91]]
          |_Project[[@timestamp{f}#92, client.ip{f}#93, cluster{f}#94, event{f}#95, event_city{f}#96, event_city_boundary{f}#97, event_location{f}#98, event_log{f}#99, event_shape{f}#100, events_received{f}#101, network.bytes_in{f}#102, network.cost{f}#103, network.eth0.currently_connected_clients{f}#104, network.eth0.firmware_version{f}#105, network.eth0.last_up{f}#106, network.eth0.rx{f}#107, network.eth0.tx{f}#108, network.eth0.up{f}#109, network.total_bytes_in{r}#110, network.total_cost{r}#111, pod{f}#112, other{r}#113]]
          | \_Eval[[null[INTEGER] AS other#113, TOLONG(network.total_bytes_in{f}#114) AS network.total_bytes_in#110, TODOUBLE(network.total_cost{f}#115) AS network.total_cost#111]]
          |   \_EsRelation[k8s-downsampled][@timestamp{f}#92, client.ip{f}#93, cluster{f}#94, event{f}#95, event_city{f}#96, event_city_boundary{f}#97, event_location{f}#98, event_log{f}#99, event_shape{f}#100, events_received{f}#101, network.bytes_in{f}#102, network.cost{f}#103, network.eth0.currently_connected_clients{f}#104, network.eth0.firmware_version{f}#105, network.eth0.last_up{f}#106, network.eth0.rx{f}#107, network.eth0.tx{f}#108, network.eth0.up{f}#109, network.total_bytes_in{f}#114, network.total_cost{f}#115, pod{f}#112]
          \_Project[[@timestamp{r}#116, client.ip{r}#117, cluster{r}#118, event{r}#119, event_city{r}#120, event_city_boundary{r}#121, event_location{r}#122, event_log{r}#123, event_shape{r}#124, events_received{r}#125, network.bytes_in{r}#126, network.cost{r}#127, network.eth0.currently_connected_clients{r}#128, network.eth0.firmware_version{r}#129, network.eth0.last_up{r}#130, network.eth0.rx{r}#131, network.eth0.tx{r}#132, network.eth0.up{r}#133, network.total_bytes_in{r}#134, network.total_cost{r}#135, pod{r}#136, other{r}#69]]
            \_Eval[[null[DATETIME] AS @timestamp#116, null[IP] AS client.ip#117, null[KEYWORD] AS cluster#118, null[KEYWORD] AS event#119, null[GEO_POINT] AS event_city#120, null[GEO_SHAPE] AS event_city_boundary#121, null[CARTESIAN_POINT] AS event_location#122, null[TEXT] AS event_log#123, null[CARTESIAN_SHAPE] AS event_shape#124, null[LONG] AS events_received#125, null[LONG] AS network.bytes_in#126, null[DOUBLE] AS network.cost#127, null[INTEGER] AS network.eth0.currently_connected_clients#128, null[VERSION] AS network.eth0.firmware_version#129, null[DATE_NANOS] AS network.eth0.last_up#130, null[AGGREGATE_METRIC_DOUBLE] AS network.eth0.rx#131, null[AGGREGATE_METRIC_DOUBLE] AS network.eth0.tx#132, null[BOOLEAN] AS network.eth0.up#133, null[LONG] AS network.total_bytes_in#134, null[DOUBLE] AS network.total_cost#135, null[KEYWORD] AS pod#136]]
              \_Subquery[]
                \_LocalRelation[[other{r}#69],Page{blocks=[IntVectorBlock[vector=ConstantIntVector[positions=1, value=1]]]}]