Limit[1000[INTEGER],false,false]
\_OrderBy[[Order[ts{r}#0,ASC,LAST], Order[_fork{r}#1,ASC,LAST]]]
  \_Project[[ts{r}#0, _fork{r}#1]]
    \_Fork[[ts{r}#0, client_ip{r}#2, event_duration{r}#3, message{r}#4, missing_inner{r}#5, missing_outer{r}#6, _fork{r}#1]]
      |_Project[[ts{r}#7, client_ip{r}#8, event_duration{r}#9, message{r}#10, missing_inner{r}#11, missing_outer{r}#12, _fork{r}#13]]
      | \_Eval[[fork1[KEYWORD] AS _fork#13]]
      |   \_Filter[ISNOTNULL(ts{r}#7)]
      |     \_Project[[@timestamp{r}#14 AS ts#7, client_ip{r}#8, event_duration{r}#9, message{r}#10, missing_inner{r}#11, missing_outer{r}#12]]
      |       \_Filter[ISNOTNULL(@timestamp{r}#14) OR ISNOTNULL(missing_outer{r}#12)]
      |         \_UnionAll[[@timestamp{r}#14, client_ip{r}#8, event_duration{r}#9, message{r}#10, missing_inner{r}#11, missing_outer{r}#12]]
      |           |_Project[[@timestamp{r}#15, client_ip{f}#16, event_duration{f}#17, message{f}#18, missing_inner{r}#19, missing_outer{f(MissingEsField)}#20]]
      |           | \_Eval[[TODATENANOS(@timestamp{f}#21) AS @timestamp#15]]
      |           |   \_Eval[[null[NULL] AS missing_inner#19]]
      |           |     \_EsRelation[sample_data][@timestamp{f}#21, client_ip{f}#16, event_duration{f}#17, message{f}#18, missing_outer{f(MissingEsField)}#20]
      |           \_Project[[@timestamp{r}#22, client_ip{r}#23, event_duration{r}#24, message{r}#25, missing_inner{r}#26, missing_outer{r}#27]]
      |             \_Subquery[]
      |               \_Filter[ISNOTNULL(@timestamp{r}#22) OR ISNOTNULL(missing_inner{r}#26)]
      |                 \_UnionAll[[@timestamp{r}#22, client_ip{r}#23, event_duration{r}#24, message{r}#25, missing_inner{r}#26, missing_outer{r}#27]]
      |                   |_Project[[@timestamp{r}#28, client_ip{f}#29, event_duration{f}#30, message{f}#31, missing_inner{f(MissingEsField)}#32, missing_outer{f(MissingEsField)}#33]]
      |                   | \_Eval[[TODATENANOS(@timestamp{f}#34) AS @timestamp#28]]
      |                   |   \_EsRelation[sample_data][@timestamp{f}#34, client_ip{f}#29, event_duration{f}#30, message{f}#31, missing_inner{f(MissingEsField)}#32, missing_outer{f(MissingEsField)}#33]
      |                   \_Project[[@timestamp{f}#35, client_ip{f}#36, event_duration{f}#37, message{f}#38, missing_inner{f(MissingEsField)}#39, missing_outer{f(MissingEsField)}#40]]
      |                     \_Subquery[]
      |                       \_EsRelation[sample_data_ts_nanos][@timestamp{f}#35, client_ip{f}#36, event_duration{f}#37, message{f}#38, missing_inner{f(MissingEsField)}#39, missing_outer{f(MissingEsField)}#40]
      \_Project[[ts{r}#7, client_ip{r}#41, event_duration{r}#42, message{r}#43, missing_inner{r}#44, missing_outer{r}#45, _fork{r}#46]]
        \_Eval[[fork2[KEYWORD] AS _fork#46]]
          \_Filter[ISNULL(ts{r}#7)]
            \_Project[[@timestamp{r}#47 AS ts#7, client_ip{r}#41, event_duration{r}#42, message{r}#43, missing_inner{r}#44, missing_outer{r}#45]]
              \_Filter[ISNOTNULL(@timestamp{r}#47) OR ISNOTNULL(missing_outer{r}#45)]
                \_UnionAll[[@timestamp{r}#47, client_ip{r}#41, event_duration{r}#42, message{r}#43, missing_inner{r}#44, missing_outer{r}#45]]
                  |_Project[[@timestamp{r}#48, client_ip{f}#49, event_duration{f}#50, message{f}#51, missing_inner{r}#52, missing_outer{f(MissingEsField)}#53]]
                  | \_Eval[[TODATENANOS(@timestamp{f}#54) AS @timestamp#48]]
                  |   \_Eval[[null[NULL] AS missing_inner#52]]
                  |     \_EsRelation[sample_data][@timestamp{f}#54, client_ip{f}#49, event_duration{f}#50, message{f}#51, missing_outer{f(MissingEsField)}#53]
                  \_Project[[@timestamp{r}#55, client_ip{r}#56, event_duration{r}#57, message{r}#58, missing_inner{r}#59, missing_outer{r}#60]]
                    \_Subquery[]
                      \_Filter[ISNOTNULL(@timestamp{r}#55) OR ISNOTNULL(missing_inner{r}#59)]
                        \_UnionAll[[@timestamp{r}#55, client_ip{r}#56, event_duration{r}#57, message{r}#58, missing_inner{r}#59, missing_outer{r}#60]]
                          |_Project[[@timestamp{r}#61, client_ip{f}#62, event_duration{f}#63, message{f}#64, missing_inner{f(MissingEsField)}#65, missing_outer{f(MissingEsField)}#66]]
                          | \_Eval[[TODATENANOS(@timestamp{f}#67) AS @timestamp#61]]
                          |   \_EsRelation[sample_data][@timestamp{f}#67, client_ip{f}#62, event_duration{f}#63, message{f}#64, missing_inner{f(MissingEsField)}#65, missing_outer{f(MissingEsField)}#66]
                          \_Project[[@timestamp{f}#68, client_ip{f}#69, event_duration{f}#70, message{f}#71, missing_inner{f(MissingEsField)}#72, missing_outer{f(MissingEsField)}#73]]
                            \_Subquery[]
                              \_EsRelation[sample_data_ts_nanos][@timestamp{f}#68, client_ip{f}#69, event_duration{f}#70, message{f}#71, missing_inner{f(MissingEsField)}#72, missing_outer{f(MissingEsField)}#73]