Limit[1000[INTEGER],false,false]
\_InlineStats[]
  \_Aggregate[[language_name{r}#0],[COUNT(*[KEYWORD],true[BOOLEAN],PT0S[TIME_DURATION]) AS c#1, language_name{r}#0]]
    \_UnionAll[[avg_worked_seconds{r}#2, birth_date{r}#3, emp_no{r}#4, first_name{r}#5, gender{r}#6, height{r}#7, height.float{r}#8, height.half_float{r}#9, height.scaled_float{r}#10, hire_date{r}#11, is_rehired{r}#12, job_positions{r}#13, languages{r}#14, languages.byte{r}#15, languages.long{r}#16, languages.short{r}#17, last_name{r}#18, salary{r}#19, salary_change{r}#20, salary_change.int{r}#21, salary_change.keyword{r}#22, salary_change.long{r}#23, still_hired{r}#24, language_code{r}#25, language_name{r}#0]]
      |_Project[[avg_worked_seconds{r}#26, birth_date{r}#27, emp_no{r}#28, first_name{r}#29, gender{r}#30, height{r}#31, height.float{r}#32, height.half_float{r}#33, height.scaled_float{r}#34, hire_date{r}#35, is_rehired{r}#36, job_positions{r}#37, languages{r}#38, languages.byte{r}#39, languages.long{r}#40, languages.short{r}#41, last_name{r}#42, salary{r}#43, salary_change{r}#44, salary_change.int{r}#45, salary_change.keyword{r}#46, salary_change.long{r}#47, still_hired{r}#48, language_code{r}#49, language_name{r}#50]]
      | \_Subquery[]
      |   \_UnionAll[[avg_worked_seconds{r}#26, birth_date{r}#27, emp_no{r}#28, first_name{r}#29, gender{r}#30, height{r}#31, height.float{r}#32, height.half_float{r}#33, height.scaled_float{r}#34, hire_date{r}#35, is_rehired{r}#36, job_positions{r}#37, languages{r}#38, languages.byte{r}#39, languages.long{r}#40, languages.short{r}#41, last_name{r}#42, salary{r}#43, salary_change{r}#44, salary_change.int{r}#45, salary_change.keyword{r}#46, salary_change.long{r}#47, still_hired{r}#48, language_code{r}#49, language_name{r}#50]]
      |     |_Project[[avg_worked_seconds{f}#51, birth_date{f}#52, emp_no{f}#53, first_name{f}#54, gender{f}#55, height{f}#56, height.float{f}#57, height.half_float{f}#58, height.scaled_float{f}#59, hire_date{f}#60, is_rehired{f}#61, job_positions{f}#62, languages{f}#63, languages.byte{f}#64, languages.long{f}#65, languages.short{f}#66, last_name{f}#67, salary{f}#68, salary_change{f}#69, salary_change.int{f}#70, salary_change.keyword{f}#71, salary_change.long{f}#72, still_hired{f}#73, language_code{r}#74, language_name{f}#75]]
      |     | \_Subquery[]
      |     |   \_LookupJoin[LEFT,[language_code{r}#74],[language_code{f}#76],null,ANY]
      |     |     |_Eval[[languages{f}#63 AS language_code#74]]
      |     |     | \_Filter[emp_no{f}#53 <= 10005[INTEGER]]
      |     |     |   \_EsRelation[employees][avg_worked_seconds{f}#51, birth_date{f}#52, emp_no{f}#53, first_name{f}#54, gender{f}#55, height{f}#56, height.float{f}#57, height.half_float{f}#58, height.scaled_float{f}#59, hire_date{f}#60, is_rehired{f}#61, job_positions{f}#62, languages{f}#63, languages.byte{f}#64, languages.long{f}#65, languages.short{f}#66, last_name{f}#67, salary{f}#68, salary_change{f}#69, salary_change.int{f}#70, salary_change.keyword{f}#71, salary_change.long{f}#72, still_hired{f}#73]
      |     |     \_EsRelation[languages_lookup][LOOKUP][language_code{f}#76, language_name{f}#75]
      |     \_Project[[avg_worked_seconds{f}#77, birth_date{f}#78, emp_no{f}#79, first_name{f}#80, gender{f}#81, height{f}#82, height.float{f}#83, height.half_float{f}#84, height.scaled_float{f}#85, hire_date{f}#86, is_rehired{f}#87, job_positions{f}#88, languages{f}#89, languages.byte{f}#90, languages.long{f}#91, languages.short{f}#92, last_name{f}#93, salary{f}#94, salary_change{f}#95, salary_change.int{f}#96, salary_change.keyword{f}#97, salary_change.long{f}#98, still_hired{f}#99, language_code{r}#100, language_name{r}#101]]
      |       \_Eval[[null[INTEGER] AS language_code#100, null[KEYWORD] AS language_name#101]]
      |         \_Subquery[]
      |           \_Filter[emp_no{f}#79 > 10095[INTEGER]]
      |             \_EsRelation[employees][avg_worked_seconds{f}#77, birth_date{f}#78, emp_no{f}#79, first_name{f}#80, gender{f}#81, height{f}#82, height.float{f}#83, height.half_float{f}#84, height.scaled_float{f}#85, hire_date{f}#86, is_rehired{f}#87, job_positions{f}#88, languages{f}#89, languages.byte{f}#90, languages.long{f}#91, languages.short{f}#92, last_name{f}#93, salary{f}#94, salary_change{f}#95, salary_change.int{f}#96, salary_change.keyword{f}#97, salary_change.long{f}#98, still_hired{f}#99]
      \_Project[[avg_worked_seconds{r}#102, birth_date{r}#103, emp_no{r}#104, first_name{r}#105, gender{r}#106, height{r}#107, height.float{r}#108, height.half_float{r}#109, height.scaled_float{r}#110, hire_date{r}#111, is_rehired{r}#112, job_positions{r}#113, languages{r}#114, languages.byte{r}#115, languages.long{r}#116, languages.short{r}#117, last_name{r}#118, salary{r}#119, salary_change{r}#120, salary_change.int{r}#121, salary_change.keyword{r}#122, salary_change.long{r}#123, still_hired{r}#124, language_code{f}#125, language_name{f}#126]]
        \_Eval[[null[LONG] AS avg_worked_seconds#102, null[DATETIME] AS birth_date#103, null[INTEGER] AS emp_no#104, null[KEYWORD] AS first_name#105, null[KEYWORD] AS gender#106, null[DOUBLE] AS height#107, null[DOUBLE] AS height.float#108, null[DOUBLE] AS height.half_float#109, null[DOUBLE] AS height.scaled_float#110, null[DATETIME] AS hire_date#111, null[BOOLEAN] AS is_rehired#112, null[KEYWORD] AS job_positions#113, null[INTEGER] AS languages#114, null[INTEGER] AS languages.byte#115, null[LONG] AS languages.long#116, null[INTEGER] AS languages.short#117, null[KEYWORD] AS last_name#118, null[INTEGER] AS salary#119, null[DOUBLE] AS salary_change#120, null[INTEGER] AS salary_change.int#121, null[KEYWORD] AS salary_change.keyword#122, null[LONG] AS salary_change.long#123, null[BOOLEAN] AS still_hired#124]]
          \_Subquery[]
            \_EsRelation[languages][language_code{f}#125, language_name{f}#126]