Limit[1000[INTEGER],false,false]
\_MvExpand[languageCode{r}#0,languageCode{r}#1]
  \_Project[[count(*){r}#2, emp_no{r}#3 AS empNo#4, language_code{r}#5 AS languageCode#0]]
    \_Aggregate[[emp_no{r}#3, language_code{r}#5],[COUNT(*[KEYWORD],true[BOOLEAN],PT0S[TIME_DURATION]) AS count(*)#2, emp_no{r}#3, language_code{r}#5]]
      \_Filter[emp_no{r}#3 > 10000[INTEGER]]
        \_UnionAll[[avg_worked_seconds{r}#6, birth_date{r}#7, emp_no{r}#3, first_name{r}#8, gender{r}#9, height{r}#10, height.float{r}#11, height.half_float{r}#12, height.scaled_float{r}#13, hire_date{r}#14, is_rehired{r}#15, job_positions{r}#16, languages{r}#17, languages.byte{r}#18, languages.long{r}#19, languages.short{r}#20, last_name{r}#21, salary{r}#22, salary_change{r}#23, salary_change.int{r}#24, salary_change.keyword{r}#25, salary_change.long{r}#26, still_hired{r}#27, language_code{r}#5, languageName{r}#28, max(@timestamp){r}#29, language_name{r}#30]]
          |_Project[[avg_worked_seconds{f}#31, birth_date{f}#32, emp_no{f}#33, first_name{f}#34, gender{f}#35, height{f}#36, height.float{f}#37, height.half_float{f}#38, height.scaled_float{f}#39, hire_date{f}#40, is_rehired{f}#41, job_positions{f}#42, languages{f}#43, languages.byte{f}#44, languages.long{f}#45, languages.short{f}#46, last_name{f}#47, salary{f}#48, salary_change{f}#49, salary_change.int{f}#50, salary_change.keyword{f}#51, salary_change.long{f}#52, still_hired{f}#53, language_code{r}#54, languageName{r}#55, max(@timestamp){r}#56, language_name{r}#57]]
          | \_Eval[[null[INTEGER] AS language_code#54, null[KEYWORD] AS languageName#55, null[DATETIME] AS max(@timestamp)#56, null[KEYWORD] AS language_name#57]]
          |   \_EsRelation[employees][avg_worked_seconds{f}#31, birth_date{f}#32, emp_no{f}#33, first_name{f}#34, gender{f}#35, height{f}#36, height.float{f}#37, height.half_float{f}#38, height.scaled_float{f}#39, hire_date{f}#40, is_rehired{f}#41, job_positions{f}#42, languages{f}#43, languages.byte{f}#44, languages.long{f}#45, languages.short{f}#46, last_name{f}#47, salary{f}#48, salary_change{f}#49, salary_change.int{f}#50, salary_change.keyword{f}#51, salary_change.long{f}#52, still_hired{f}#53]
          |_Project[[avg_worked_seconds{r}#58, birth_date{r}#59, emp_no{r}#60, first_name{r}#61, gender{r}#62, height{r}#63, height.float{r}#64, height.half_float{r}#65, height.scaled_float{r}#66, hire_date{r}#67, is_rehired{r}#68, job_positions{r}#69, languages{r}#70, languages.byte{r}#71, languages.long{r}#72, languages.short{r}#73, last_name{r}#74, salary{r}#75, salary_change{r}#76, salary_change.int{r}#77, salary_change.keyword{r}#78, salary_change.long{r}#79, still_hired{r}#80, language_code{f}#81, languageName{r}#82, max(@timestamp){r}#83, language_name{r}#84]]
          | \_Eval[[null[LONG] AS avg_worked_seconds#58, null[DATETIME] AS birth_date#59, null[INTEGER] AS emp_no#60, null[KEYWORD] AS first_name#61, null[KEYWORD] AS gender#62, null[DOUBLE] AS height#63, null[DOUBLE] AS height.float#64, null[DOUBLE] AS height.half_float#65, null[DOUBLE] AS height.scaled_float#66, null[DATETIME] AS hire_date#67, null[BOOLEAN] AS is_rehired#68, null[KEYWORD] AS job_positions#69, null[INTEGER] AS languages#70, null[INTEGER] AS languages.byte#71, null[LONG] AS languages.long#72, null[INTEGER] AS languages.short#73, null[KEYWORD] AS last_name#74, null[INTEGER] AS salary#75, null[DOUBLE] AS salary_change#76, null[INTEGER] AS salary_change.int#77, null[KEYWORD] AS salary_change.keyword#78, null[LONG] AS salary_change.long#79, null[BOOLEAN] AS still_hired#80, null[DATETIME] AS max(@timestamp)#83, null[KEYWORD] AS language_name#84]]
          |   \_Subquery[]
          |     \_Project[[language_code{f}#81, language_name{f}#85 AS languageName#82]]
          |       \_Filter[language_code{f}#81 > 10[INTEGER]]
          |         \_EsRelation[languages][language_code{f}#81, language_name{f}#85]
          |_Project[[avg_worked_seconds{r}#86, birth_date{r}#87, emp_no{r}#88, first_name{r}#89, gender{r}#90, height{r}#91, height.float{r}#92, height.half_float{r}#93, height.scaled_float{r}#94, hire_date{r}#95, is_rehired{r}#96, job_positions{r}#97, languages{r}#98, languages.byte{r}#99, languages.long{r}#100, languages.short{r}#101, last_name{r}#102, salary{r}#103, salary_change{r}#104, salary_change.int{r}#105, salary_change.keyword{r}#106, salary_change.long{r}#107, still_hired{r}#108, language_code{r}#109, languageName{r}#110, max(@timestamp){r}#111, language_name{r}#112]]
          | \_Eval[[null[LONG] AS avg_worked_seconds#86, null[DATETIME] AS birth_date#87, null[INTEGER] AS emp_no#88, null[KEYWORD] AS first_name#89, null[KEYWORD] AS gender#90, null[DOUBLE] AS height#91, null[DOUBLE] AS height.float#92, null[DOUBLE] AS height.half_float#93, null[DOUBLE] AS height.scaled_float#94, null[DATETIME] AS hire_date#95, null[BOOLEAN] AS is_rehired#96, null[KEYWORD] AS job_positions#97, null[INTEGER] AS languages#98, null[INTEGER] AS languages.byte#99, null[LONG] AS languages.long#100, null[INTEGER] AS languages.short#101, null[KEYWORD] AS last_name#102, null[INTEGER] AS salary#103, null[DOUBLE] AS salary_change#104, null[INTEGER] AS salary_change.int#105, null[KEYWORD] AS salary_change.keyword#106, null[LONG] AS salary_change.long#107, null[BOOLEAN] AS still_hired#108, null[INTEGER] AS language_code#109, null[KEYWORD] AS languageName#110, null[KEYWORD] AS language_name#112]]
          |   \_Subquery[]
          |     \_Aggregate[[],[MAX(@timestamp{f}#113,true[BOOLEAN],PT0S[TIME_DURATION]) AS max(@timestamp)#111]]
          |       \_EsRelation[sample_data][@timestamp{f}#113, client_ip{f}#114, event_duration{f}#115, message{f}#116]
          \_Project[[avg_worked_seconds{f}#117, birth_date{f}#118, emp_no{f}#119, first_name{f}#120, gender{f}#121, height{f}#122, height.float{f}#123, height.half_float{f}#124, height.scaled_float{f}#125, hire_date{f}#126, is_rehired{f}#127, job_positions{f}#128, languages{f}#129, languages.byte{f}#130, languages.long{f}#131, languages.short{f}#132, last_name{f}#133, salary{f}#134, salary_change{f}#135, salary_change.int{f}#136, salary_change.keyword{f}#137, salary_change.long{f}#138, still_hired{f}#139, language_code{r}#140, languageName{r}#141, max(@timestamp){r}#142, language_name{f}#143]]
            \_Eval[[null[KEYWORD] AS languageName#141, null[DATETIME] AS max(@timestamp)#142]]
              \_Subquery[]
                \_LookupJoin[LEFT,[language_code{r}#140],[language_code{f}#144],null,ANY]
                  |_Eval[[languages{f}#129 AS language_code#140]]
                  | \_EsRelation[employees][avg_worked_seconds{f}#117, birth_date{f}#118, emp_no{f}#119, first_name{f}#120, gender{f}#121, height{f}#122, height.float{f}#123, height.half_float{f}#124, height.scaled_float{f}#125, hire_date{f}#126, is_rehired{f}#127, job_positions{f}#128, languages{f}#129, languages.byte{f}#130, languages.long{f}#131, languages.short{f}#132, last_name{f}#133, salary{f}#134, salary_change{f}#135, salary_change.int{f}#136, salary_change.keyword{f}#137, salary_change.long{f}#138, still_hired{f}#139]
                  \_EsRelation[languages_lookup][LOOKUP][language_code{f}#144, language_name{f}#143]