Limit[1000[INTEGER],false,false]
\_Project[[@timestamp{f(DateEsField)}#0, x{r}#1, does_not_exist{r}#2]]
  \_Eval[[COALESCE(unmapped_message{r}#3,missing[KEYWORD]) AS x#1]]
    \_Eval[[null[NULL] AS unmapped_message#3, null[NULL] AS does_not_exist#2]]
      \_EsRelation[sample_data,partial_mapping_sample_data][@timestamp{f}#0, client_ip{f}#4, event_duration{f}#5, message{f}#6]