Limit[1000[INTEGER],false,false]
\_OrderBy[[Order[_fork{r}#0,ASC,LAST], Order[emp_no{r}#1,ASC,LAST]]]
  \_Project[[_fork{r}#0, emp_no{r}#1, language_name{r}#2, does_not_exist{r}#3, c{r}#4]]
    \_Fork[[avg_worked_seconds{r}#5, birth_date{r}#6, emp_no{r}#1, first_name{r}#7, gender{r}#8, height{r}#9, height.float{r}#10, height.half_float{r}#11, height.scaled_float{r}#12, hire_date{r}#13, is_rehired{r}#14, job_positions{r}#15, languages{r}#16, languages.byte{r}#17, languages.long{r}#18, languages.short{r}#19, last_name{r}#20, salary{r}#21, salary_change{r}#22, salary_change.int{r}#23, salary_change.keyword{r}#24, salary_change.long{r}#25, still_hired{r}#26, language_code{r}#27, language_name{r}#2, _fork{r}#0, does_not_exist{r}#3, c{r}#4]]
      |_Project[[avg_worked_seconds{f}#28, birth_date{f}#29, emp_no{f}#30, first_name{f}#31, gender{f}#32, height{f}#33, height.float{f}#34, height.half_float{f}#35, height.scaled_float{f}#36, hire_date{f}#37, is_rehired{f}#38, job_positions{f}#39, languages{f}#40, languages.byte{f}#41, languages.long{f}#42, languages.short{f}#43, last_name{f}#44, salary{f}#45, salary_change{f}#46, salary_change.int{f}#47, salary_change.keyword{f}#48, salary_change.long{f}#49, still_hired{f}#50, language_code{r}#51, language_name{f}#52, _fork{r}#53, does_not_exist{f(PotentiallyUnmappedKeywordEsField)}#54, c{r}#55]]
      | \_Eval[[null[LONG] AS c#55]]
      |   \_Eval[[fork1[KEYWORD] AS _fork#53]]
      |     \_LookupJoin[LEFT,[language_code{r}#51],[language_code{f}#56],null,ANY]
      |       |_Eval[[languages{f}#40 AS language_code#51]]
      |       | \_EsRelation[employees][avg_worked_seconds{f}#28, birth_date{f}#29, emp_no{f}#30, first_name{f}#31, gender{f}#32, height{f}#33, height.float{f}#34, height.half_float{f}#35, height.scaled_float{f}#36, hire_date{f}#37, is_rehired{f}#38, job_positions{f}#39, languages{f}#40, languages.byte{f}#41, languages.long{f}#42, languages.short{f}#43, last_name{f}#44, salary{f}#45, salary_change{f}#46, salary_change.int{f}#47, salary_change.keyword{f}#48, salary_change.long{f}#49, still_hired{f}#50, does_not_exist{f(PotentiallyUnmappedKeywordEsField)}#54]
      |       \_EsRelation[languages_lookup][LOOKUP][language_code{f}#56, language_name{f}#52]
      |_Project[[avg_worked_seconds{f}#57, birth_date{f}#58, emp_no{f}#59, first_name{f}#60, gender{f}#61, height{f}#62, height.float{f}#63, height.half_float{f}#64, height.scaled_float{f}#65, hire_date{f}#66, is_rehired{f}#67, job_positions{f}#68, languages{f}#69, languages.byte{f}#70, languages.long{f}#71, languages.short{f}#72, last_name{f}#73, salary{f}#74, salary_change{f}#75, salary_change.int{f}#76, salary_change.keyword{f}#77, salary_change.long{f}#78, still_hired{f}#79, language_code{r}#51, language_name{r}#80, _fork{r}#81, does_not_exist{f(PotentiallyUnmappedKeywordEsField)}#82, c{r}#83]]
      | \_Eval[[null[KEYWORD] AS language_name#80, null[LONG] AS c#83]]
      |   \_Eval[[fork2[KEYWORD] AS _fork#81]]
      |     \_Filter[TO_STRING(does_not_exist{f(PotentiallyUnmappedKeywordEsField)}#82) == x[KEYWORD]]
      |       \_Eval[[languages{f}#69 AS language_code#51]]
      |         \_EsRelation[employees][avg_worked_seconds{f}#57, birth_date{f}#58, emp_no{f}#59, first_name{f}#60, gender{f}#61, height{f}#62, height.float{f}#63, height.half_float{f}#64, height.scaled_float{f}#65, hire_date{f}#66, is_rehired{f}#67, job_positions{f}#68, languages{f}#69, languages.byte{f}#70, languages.long{f}#71, languages.short{f}#72, last_name{f}#73, salary{f}#74, salary_change{f}#75, salary_change.int{f}#76, salary_change.keyword{f}#77, salary_change.long{f}#78, still_hired{f}#79, does_not_exist{f(PotentiallyUnmappedKeywordEsField)}#82]
      \_Project[[avg_worked_seconds{r}#84, birth_date{r}#85, emp_no{f}#86, first_name{r}#87, gender{r}#88, height{r}#89, height.float{r}#90, height.half_float{r}#91, height.scaled_float{r}#92, hire_date{r}#93, is_rehired{r}#94, job_positions{r}#95, languages{r}#96, languages.byte{r}#97, languages.long{r}#98, languages.short{r}#99, last_name{r}#100, salary{r}#101, salary_change{r}#102, salary_change.int{r}#103, salary_change.keyword{r}#104, salary_change.long{r}#105, still_hired{r}#106, language_code{r}#107, language_name{r}#108, _fork{r}#109, does_not_exist{r}#110, c{r}#111]]
        \_Eval[[null[LONG] AS avg_worked_seconds#84, null[DATETIME] AS birth_date#85, null[KEYWORD] AS first_name#87, null[KEYWORD] AS gender#88, null[DOUBLE] AS height#89, null[DOUBLE] AS height.float#90, null[DOUBLE] AS height.half_float#91, null[DOUBLE] AS height.scaled_float#92, null[DATETIME] AS hire_date#93, null[BOOLEAN] AS is_rehired#94, null[KEYWORD] AS job_positions#95, null[INTEGER] AS languages#96, null[INTEGER] AS languages.byte#97, null[LONG] AS languages.long#98, null[INTEGER] AS languages.short#99, null[KEYWORD] AS last_name#100, null[INTEGER] AS salary#101, null[DOUBLE] AS salary_change#102, null[INTEGER] AS salary_change.int#103, null[KEYWORD] AS salary_change.keyword#104, null[LONG] AS salary_change.long#105, null[BOOLEAN] AS still_hired#106, null[INTEGER] AS language_code#107, null[KEYWORD] AS language_name#108, null[KEYWORD] AS does_not_exist#110]]
          \_Eval[[fork3[KEYWORD] AS _fork#109]]
            \_Aggregate[[emp_no{f}#86],[COUNT(*[KEYWORD],true[BOOLEAN],PT0S[TIME_DURATION]) AS c#111, emp_no{f}#86]]
              \_Eval[[languages{f}#112 AS language_code#51]]
                \_EsRelation[employees][avg_worked_seconds{f}#113, birth_date{f}#114, emp_no{f}#86, first_name{f}#115, gender{f}#116, height{f}#117, height.float{f}#118, height.half_float{f}#119, height.scaled_float{f}#120, hire_date{f}#121, is_rehired{f}#122, job_positions{f}#123, languages{f}#112, languages.byte{f}#124, languages.long{f}#125, languages.short{f}#126, last_name{f}#127, salary{f}#128, salary_change{f}#129, salary_change.int{f}#130, salary_change.keyword{f}#131, salary_change.long{f}#132, still_hired{f}#133]