ExchangeSinkExec[[_tsid{m}#0, step{r}#1, $$LASTOVERTIME_$0$timestamps{r}#2, $$LASTOVERTIME_$0$values{r}#3],false]
\_TimeSeriesAggregateExec[[_tsid{m}#0, step{r}#1],[LASTOVERTIME(network.total_bytes_in{f}#4,true[BOOLEAN],PT0S[TIME_DURATION],@timestamp{f}#5) AS LASTOVERTIME_$1#6, step{r}#1 AS step#1],INITIAL,[_tsid{m}#0, step{r}#1, $$LASTOVERTIME_$0$timestamps{r}#7, $$LASTOVERTIME_$0$values{r}#8],16,BUCKET(@timestamp{f}#5,PT1H[TIME_DURATION]),BUCKET(@timestamp{f}#5,PT1H[TIME_DURATION]),false]
  \_FieldExtractExec[_tsid{m}#0, network.total_bytes_in{f}#4]<[],[],[]>
    \_EvalExec[[BUCKET(@timestamp{f}#5,PT1H[TIME_DURATION]) AS step#1]]
      \_FieldExtractExec[@timestamp{f}#5]<[],[],[]>
        \_EsQueryExec[k8s], indexMode[standard], [_doc{f}#9], limit[], sort[] estimatedRowSize[44] queryBuilderAndTags [[QueryBuilderAndTags[query={
  "exists" : {
    "field" : "network.total_bytes_in",
    "boost" : 0.0
  }
}, tags=[]]]]