Limit[10000[INTEGER],false,false]
\_OrderBy[[Order[pod{f}#0,ASC,LAST], Order[cluster{f}#1,ASC,LAST]]]
  \_Project[[max_bytes{r}#2, pod{r}#0, cluster{r}#1, m{r}#3]]
    \_UnpackDims[_$packed_grouping_dims{r}#4,[pod{r}#0, cluster{r}#1]]
      \_Aggregate[[m{r}#5 AS m#3, _$packed_dims{f$}#6 AS _$packed_grouping_dims#4],[MAX(LASTOVERTIME_$1{r}#7,true[BOOLEAN],PT0S[TIME_DURATION]) AS max_bytes#2, m{r}#3, _$packed_grouping_dims{r}#4]]
        \_TimeSeriesAggregate[[_tsid{m}#8],[LASTOVERTIME(TOLONGSURROGATE(network.total_bytes_in{f}#9),true[BOOLEAN],PT0S[TIME_DURATION],@timestamp{f}#10) AS LASTOVERTIME_$1#7, VALUES(m{r}#3,true[BOOLEAN],PT0S[TIME_DURATION]) AS m#5, PACKDIMSAGG(pod{f}#0,true[BOOLEAN],PT0S[TIME_DURATION],cluster{f}#1) AS _$packed_dims#6, _tsid{m}#8],null,@timestamp{f}#10,TS_COMMAND]
          \_Eval[[$$in_subquery_mark$0{r$}#11 AS m#3]]
            \_MarkJoin[[pod{f}#0, cluster{f}#1],[pod{f}#12, cluster{f}#13],$$in_subquery_mark$0{r$}#11]
              |_EsRelation[k8s][@timestamp{f}#10, client.ip{f}#14, cluster{f}#1, event{f}#15, event_city{f}#16, event_city_boundary{f}#17, event_location{f}#18, event_log{f}#19, event_shape{f}#20, events_received{f}#21, network.bytes_in{f}#22, network.cost{f}#23, network.eth0.currently_connected_clients{f}#24, network.eth0.firmware_version{f}#25, network.eth0.last_up{f}#26, network.eth0.rx{f}#27, network.eth0.tx{f}#28, network.eth0.up{f}#29, network.total_bytes_in{f}#9, network.total_bytes_out{f}#30, network.total_cost{f}#31, pod{f}#0, region{f}#32, _tsid{m}#8]
              \_Project[[pod{f}#12, cluster{f}#13]]
                \_Project[[m{r}#33, pod{r}#12, cluster{r}#13]]
                  \_UnpackDims[_$packed_grouping_dims{r}#34,[pod{r}#12, cluster{r}#13]]
                    \_Aggregate[[_$packed_dims{f$}#35 AS _$packed_grouping_dims#34],[MAX(RATE_$1{r}#36,true[BOOLEAN],PT0S[TIME_DURATION]) AS m#33, _$packed_grouping_dims{r}#34]]
                      \_TimeSeriesAggregate[[_tsid{m}#37],[RATE(network.total_bytes_in{f}#38,true[BOOLEAN],PT0S[TIME_DURATION],@timestamp{f}#39) AS RATE_$1#36, PACKDIMSAGG(pod{f}#12,true[BOOLEAN],PT0S[TIME_DURATION],cluster{f}#13) AS _$packed_dims#35, _tsid{m}#37],null,@timestamp{f}#39,TS_COMMAND]
                        \_EsRelation[k8s][TIME_SERIES][@timestamp{f}#39, client.ip{f}#40, cluster{f}#13, event{f}#41, event_city{f}#42, event_city_boundary{f}#43, event_location{f}#44, event_log{f}#45, event_shape{f}#46, events_received{f}#47, network.bytes_in{f}#48, network.cost{f}#49, network.eth0.currently_connected_clients{f}#50, network.eth0.firmware_version{f}#51, network.eth0.last_up{f}#52, network.eth0.rx{f}#53, network.eth0.tx{f}#54, network.eth0.up{f}#55, network.total_bytes_in{f}#38, network.total_bytes_out{f}#56, network.total_cost{f}#57, pod{f}#12, region{f}#58, _tsid{m}#37]