Project[[!avg_worked_seconds, birth_date{r}#0, !first_name, !gender, height{r}#1, height.float{r}#2, height.half_float{r}#3, height.scaled_float{r}#4, hire_date{r}#5, !job_positions, languages{r}#6, languages.byte{r}#7, languages.long{r}#8, languages.short{r}#9, !last_name, !salary, salary_change{r}#10, salary_change.int{r}#11, salary_change.keyword{r}#12, salary_change.long{r}#13, height.double{r}#14, languages.int{r}#15, emp_no{r}#16, still_hired{r}#17, is_rehired{r}#18]]
\_Limit[1000[INTEGER],false,false]
  \_OrderBy[[Order[still_hired{r}#17,ASC,LAST], Order[is_rehired{r}#18,ASC,LAST]]]
    \_Eval[[$$still_hired$converted_to$keyword{r$}#19 AS still_hired#17, $$is_rehired$converted_to$keyword{r$}#20 AS is_rehired#18]]
      \_Filter[emp_no{r}#16 > 10000[INTEGER]]
        \_Eval[[$$emp_no$converted_to$long{r$}#21 AS emp_no#16]]
          \_UnionAll[[!avg_worked_seconds, birth_date{r}#0, !emp_no, $$emp_no$converted_to$long{r$}#21, !first_name, !gender, height{r}#1, height.float{r}#2, height.half_float{r}#3, height.scaled_float{r}#4, hire_date{r}#5, !is_rehired, $$is_rehired$converted_to$keyword{r$}#20, !job_positions, languages{r}#6, languages.byte{r}#7, languages.long{r}#8, languages.short{r}#9, !last_name, !salary, salary_change{r}#10, salary_change.int{r}#11, salary_change.keyword{r}#12, salary_change.long{r}#13, !still_hired, $$still_hired$converted_to$keyword{r$}#19, height.double{r}#14, languages.int{r}#15]]
            |_Project[[avg_worked_seconds{r}#22, birth_date{f}#23, emp_no{r}#24, $$emp_no$converted_to$long{r$}#25, first_name{r}#26, gender{r}#27, height{f}#28, height.float{f}#29, height.half_float{f}#30, height.scaled_float{f}#31, hire_date{r}#32, is_rehired{r}#33, $$is_rehired$converted_to$keyword{r$}#34, job_positions{r}#35, languages{f}#36, languages.byte{f}#37, languages.long{f}#38, languages.short{f}#39, last_name{r}#40, salary{r}#41, salary_change{f}#42, salary_change.int{f}#43, salary_change.keyword{f}#44, salary_change.long{f}#45, still_hired{r}#46, $$still_hired$converted_to$keyword{r$}#47, height.double{r}#48, languages.int{r}#49]]
            | \_Eval[[null[KEYWORD] AS avg_worked_seconds#22, null[KEYWORD] AS emp_no#24, null[KEYWORD] AS first_name#26, null[KEYWORD] AS gender#27, TODATENANOS(hire_date{f}#50) AS hire_date#32, null[KEYWORD] AS is_rehired#33, null[KEYWORD] AS job_positions#35, null[KEYWORD] AS last_name#40, null[KEYWORD] AS salary#41, null[KEYWORD] AS still_hired#46]]
            |   \_Eval[[TOLONG(emp_no{f}#51) AS $$emp_no$converted_to$long#25, TO_STRING(is_rehired{f}#52) AS $$is_rehired$converted_to$keyword#34, TO_STRING(still_hired{f}#53) AS $$still_hired$converted_to$keyword#47]]
            |     \_Eval[[null[DOUBLE] AS height.double#48, null[INTEGER] AS languages.int#49]]
            |       \_EsRelation[employees][avg_worked_seconds{f}#54, birth_date{f}#23, emp_no{f}#51, first_name{f}#55, gender{f}#56, height{f}#28, height.float{f}#29, height.half_float{f}#30, height.scaled_float{f}#31, hire_date{f}#50, is_rehired{f}#52, job_positions{f}#57, languages{f}#36, languages.byte{f}#37, languages.long{f}#38, languages.short{f}#39, last_name{f}#58, salary{f}#59, salary_change{f}#42, salary_change.int{f}#43, salary_change.keyword{f}#44, salary_change.long{f}#45, still_hired{f}#53]
            \_Project[[avg_worked_seconds{r}#60, birth_date{f}#61, emp_no{r}#62, $$emp_no$converted_to$long{r$}#63, first_name{r}#64, gender{r}#65, height{f}#66, height.float{r}#67, height.half_float{f}#68, height.scaled_float{f}#69, hire_date{f}#70, is_rehired{r}#71, $$is_rehired$converted_to$keyword{r$}#72, job_positions{r}#73, languages{f}#74, languages.byte{r}#75, languages.long{f}#76, languages.short{f}#77, last_name{r}#78, salary{r}#79, salary_change{f}#80, salary_change.int{r}#81, salary_change.keyword{r}#82, salary_change.long{r}#83, still_hired{r}#84, $$still_hired$converted_to$keyword{r$}#85, height.double{f}#86, languages.int{f}#87]]
              \_Eval[[null[KEYWORD] AS avg_worked_seconds#60, null[KEYWORD] AS emp_no#62, null[KEYWORD] AS first_name#64, null[KEYWORD] AS gender#65, null[KEYWORD] AS is_rehired#71, null[KEYWORD] AS job_positions#73, null[KEYWORD] AS last_name#78, null[KEYWORD] AS salary#79, null[KEYWORD] AS still_hired#84]]
                \_Eval[[TOLONG(emp_no{f}#88) AS $$emp_no$converted_to$long#63, TO_STRING(is_rehired{f}#89) AS $$is_rehired$converted_to$keyword#72, TO_STRING(still_hired{f}#90) AS $$still_hired$converted_to$keyword#85]]
                  \_Eval[[null[DOUBLE] AS height.float#67, null[INTEGER] AS languages.byte#75, null[INTEGER] AS salary_change.int#81, null[KEYWORD] AS salary_change.keyword#82, null[LONG] AS salary_change.long#83]]
                    \_Subquery[]
                      \_Filter[languages{f}#74 > 0[INTEGER]]
                        \_EsRelation[employees_incompatible][avg_worked_seconds{f}#91, birth_date{f}#61, emp_no{f}#88, first_name{f}#92, gender{f}#93, height{f}#66, height.double{f}#86, height.half_float{f}#68, height.scaled_float{f}#69, hire_date{f}#70, is_rehired{f}#89, job_positions{f}#94, languages{f}#74, languages.int{f}#87, languages.long{f}#76, languages.short{f}#77, last_name{f}#95, salary{f}#96, salary_change{f}#80, still_hired{f}#90]