LimitExec[1000[INTEGER],null]
\_AggregateExec[[],[SUM($$partial$$s{r$}#0,true[BOOLEAN],PT0S[TIME_DURATION],compensated[KEYWORD],long_overflow_throw[KEYWORD]) AS s#1],SINGLE,[$$s$sum{r}#2, $$s$seen{r}#3],null]
  \_MergeExec[[$$partial$$s{r$}#0]]
    |_AggregateExec[[],[SUM(salary{r}#4,true[BOOLEAN],PT0S[TIME_DURATION],compensated[KEYWORD],long_overflow_warn[KEYWORD]) AS $$partial$$s#0],FINAL,[$$partial$$s$sum{r}#5, $$partial$$s$seen{r}#6],null]
    | \_ExchangeExec[[$$partial$$s$sum{r}#5, $$partial$$s$seen{r}#6],true]
    |   \_AggregateExec[[],[SUM(salary{r}#4,true[BOOLEAN],PT0S[TIME_DURATION],compensated[KEYWORD],long_overflow_warn[KEYWORD]) AS $$partial$$s#0],INITIAL,[$$partial$$s$sum{r}#7, $$partial$$s$seen{r}#8],8]
    |     \_FilterExec[salary{r}#4 > 0[INTEGER]]
    |       \_ExternalSourceExec[s3://bucket/heavy_a.parquet][parquet][dataset=heavy_a][salary{r}#4]
    \_AggregateExec[[],[SUM(salary{r}#9,true[BOOLEAN],PT0S[TIME_DURATION],compensated[KEYWORD],long_overflow_warn[KEYWORD]) AS $$partial$$s#0],FINAL,[$$partial$$s$sum{r}#10, $$partial$$s$seen{r}#11],null]
      \_ExchangeExec[[$$partial$$s$sum{r}#10, $$partial$$s$seen{r}#11],true]
        \_AggregateExec[[],[SUM(salary{r}#9,true[BOOLEAN],PT0S[TIME_DURATION],compensated[KEYWORD],long_overflow_warn[KEYWORD]) AS $$partial$$s#0],INITIAL,[$$partial$$s$sum{r}#12, $$partial$$s$seen{r}#13],8]
          \_FilterExec[salary{r}#9 > 0[INTEGER]]
            \_ExternalSourceExec[s3://bucket/heavy_b.parquet][parquet][dataset=heavy_b][salary{r}#9]