Limit[1000[INTEGER],false,false]
\_Filter[g.city_name{r}#0 == London[KEYWORD]]
  \_IpLocation[first_name{f}#1,[country_iso_code, country_name, continent_name, region_iso_code, region_name, city_name, location],[g.country_iso_code{r}#2, g.country_name{r}#3, g.continent_name{r}#4, g.region_iso_code{r}#5, g.region_name{r}#6, g.city_name{r}#0, g.location{r}#7],GeoLite2-City.mmdb,true]
    \_EsRelation[employees][avg_worked_seconds{f}#8, birth_date{f}#9, emp_no{f}#10, first_name{f}#1, gender{f}#11, height{f}#12, height.float{f}#13, height.half_float{f}#14, height.scaled_float{f}#15, hire_date{f}#16, is_rehired{f}#17, job_positions{f}#18, languages{f}#19, languages.byte{f}#20, languages.long{f}#21, languages.short{f}#22, last_name{f}#23, salary{f}#24, salary_change{f}#25, salary_change.int{f}#26, salary_change.keyword{f}#27, salary_change.long{f}#28, still_hired{f}#29]