Project[[parts.domain{r}#0, parts.fragment{r}#1, parts.path{r}#2, parts.extension{r}#3, parts.port{r}#4, parts.query{r}#5, parts.scheme{r}#6, parts.user_info{r}#7, parts.username{r}#8, parts.password{r}#9]]
\_UriParts[_timeseries{r}#10,[domain, fragment, path, extension, port, query, scheme, user_info, username, password],[parts.domain{r}#0, parts.fragment{r}#1, parts.path{r}#2, parts.extension{r}#3, parts.port{r}#4, parts.query{r}#5, parts.scheme{r}#6, parts.user_info{r}#7, parts.username{r}#8, parts.password{r}#9]]
  \_Limit[1[INTEGER],false,false]
    \_Filter[ISNOTNULL(oYJdEiiJ{r}#11)]
      \_Eval[[UNPACKDIMENSION(group__timeseries_$1{r}#12) AS _timeseries#10, TODOUBLE(oYJdEiiJ{r}#13) AS oYJdEiiJ#11]]
        \_Aggregate[[step{r}#14, pack__timeseries_$1{r}#15],[VALUES(LASTOVERTIME_$1{r}#16,true[BOOLEAN],PT0S[TIME_DURATION]) AS oYJdEiiJ#13, pack__timeseries_$1{r}#15 AS group__timeseries_$1#12]]
          \_Eval[[PACKDIMENSION(_timeseries{r}#17) AS pack__timeseries_$1#15]]
            \_TimeSeriesAggregate[[_tsid{m}#18, step{r}#14],[LASTOVERTIME(network.bytes_in{f}#19,true[BOOLEAN],PT0S[TIME_DURATION],@timestamp{f}#20) AS LASTOVERTIME_$1#16, DIMENSIONVALUES(_timeseries{f}#10,true[BOOLEAN],PT0S[TIME_DURATION]) AS _timeseries#17, step{r}#14],BUCKET(@timestamp{f}#20,PT1H[TIME_DURATION]),BUCKET(@timestamp{f}#20,PT1H[TIME_DURATION]),@timestamp{f}#20,false]
              \_Eval[[BUCKET(@timestamp{f}#20,PT1H[TIME_DURATION]) AS step#14]]
                \_Filter[ISNULL(cluster{f}#21) OR NOT(IN(qa[KEYWORD],cluster{f}#21)) AND ISNULL(pod{f}#22) OR NOT(IN(two[KEYWORD],pod{f}#22))]
                  \_EsRelation[k8s-downsampled][@timestamp{f}#20, client.ip{f}#23, cluster{f}#21, event{f}#24, event_city{f}#25, event_city_boundary{f}#26, event_location{f}#27, event_log{f}#28, event_shape{f}#29, events_received{f}#30, network.bytes_in{f}#19, network.cost{f}#31, network.eth0.currently_connected_clients{f}#32, network.eth0.firmware_version{f}#33, network.eth0.last_up{f}#34, network.eth0.rx{f}#35, network.eth0.tx{f}#36, network.eth0.up{f}#37, network.total_bytes_in{f}#38, network.total_cost{f}#39, pod{f}#22, _timeseries{f}#10, _tsid{m}#18]