Project[[_fork{r}#0, e{r}#1]]
\_Limit[1000[INTEGER],false,false]
  \_Project[[_fork{r}#0, e{r}#1, $$emp_no$converted_to$keyword{r$}#2]]
    \_Fork[[avg_worked_seconds{r}#3, birth_date{r}#4, emp_no{r}#5, $$emp_no$converted_to$keyword{r$}#2, first_name{r}#6, gender{r}#7, height{r}#8, height.float{r}#9, height.half_float{r}#10, height.scaled_float{r}#11, hire_date{r}#12, is_rehired{r}#13, job_positions{r}#14, languages{r}#15, languages.byte{r}#16, languages.long{r}#17, languages.short{r}#18, last_name{r}#19, salary{r}#20, salary_change{r}#21, salary_change.int{r}#22, salary_change.keyword{r}#23, salary_change.long{r}#24, still_hired{r}#25, does_not_exist{r}#26, e{r}#1, _fork{r}#0]]
      |_Project[[avg_worked_seconds{r}#27, birth_date{r}#28, emp_no{r}#29, $$emp_no$converted_to$keyword{r$}#30, first_name{r}#31, gender{r}#32, height{r}#33, height.float{r}#34, height.half_float{r}#35, height.scaled_float{r}#36, hire_date{r}#37, is_rehired{r}#38, job_positions{r}#39, languages{r}#40, languages.byte{r}#41, languages.long{r}#42, languages.short{r}#43, last_name{r}#44, salary{r}#45, salary_change{r}#46, salary_change.int{r}#47, salary_change.keyword{r}#48, salary_change.long{r}#49, still_hired{r}#50, does_not_exist{r}#51, e{r}#52, _fork{r}#53]]
      | \_Eval[[fork1[KEYWORD] AS _fork#53]]
      |   \_Filter[e{r}#52 == 10001[KEYWORD]]
      |     \_Eval[[$$emp_no$converted_to$keyword{r$}#30 AS e#52]]
      |       \_Filter[$$emp_no$converted_to$keyword{r$}#30 == 10001[KEYWORD] OR ISNOTNULL(does_not_exist{r}#51)]
      |         \_UnionAll[[avg_worked_seconds{r}#27, birth_date{r}#28, emp_no{r}#29, $$emp_no$converted_to$keyword{r$}#30, first_name{r}#31, gender{r}#32, height{r}#33, height.float{r}#34, height.half_float{r}#35, height.scaled_float{r}#36, hire_date{r}#37, is_rehired{r}#38, job_positions{r}#39, languages{r}#40, languages.byte{r}#41, languages.long{r}#42, languages.short{r}#43, last_name{r}#44, salary{r}#45, salary_change{r}#46, salary_change.int{r}#47, salary_change.keyword{r}#48, salary_change.long{r}#49, still_hired{r}#50, does_not_exist{r}#51]]
      |           |_Project[[avg_worked_seconds{r}#54, birth_date{f}#55, emp_no{r}#56, $$emp_no$converted_to$keyword{r$}#57, first_name{r}#58, gender{r}#59, height{r}#60, height.float{f}#61, height.half_float{f}#62, height.scaled_float{f}#63, hire_date{r}#64, is_rehired{r}#65, job_positions{r}#66, languages{r}#67, languages.byte{f}#68, languages.long{f}#69, languages.short{f}#70, last_name{r}#71, salary{r}#72, salary_change{r}#73, salary_change.int{f}#74, salary_change.keyword{f}#75, salary_change.long{f}#76, still_hired{r}#77, does_not_exist{f(MissingEsField)}#78]]
      |           | \_Eval[[null[KEYWORD] AS avg_worked_seconds#54, null[KEYWORD] AS emp_no#56, null[KEYWORD] AS first_name#58, null[KEYWORD] AS gender#59, null[KEYWORD] AS height#60, TODATENANOS(hire_date{f}#79) AS hire_date#64, null[KEYWORD] AS is_rehired#65, null[KEYWORD] AS job_positions#66, null[KEYWORD] AS languages#67, null[KEYWORD] AS last_name#71, null[KEYWORD] AS salary#72, null[KEYWORD] AS salary_change#73, null[KEYWORD] AS still_hired#77]]
      |           |   \_Eval[[TO_STRING(emp_no{f}#80) AS $$emp_no$converted_to$keyword#57]]
      |           |     \_Subquery[]
      |           |       \_EsRelation[employees][avg_worked_seconds{f}#81, birth_date{f}#55, emp_no{f}#80, first_name{f}#82, gender{f}#83, height{f}#84, height.float{f}#61, height.half_float{f}#62, height.scaled_float{f}#63, hire_date{f}#79, is_rehired{f}#85, job_positions{f}#86, languages{f}#87, languages.byte{f}#68, languages.long{f}#69, languages.short{f}#70, last_name{f}#88, salary{f}#89, salary_change{f}#90, salary_change.int{f}#74, salary_change.keyword{f}#75, salary_change.long{f}#76, still_hired{f}#91, does_not_exist{f(MissingEsField)}#78]
      |           \_Project[[avg_worked_seconds{r}#92, birth_date{f}#93, emp_no{r}#94, $$emp_no$converted_to$keyword{f(CompactMultiTypeEsField)$}#95, first_name{r}#96, gender{r}#97, height{r}#98, height.float{r}#99, height.half_float{r}#100, height.scaled_float{r}#101, hire_date{f(CompactMultiTypeEsField)}#102, is_rehired{r}#103, job_positions{r}#104, languages{r}#105, languages.byte{r}#106, languages.long{r}#107, languages.short{r}#108, last_name{r}#109, salary{r}#110, salary_change{r}#111, salary_change.int{r}#112, salary_change.keyword{r}#113, salary_change.long{r}#114, still_hired{r}#115, does_not_exist{f(MissingEsField)}#116]]
      |             \_Eval[[null[KEYWORD] AS avg_worked_seconds#92, null[KEYWORD] AS emp_no#94, null[KEYWORD] AS first_name#96, null[KEYWORD] AS gender#97, null[KEYWORD] AS height#98, null[KEYWORD] AS is_rehired#103, null[KEYWORD] AS job_positions#104, null[KEYWORD] AS languages#105, null[KEYWORD] AS last_name#109, null[KEYWORD] AS salary#110, null[KEYWORD] AS salary_change#111, null[KEYWORD] AS still_hired#115]]
      |               \_Eval[[null[DOUBLE] AS height.float#99, null[DOUBLE] AS height.half_float#100, null[DOUBLE] AS height.scaled_float#101, null[INTEGER] AS languages.byte#106, null[LONG] AS languages.long#107, null[INTEGER] AS languages.short#108, null[INTEGER] AS salary_change.int#112, null[KEYWORD] AS salary_change.keyword#113, null[LONG] AS salary_change.long#114]]
      |                 \_Subquery[]
      |                   \_EsRelation[employees,employees_incompatible][!avg_worked_seconds, birth_date{f}#93, !emp_no, !first_name, !gender, !height, hire_date{f(CompactMultiTypeEsField)}#102, !is_rehired, !job_positions, !languages, !last_name, !salary, !salary_change, !still_hired, $$emp_no$converted_to$keyword{f(CompactMultiTypeEsField)$}#95, does_not_exist{f(MissingEsField)}#116]
      \_Project[[avg_worked_seconds{r}#117, birth_date{r}#118, emp_no{r}#119, $$emp_no$converted_to$keyword{r$}#120, first_name{r}#121, gender{r}#122, height{r}#123, height.float{r}#124, height.half_float{r}#125, height.scaled_float{r}#126, hire_date{r}#127, is_rehired{r}#128, job_positions{r}#129, languages{r}#130, languages.byte{r}#131, languages.long{r}#132, languages.short{r}#133, last_name{r}#134, salary{r}#135, salary_change{r}#136, salary_change.int{r}#137, salary_change.keyword{r}#138, salary_change.long{r}#139, still_hired{r}#140, does_not_exist{r}#141, e{r}#52, _fork{r}#142]]
        \_Eval[[fork2[KEYWORD] AS _fork#142]]
          \_Filter[NOT(e{r}#52 == 10001[KEYWORD]) OR ISNULL(e{r}#52)]
            \_Eval[[$$emp_no$converted_to$keyword{r$}#120 AS e#52]]
              \_Filter[$$emp_no$converted_to$keyword{r$}#120 == 10001[KEYWORD] OR ISNOTNULL(does_not_exist{r}#141)]
                \_UnionAll[[avg_worked_seconds{r}#117, birth_date{r}#118, emp_no{r}#119, $$emp_no$converted_to$keyword{r$}#120, first_name{r}#121, gender{r}#122, height{r}#123, height.float{r}#124, height.half_float{r}#125, height.scaled_float{r}#126, hire_date{r}#127, is_rehired{r}#128, job_positions{r}#129, languages{r}#130, languages.byte{r}#131, languages.long{r}#132, languages.short{r}#133, last_name{r}#134, salary{r}#135, salary_change{r}#136, salary_change.int{r}#137, salary_change.keyword{r}#138, salary_change.long{r}#139, still_hired{r}#140, does_not_exist{r}#141]]
                  |_Project[[avg_worked_seconds{r}#143, birth_date{f}#144, emp_no{r}#145, $$emp_no$converted_to$keyword{r$}#146, first_name{r}#147, gender{r}#148, height{r}#149, height.float{f}#150, height.half_float{f}#151, height.scaled_float{f}#152, hire_date{r}#153, is_rehired{r}#154, job_positions{r}#155, languages{r}#156, languages.byte{f}#157, languages.long{f}#158, languages.short{f}#159, last_name{r}#160, salary{r}#161, salary_change{r}#162, salary_change.int{f}#163, salary_change.keyword{f}#164, salary_change.long{f}#165, still_hired{r}#166, does_not_exist{f(MissingEsField)}#167]]
                  | \_Eval[[null[KEYWORD] AS avg_worked_seconds#143, null[KEYWORD] AS emp_no#145, null[KEYWORD] AS first_name#147, null[KEYWORD] AS gender#148, null[KEYWORD] AS height#149, TODATENANOS(hire_date{f}#168) AS hire_date#153, null[KEYWORD] AS is_rehired#154, null[KEYWORD] AS job_positions#155, null[KEYWORD] AS languages#156, null[KEYWORD] AS last_name#160, null[KEYWORD] AS salary#161, null[KEYWORD] AS salary_change#162, null[KEYWORD] AS still_hired#166]]
                  |   \_Eval[[TO_STRING(emp_no{f}#169) AS $$emp_no$converted_to$keyword#146]]
                  |     \_Subquery[]
                  |       \_EsRelation[employees][avg_worked_seconds{f}#170, birth_date{f}#144, emp_no{f}#169, first_name{f}#171, gender{f}#172, height{f}#173, height.float{f}#150, height.half_float{f}#151, height.scaled_float{f}#152, hire_date{f}#168, is_rehired{f}#174, job_positions{f}#175, languages{f}#176, languages.byte{f}#157, languages.long{f}#158, languages.short{f}#159, last_name{f}#177, salary{f}#178, salary_change{f}#179, salary_change.int{f}#163, salary_change.keyword{f}#164, salary_change.long{f}#165, still_hired{f}#180, does_not_exist{f(MissingEsField)}#167]
                  \_Project[[avg_worked_seconds{r}#181, birth_date{f}#182, emp_no{r}#183, $$emp_no$converted_to$keyword{f(CompactMultiTypeEsField)$}#184, first_name{r}#185, gender{r}#186, height{r}#187, height.float{r}#188, height.half_float{r}#189, height.scaled_float{r}#190, hire_date{f(CompactMultiTypeEsField)}#191, is_rehired{r}#192, job_positions{r}#193, languages{r}#194, languages.byte{r}#195, languages.long{r}#196, languages.short{r}#197, last_name{r}#198, salary{r}#199, salary_change{r}#200, salary_change.int{r}#201, salary_change.keyword{r}#202, salary_change.long{r}#203, still_hired{r}#204, does_not_exist{f(MissingEsField)}#205]]
                    \_Eval[[null[KEYWORD] AS avg_worked_seconds#181, null[KEYWORD] AS emp_no#183, null[KEYWORD] AS first_name#185, null[KEYWORD] AS gender#186, null[KEYWORD] AS height#187, null[KEYWORD] AS is_rehired#192, null[KEYWORD] AS job_positions#193, null[KEYWORD] AS languages#194, null[KEYWORD] AS last_name#198, null[KEYWORD] AS salary#199, null[KEYWORD] AS salary_change#200, null[KEYWORD] AS still_hired#204]]
                      \_Eval[[null[DOUBLE] AS height.float#188, null[DOUBLE] AS height.half_float#189, null[DOUBLE] AS height.scaled_float#190, null[INTEGER] AS languages.byte#195, null[LONG] AS languages.long#196, null[INTEGER] AS languages.short#197, null[INTEGER] AS salary_change.int#201, null[KEYWORD] AS salary_change.keyword#202, null[LONG] AS salary_change.long#203]]
                        \_Subquery[]
                          \_EsRelation[employees,employees_incompatible][!avg_worked_seconds, birth_date{f}#182, !emp_no, !first_name, !gender, !height, hire_date{f(CompactMultiTypeEsField)}#191, !is_rehired, !job_positions, !languages, !last_name, !salary, !salary_change, !still_hired, $$emp_no$converted_to$keyword{f(CompactMultiTypeEsField)$}#184, does_not_exist{f(MissingEsField)}#205]