Limit[1000[INTEGER],false,false]
\_Fork[[emp_no{r}#0, salary{r}#1, dept{r}#2, _fork{r}#3]]
  |_Project[[emp_no{r}#4, salary{r}#5, dept{r}#6, _fork{r}#7]]
  | \_Eval[[fork1[KEYWORD] AS _fork#7]]
  |   \_Limit[1000[INTEGER],false,false]
  |     \_UnionAll[[emp_no{r}#4, salary{r}#5, dept{r}#6]]
  |       |_Project[[emp_no{r}#8, salary{r}#9, dept{r}#10]]
  |       | \_UnionAll[[emp_no{r}#8, salary{r}#9, dept{r}#10]]
  |       |   |_Project[[emp_no{r}#11, salary{r}#12, dept{r}#13]]
  |       |   | \_Filter[emp_no{r}#11 > 10[INTEGER]]
  |       |   |   \_ExternalRelation[s3://bucket/heavy_a.parquet][parquet][emp_no{r}#11, salary{r}#12, dept{r}#13]
  |       |   \_Project[[emp_no{r}#14, salary{r}#15, dept{r}#16]]
  |       |     \_Filter[emp_no{r}#14 > 10[INTEGER]]
  |       |       \_ExternalRelation[s3://bucket/heavy_b.parquet][parquet][emp_no{r}#14, salary{r}#15, dept{r}#16]
  |       \_Project[[emp_no{r}#17, salary{r}#18, dept{r}#19]]
  |         \_Subquery[]
  |           \_UnionAll[[emp_no{r}#17, salary{r}#18, dept{r}#19]]
  |             |_Project[[emp_no{r}#11, salary{r}#12, dept{r}#13]]
  |             | \_Filter[salary{r}#12 > 1000[INTEGER] AND emp_no{r}#11 > 10[INTEGER]]
  |             |   \_ExternalRelation[s3://bucket/heavy_a.parquet][parquet][emp_no{r}#11, salary{r}#12, dept{r}#13]
  |             \_Project[[emp_no{r}#14, salary{r}#15, dept{r}#16]]
  |               \_Filter[salary{r}#15 > 1000[INTEGER] AND emp_no{r}#14 > 10[INTEGER]]
  |                 \_ExternalRelation[s3://bucket/heavy_b.parquet][parquet][emp_no{r}#14, salary{r}#15, dept{r}#16]
  \_Project[[emp_no{r}#20, salary{r}#21, dept{r}#22, _fork{r}#23]]
    \_Eval[[fork2[KEYWORD] AS _fork#23]]
      \_Limit[1000[INTEGER],false,false]
        \_UnionAll[[emp_no{r}#20, salary{r}#21, dept{r}#22]]
          |_Project[[emp_no{r}#24, salary{r}#25, dept{r}#26]]
          | \_UnionAll[[emp_no{r}#24, salary{r}#25, dept{r}#26]]
          |   |_Project[[emp_no{r}#11, salary{r}#12, dept{r}#13]]
          |   | \_Filter[emp_no{r}#11 <= 10[INTEGER]]
          |   |   \_ExternalRelation[s3://bucket/heavy_a.parquet][parquet][emp_no{r}#11, salary{r}#12, dept{r}#13]
          |   \_Project[[emp_no{r}#14, salary{r}#15, dept{r}#16]]
          |     \_Filter[emp_no{r}#14 <= 10[INTEGER]]
          |       \_ExternalRelation[s3://bucket/heavy_b.parquet][parquet][emp_no{r}#14, salary{r}#15, dept{r}#16]
          \_Project[[emp_no{r}#27, salary{r}#28, dept{r}#29]]
            \_Subquery[]
              \_UnionAll[[emp_no{r}#27, salary{r}#28, dept{r}#29]]
                |_Project[[emp_no{r}#11, salary{r}#12, dept{r}#13]]
                | \_Filter[salary{r}#12 > 1000[INTEGER] AND emp_no{r}#11 <= 10[INTEGER]]
                |   \_ExternalRelation[s3://bucket/heavy_a.parquet][parquet][emp_no{r}#11, salary{r}#12, dept{r}#13]
                \_Project[[emp_no{r}#14, salary{r}#15, dept{r}#16]]
                  \_Filter[salary{r}#15 > 1000[INTEGER] AND emp_no{r}#14 <= 10[INTEGER]]
                    \_ExternalRelation[s3://bucket/heavy_b.parquet][parquet][emp_no{r}#14, salary{r}#15, dept{r}#16]