Limit[1000[INTEGER],false,false]
\_Aggregate[[dept{r}#0],[PERCENTILE(salary{r}#1,salary{r}#1 > 0[INTEGER],PT0S[TIME_DURATION],50[INTEGER]) AS p#2, dept{r}#0]]
  \_SourceFanInUnionAll[[emp_no{r}#3, salary{r}#1, dept{r}#0]]
    |_Project[[emp_no{r}#4, salary{r}#5, dept{r}#6]]
    | \_ExternalRelation[s3://bucket/heavy_a.parquet][parquet][emp_no{r}#4, salary{r}#5, dept{r}#6]
    \_Project[[emp_no{r}#7, salary{r}#8, dept{r}#9]]
      \_ExternalRelation[s3://bucket/heavy_b.parquet][parquet][emp_no{r}#7, salary{r}#8, dept{r}#9]