ProjectExec[[network_in_bits{r}#0, step{r}#1, _timeseries{r}#2 AS _timeseries#3]]
\_LimitExec[10000[INTEGER],null]
  \_FilterExec[ISNOTNULL(network_in_bits{r}#0)]
    \_EvalExec[[UNPACKDIMENSION(group__timeseries_$1{r}#4) AS _timeseries#2, TODOUBLE(network_in_bits{r}#5) AS network_in_bits#0]]
      \_AggregateExec[[step{r}#1, pack__timeseries_$1{r}#6],[VALUES($$network.total_b>$VALUES$0{r$}#7,true[BOOLEAN],PT0S[TIME_DURATION]) AS network_in_bits#5, step{r}#1 AS step#1, pack__timeseries_$1{r}#6 AS group__timeseries_$1#4],SINGLE,[step{r}#1, pack__timeseries_$1{r}#6, $$network_in_bits$values{r}#8],null]
        \_EvalExec[[PACKDIMENSION(_timeseries{r}#9) AS pack__timeseries_$1#6, TODOUBLE(LASTOVERTIME_$1{r}#10) * 8.0[DOUBLE] AS $$network.total_b>$VALUES$0#7]]
          \_TimeSeriesAggregateExec[[_tsid{m}#11, step{r}#1],[LASTOVERTIME(network.total_bytes_in{f}#12,true[BOOLEAN],PT0S[TIME_DURATION],@timestamp{f}#13) AS LASTOVERTIME_$1#10, DIMENSIONVALUES(_timeseries{f}#2,true[BOOLEAN],PT0S[TIME_DURATION]) AS _timeseries#9, step{r}#1],FINAL,[_tsid{m}#11, step{r}#1, $$LASTOVERTIME_$1$timestamps{r}#14, $$LASTOVERTIME_$1$values{r}#15, $$_timeseries$values{r}#16],null,BUCKET(@timestamp{f}#13,PT1H[TIME_DURATION]),BUCKET(@timestamp{f}#13,PT1H[TIME_DURATION]),false]
            \_ExchangeExec[[_tsid{m}#11, step{r}#1, $$LASTOVERTIME_$1$timestamps{r}#14, $$LASTOVERTIME_$1$values{r}#15, $$_timeseries$values{r}#16],true]
              \_FragmentExec[filter=null, estimatedRowSize=0, reducer=[], fragment=[<>
TimeSeriesAggregate[[_tsid{m}#11, step{r}#1],[LASTOVERTIME(network.total_bytes_in{f}#12,true[BOOLEAN],PT0S[TIME_DURATION],@timestamp{f}#13) AS LASTOVERTIME_$1#10, DIMENSIONVALUES(_timeseries{f}#2,true[BOOLEAN],PT0S[TIME_DURATION]) AS _timeseries#9, step{r}#1],BUCKET(@timestamp{f}#13,PT1H[TIME_DURATION]),BUCKET(@timestamp{f}#13,PT1H[TIME_DURATION]),@timestamp{f}#13,false]
\_Eval[[BUCKET(@timestamp{f}#13,PT1H[TIME_DURATION]) AS step#1]]
  \_EsRelation[k8s][@timestamp{f}#13, client.ip{f}#17, cluster{f}#18, event{f}#19, event_city{f}#20, event_city_boundary{f}#21, event_location{f}#22, event_log{f}#23, event_shape{f}#24, events_received{f}#25, network.bytes_in{f}#26, network.cost{f}#27, network.eth0.currently_connected_clients{f}#28, network.eth0.firmware_version{f}#29, network.eth0.last_up{f}#30, network.eth0.rx{f}#31, network.eth0.tx{f}#32, network.eth0.up{f}#33, network.total_bytes_in{f}#12, network.total_bytes_out{f}#34, network.total_cost{f}#35, pod{f}#36, region{f}#37, _timeseries{f}#2, _tsid{m}#11]<>]]