Limit[10000000[INTEGER],false,false]
\_Limit[1[INTEGER],false,false]
  \_Project[[parts.domain{r}#0, parts.fragment{r}#1, parts.path{r}#2, parts.extension{r}#3, parts.port{r}#4, parts.query{r}#5, parts.scheme{r}#6, parts.user_info{r}#7, parts.username{r}#8, parts.password{r}#9]]
    \_UriParts[_timeseries{r}#10,[domain, fragment, path, extension, port, query, scheme, user_info, username, password],[parts.domain{r}#0, parts.fragment{r}#1, parts.path{r}#2, parts.extension{r}#3, parts.port{r}#4, parts.query{r}#5, parts.scheme{r}#6, parts.user_info{r}#7, parts.username{r}#8, parts.password{r}#9]]
      \_Grok[_timeseries{r}#10,Parser[pattern=%{WORD:zEyDkwmbYa} %{WORD:step} %{WORD:step}],[step{r}#11, zEyDkwmbYa{r}#12]]
        \_Filter[step{r}#13 >= 0[DATETIME] AND step{r}#13 <= 253402300799999[DATETIME]]
          \_Filter[ISNOTNULL(oYJdEiiJ{r}#14)]
            \_Project[[oYJdEiiJ{r}#14, step{r}#13, _timeseries{r}#10]]
              \_Eval[[_timeseries{r}#15 AS _timeseries#10]]
                \_Eval[[TODOUBLE(oYJdEiiJ{r}#16) AS oYJdEiiJ#14]]
                  \_Project[[oYJdEiiJ{r}#16, step{r}#13, _timeseries{r}#15, cluster{r}#17, pod{r}#18]]
                    \_UnpackDims[_$packed_grouping_dims{r}#19,[_timeseries{r}#15, cluster{r}#17, pod{r}#18]]
                      \_Aggregate[[step{r}#13 AS step#13, _$packed_dims{f$}#20 AS _$packed_grouping_dims#19],[VALUES(LASTOVERTIME_$1{r}#21,true[BOOLEAN],PT0S[TIME_DURATION]) AS oYJdEiiJ#16, step{r}#13, _$packed_grouping_dims{r}#19]]
                        \_PackDims[[_timeseries{r}#22, cluster{r}#23, pod{r}#24],_$packed_dims{f$}#20]
                          \_TimeSeriesAggregate[[_tsid{m}#25, BUCKET(@timestamp{f}#26,PT1H[TIME_DURATION]) AS step#13],[LASTOVERTIME(network.bytes_in{f}#27,true[BOOLEAN],PT0S[TIME_DURATION],@timestamp{f}#26) AS LASTOVERTIME_$1#21, DIMENSIONVALUES(_timeseries{f}#15,true[BOOLEAN],PT0S[TIME_DURATION]) AS _timeseries#22, DIMENSIONVALUES(cluster{f}#17,true[BOOLEAN],PT0S[TIME_DURATION]) AS cluster#23, DIMENSIONVALUES(pod{f}#18,true[BOOLEAN],PT0S[TIME_DURATION]) AS pod#24, _tsid{m}#25, step{r}#13],BUCKET(@timestamp{f}#26,PT1H[TIME_DURATION]),BUCKET(@timestamp{f}#26,PT1H[TIME_DURATION]),@timestamp{f}#26,PROMQL_COMMAND]
                            \_Filter[ISNULL(cluster{f}#17) OR NOT(IN(qa[KEYWORD],cluster{f}#17)) AND ISNULL(pod{f}#18) OR NOT(IN(two[KEYWORD],pod{f}#18))]
                              \_EsRelation[k8s-downsampled][@timestamp{f}#26, client.ip{f}#28, cluster{f}#17, event{f}#29, event_city{f}#30, event_city_boundary{f}#31, event_location{f}#32, event_log{f}#33, event_shape{f}#34, events_received{f}#35, network.bytes_in{f}#27, network.cost{f}#36, network.eth0.currently_connected_clients{f}#37, network.eth0.firmware_version{f}#38, network.eth0.last_up{f}#39, network.eth0.rx{f}#40, network.eth0.tx{f}#41, network.eth0.up{f}#42, network.total_bytes_in{f}#43, network.total_cost{f}#44, pod{f}#18, _timeseries{f}#15, _tsid{m}#25]