ProjectExec[[avg_salary{r}#0, count{r}#1]]
\_EvalExec[[$$SUM$avg_salary$0{r$}#2 / $$COUNT$avg_salary$1{r$}#3 AS avg_salary#0]]
  \_LimitExec[10000[INTEGER],null]
    \_AggregateExec[[],[SUM(salary{f}#4,true[BOOLEAN],PT0S[TIME_DURATION],compensated[KEYWORD]) AS $$SUM$avg_salary$0#2, COUNT(salary{f}#4,true[BOOLEAN],PT0S[TIME_DURATION]) AS $$COUNT$avg_salary$1#3, COUNT(*[KEYWORD],true[BOOLEAN],PT0S[TIME_DURATION]) AS count#1],SINGLE,[$$SUM$avg_salary$0$sum{r}#5, $$SUM$avg_salary$0$seen{r}#6, $$COUNT$avg_salary$1$count{r}#7, $$COUNT$avg_salary$1$seen{r}#8, $$count$count{r}#9, $$count$seen{r}#10],null]
      \_TopNExec[[Order[hire_date{f}#11,ASC,LAST]],20[INTEGER],null]
        \_ExchangeExec[[hire_date{f}#11, salary{f}#4],false]
          \_FragmentExec[filter=null, estimatedRowSize=0, reducer=[], fragment=[<>
Project[[hire_date{f}#11, salary{f}#4]]
\_TopN[[Order[hire_date{f}#11,ASC,LAST]],20[INTEGER],false]
  \_EsRelation[employees][avg_worked_seconds{f}#12, birth_date{f}#13, emp_no{f}#14, first_name{f}#15, gender{f}#16, height{f}#17, height.float{f}#18, height.half_float{f}#19, height.scaled_float{f}#20, hire_date{f}#11, is_rehired{f}#21, job_positions{f}#22, languages{f}#23, languages.byte{f}#24, languages.long{f}#25, languages.short{f}#26, last_name{f}#27, salary{f}#4, salary_change{f}#28, salary_change.int{f}#29, salary_change.keyword{f}#30, salary_change.long{f}#31, still_hired{f}#32]<>]]