ExchangeSinkExec[[hire_date{f}, salary{f}],false]
\_ProjectExec[[_doc{f}, hire_date{f}]]
  \_FieldExtractExec[hire_date{f}]<[],[]>
    \_EsQueryExec[employees], indexMode[standard], [_doc{f}], limit[20], sort[[FieldSort[field=hire_date{f}, direction=ASC, nulls=LAST]]] estimatedRowSize[24] queryBuilderAndTags [[QueryBuilderAndTags[query=null, tags=[]]]]