Limit[1000[INTEGER],false,false]
\_Fork[[emp_no{r}#0, first_name{r}#1, _fork{r}#2, avg_worked_seconds{r}#3, birth_date{r}#4, gender{r}#5, height{r}#6, height.float{r}#7, height.half_float{r}#8, height.scaled_float{r}#9, hire_date{r}#10, is_rehired{r}#11, job_positions{r}#12, languages{r}#13, languages.byte{r}#14, languages.long{r}#15, languages.short{r}#16, last_name{r}#17, salary{r}#18, salary_change{r}#19, salary_change.int{r}#20, salary_change.keyword{r}#21, salary_change.long{r}#22, still_hired{r}#23, $$unmapped_fields{m}#24]]
  |_Eval[[null[KEYWORD] AS $$unmapped_fields#25]]
  | \_Project[[emp_no{f}#26, first_name{f}#27, _fork{r}#28, avg_worked_seconds{r}#29, birth_date{r}#30, gender{r}#31, height{r}#32, height.float{r}#33, height.half_float{r}#34, height.scaled_float{r}#35, hire_date{r}#36, is_rehired{r}#37, job_positions{r}#38, languages{r}#39, languages.byte{r}#40, languages.long{r}#41, languages.short{r}#42, last_name{r}#43, salary{r}#44, salary_change{r}#45, salary_change.int{r}#46, salary_change.keyword{r}#47, salary_change.long{r}#48, still_hired{r}#49]]
  |   \_Eval[[null[LONG] AS avg_worked_seconds#29, null[DATETIME] AS birth_date#30, null[KEYWORD] AS gender#31, null[DOUBLE] AS height#32, null[DOUBLE] AS height.float#33, null[DOUBLE] AS height.half_float#34, null[DOUBLE] AS height.scaled_float#35, null[DATETIME] AS hire_date#36, null[BOOLEAN] AS is_rehired#37, null[KEYWORD] AS job_positions#38, null[INTEGER] AS languages#39, null[INTEGER] AS languages.byte#40, null[LONG] AS languages.long#41, null[INTEGER] AS languages.short#42, null[KEYWORD] AS last_name#43, null[INTEGER] AS salary#44, null[DOUBLE] AS salary_change#45, null[INTEGER] AS salary_change.int#46, null[KEYWORD] AS salary_change.keyword#47, null[LONG] AS salary_change.long#48, null[BOOLEAN] AS still_hired#49]]
  |     \_Eval[[fork1[KEYWORD] AS _fork#28]]
  |       \_Project[[emp_no{f}#26, first_name{f}#27]]
  |         \_EsRelation[employees][avg_worked_seconds{f}#50, birth_date{f}#51, emp_no{f}#26, first_name{f}#27, gender{f}#52, height{f}#53, height.float{f}#54, height.half_float{f}#55, height.scaled_float{f}#56, hire_date{f}#57, is_rehired{f}#58, job_positions{f}#59, languages{f}#60, languages.byte{f}#61, languages.long{f}#62, languages.short{f}#63, last_name{f}#64, salary{f}#65, salary_change{f}#66, salary_change.int{f}#67, salary_change.keyword{f}#68, salary_change.long{f}#69, still_hired{f}#70]
  \_Project[[emp_no{f}#71, first_name{f}#72, _fork{r}#73, avg_worked_seconds{f}#74, birth_date{f}#75, gender{f}#76, height{f}#77, height.float{f}#78, height.half_float{f}#79, height.scaled_float{f}#80, hire_date{f}#81, is_rehired{f}#82, job_positions{f}#83, languages{f}#84, languages.byte{f}#85, languages.long{f}#86, languages.short{f}#87, last_name{f}#88, salary{f}#89, salary_change{f}#90, salary_change.int{f}#91, salary_change.keyword{f}#92, salary_change.long{f}#93, still_hired{f}#94, $$unmapped_fields{m}#95]]
    \_Eval[[fork2[KEYWORD] AS _fork#73]]
      \_Filter[salary{f}#89 > 50000[INTEGER]]
        \_EsRelation[employees][avg_worked_seconds{f}#74, birth_date{f}#75, emp_no{f}#71, first_name{f}#72, gender{f}#76, height{f}#77, height.float{f}#78, height.half_float{f}#79, height.scaled_float{f}#80, hire_date{f}#81, is_rehired{f}#82, job_positions{f}#83, languages{f}#84, languages.byte{f}#85, languages.long{f}#86, languages.short{f}#87, last_name{f}#88, salary{f}#89, salary_change{f}#90, salary_change.int{f}#91, salary_change.keyword{f}#92, salary_change.long{f}#93, still_hired{f}#94, $$unmapped_fields{m}#95]