Project[[_fork{r}#0, e{r}#1]]
\_Limit[1000[INTEGER],false,false]
  \_Fork[[$$emp_no$converted_to$keyword{r$}#2, e{r}#1, _fork{r}#0]]
    |_Project[[$$emp_no$converted_to$keyword{r$}#3, $$emp_no$converted_to$keyword{r$}#3 AS e#4, _fork{r}#5]]
    | \_Eval[[fork1[KEYWORD] AS _fork#5]]
    |   \_Limit[1000[INTEGER],false,false]
    |     \_UnionAll[[avg_worked_seconds{r}#6, birth_date{r}#7, emp_no{r}#8, $$emp_no$converted_to$keyword{r$}#3, first_name{r}#9, gender{r}#10, height{r}#11, height.float{r}#12, height.half_float{r}#13, height.scaled_float{r}#14, hire_date{r}#15, is_rehired{r}#16, job_positions{r}#17, languages{r}#18, languages.byte{r}#19, languages.long{r}#20, languages.short{r}#21, last_name{r}#22, salary{r}#23, salary_change{r}#24, salary_change.int{r}#25, salary_change.keyword{r}#26, salary_change.long{r}#27, still_hired{r}#28, does_not_exist{r}#29]]
    |       |_Project[[avg_worked_seconds{r}#30, birth_date{f}#31, emp_no{r}#32, $$emp_no$converted_to$keyword{r$}#33, first_name{r}#34, gender{r}#35, height{r}#36, height.float{f}#37, height.half_float{f}#38, height.scaled_float{f}#39, hire_date{r}#40, is_rehired{r}#41, job_positions{r}#42, languages{r}#43, languages.byte{f}#44, languages.long{f}#45, languages.short{f}#46, last_name{r}#47, salary{r}#48, salary_change{r}#49, salary_change.int{f}#50, salary_change.keyword{f}#51, salary_change.long{f}#52, still_hired{r}#53, does_not_exist{f(MissingEsField)}#54]]
    |       | \_Filter[$$emp_no$converted_to$keyword{r$}#33 == 10001[KEYWORD]]
    |       |   \_Eval[[TO_STRING(emp_no{f}#55) AS $$emp_no$converted_to$keyword#33, null[KEYWORD] AS avg_worked_seconds#30, null[KEYWORD] AS emp_no#32, null[KEYWORD] AS first_name#34, null[KEYWORD] AS gender#35, null[KEYWORD] AS height#36, TODATENANOS(hire_date{f}#56) AS hire_date#40, null[KEYWORD] AS is_rehired#41, null[KEYWORD] AS job_positions#42, null[KEYWORD] AS languages#43, null[KEYWORD] AS last_name#47, null[KEYWORD] AS salary#48, null[KEYWORD] AS salary_change#49, null[KEYWORD] AS still_hired#53]]
    |       |     \_Subquery[]
    |       |       \_EsRelation[employees][avg_worked_seconds{f}#57, birth_date{f}#31, emp_no{f}#55, first_name{f}#58, gender{f}#59, height{f}#60, height.float{f}#37, height.half_float{f}#38, height.scaled_float{f}#39, hire_date{f}#56, is_rehired{f}#61, job_positions{f}#62, languages{f}#63, languages.byte{f}#44, languages.long{f}#45, languages.short{f}#46, last_name{f}#64, salary{f}#65, salary_change{f}#66, salary_change.int{f}#50, salary_change.keyword{f}#51, salary_change.long{f}#52, still_hired{f}#67, does_not_exist{f(MissingEsField)}#54]
    |       \_Project[[avg_worked_seconds{r}#68, birth_date{f}#69, emp_no{r}#70, $$emp_no$converted_to$keyword{f(MultiTypeEsField)$}#71, first_name{r}#72, gender{r}#73, height{r}#74, height.float{r}#75, height.half_float{r}#76, height.scaled_float{r}#77, hire_date{f(MultiTypeEsField)}#78, is_rehired{r}#79, job_positions{r}#80, languages{r}#81, languages.byte{r}#82, languages.long{r}#83, languages.short{r}#84, last_name{r}#85, salary{r}#86, salary_change{r}#87, salary_change.int{r}#88, salary_change.keyword{r}#89, salary_change.long{r}#90, still_hired{r}#91, does_not_exist{f(MissingEsField)}#92]]
    |         \_Eval[[null[DOUBLE] AS height.float#75, null[DOUBLE] AS height.half_float#76, null[DOUBLE] AS height.scaled_float#77, null[INTEGER] AS languages.byte#82, null[LONG] AS languages.long#83, null[INTEGER] AS languages.short#84, null[INTEGER] AS salary_change.int#88, null[KEYWORD] AS salary_change.keyword#89, null[LONG] AS salary_change.long#90, null[KEYWORD] AS avg_worked_seconds#68, null[KEYWORD] AS emp_no#70, null[KEYWORD] AS first_name#72, null[KEYWORD] AS gender#73, null[KEYWORD] AS height#74, null[KEYWORD] AS is_rehired#79, null[KEYWORD] AS job_positions#80, null[KEYWORD] AS languages#81, null[KEYWORD] AS last_name#85, null[KEYWORD] AS salary#86, null[KEYWORD] AS salary_change#87, null[KEYWORD] AS still_hired#91]]
    |           \_Subquery[]
    |             \_Filter[$$emp_no$converted_to$keyword{f(MultiTypeEsField)$}#71 == 10001[KEYWORD]]
    |               \_EsRelation[employees,employees_incompatible][!avg_worked_seconds, birth_date{f}#69, !emp_no, !first_name, !gender, !height, hire_date{f(MultiTypeEsField)}#78, !is_rehired, !job_positions, !languages, !last_name, !salary, !salary_change, !still_hired, $$emp_no$converted_to$keyword{f(MultiTypeEsField)$}#71, does_not_exist{f(MissingEsField)}#92]
    \_Project[[$$emp_no$converted_to$keyword{r$}#93, $$emp_no$converted_to$keyword{r$}#93 AS e#4, _fork{r}#94]]
      \_Eval[[fork2[KEYWORD] AS _fork#94]]
        \_Limit[1000[INTEGER],false,false]
          \_UnionAll[[avg_worked_seconds{r}#95, birth_date{r}#96, emp_no{r}#97, $$emp_no$converted_to$keyword{r$}#93, first_name{r}#98, gender{r}#99, height{r}#100, height.float{r}#101, height.half_float{r}#102, height.scaled_float{r}#103, hire_date{r}#104, is_rehired{r}#105, job_positions{r}#106, languages{r}#107, languages.byte{r}#108, languages.long{r}#109, languages.short{r}#110, last_name{r}#111, salary{r}#112, salary_change{r}#113, salary_change.int{r}#114, salary_change.keyword{r}#115, salary_change.long{r}#116, still_hired{r}#117, does_not_exist{r}#118]]
            |_Project[[avg_worked_seconds{r}#119, birth_date{f}#120, emp_no{r}#121, $$emp_no$converted_to$keyword{r$}#122, first_name{r}#123, gender{r}#124, height{r}#125, height.float{f}#126, height.half_float{f}#127, height.scaled_float{f}#128, hire_date{r}#129, is_rehired{r}#130, job_positions{r}#131, languages{r}#132, languages.byte{f}#133, languages.long{f}#134, languages.short{f}#135, last_name{r}#136, salary{r}#137, salary_change{r}#138, salary_change.int{f}#139, salary_change.keyword{f}#140, salary_change.long{f}#141, still_hired{r}#142, does_not_exist{f(MissingEsField)}#143]]
            | \_Filter[$$emp_no$converted_to$keyword{r$}#122 == 10001[KEYWORD] OR ISNOTNULL(does_not_exist{f(MissingEsField)}#143) AND NOT($$emp_no$converted_to$keyword{r$}#122 == 10001[KEYWORD]) OR ISNULL($$emp_no$converted_to$keyword{r$}#122)]
            |   \_Eval[[TO_STRING(emp_no{f}#144) AS $$emp_no$converted_to$keyword#122, null[KEYWORD] AS avg_worked_seconds#119, null[KEYWORD] AS emp_no#121, null[KEYWORD] AS first_name#123, null[KEYWORD] AS gender#124, null[KEYWORD] AS height#125, TODATENANOS(hire_date{f}#145) AS hire_date#129, null[KEYWORD] AS is_rehired#130, null[KEYWORD] AS job_positions#131, null[KEYWORD] AS languages#132, null[KEYWORD] AS last_name#136, null[KEYWORD] AS salary#137, null[KEYWORD] AS salary_change#138, null[KEYWORD] AS still_hired#142]]
            |     \_Subquery[]
            |       \_EsRelation[employees][avg_worked_seconds{f}#146, birth_date{f}#120, emp_no{f}#144, first_name{f}#147, gender{f}#148, height{f}#149, height.float{f}#126, height.half_float{f}#127, height.scaled_float{f}#128, hire_date{f}#145, is_rehired{f}#150, job_positions{f}#151, languages{f}#152, languages.byte{f}#133, languages.long{f}#134, languages.short{f}#135, last_name{f}#153, salary{f}#154, salary_change{f}#155, salary_change.int{f}#139, salary_change.keyword{f}#140, salary_change.long{f}#141, still_hired{f}#156, does_not_exist{f(MissingEsField)}#143]
            \_Project[[avg_worked_seconds{r}#157, birth_date{f}#158, emp_no{r}#159, $$emp_no$converted_to$keyword{f(MultiTypeEsField)$}#160, first_name{r}#161, gender{r}#162, height{r}#163, height.float{r}#164, height.half_float{r}#165, height.scaled_float{r}#166, hire_date{f(MultiTypeEsField)}#167, is_rehired{r}#168, job_positions{r}#169, languages{r}#170, languages.byte{r}#171, languages.long{r}#172, languages.short{r}#173, last_name{r}#174, salary{r}#175, salary_change{r}#176, salary_change.int{r}#177, salary_change.keyword{r}#178, salary_change.long{r}#179, still_hired{r}#180, does_not_exist{f(MissingEsField)}#181]]
              \_Eval[[null[DOUBLE] AS height.float#164, null[DOUBLE] AS height.half_float#165, null[DOUBLE] AS height.scaled_float#166, null[INTEGER] AS languages.byte#171, null[LONG] AS languages.long#172, null[INTEGER] AS languages.short#173, null[INTEGER] AS salary_change.int#177, null[KEYWORD] AS salary_change.keyword#178, null[LONG] AS salary_change.long#179, null[KEYWORD] AS avg_worked_seconds#157, null[KEYWORD] AS emp_no#159, null[KEYWORD] AS first_name#161, null[KEYWORD] AS gender#162, null[KEYWORD] AS height#163, null[KEYWORD] AS is_rehired#168, null[KEYWORD] AS job_positions#169, null[KEYWORD] AS languages#170, null[KEYWORD] AS last_name#174, null[KEYWORD] AS salary#175, null[KEYWORD] AS salary_change#176, null[KEYWORD] AS still_hired#180]]
                \_Subquery[]
                  \_Filter[$$emp_no$converted_to$keyword{f(MultiTypeEsField)$}#160 == 10001[KEYWORD] OR ISNOTNULL(does_not_exist{f(MissingEsField)}#181) AND NOT($$emp_no$converted_to$keyword{f(MultiTypeEsField)$}#160 == 10001[KEYWORD]) OR ISNULL($$emp_no$converted_to$keyword{f(MultiTypeEsField)$}#160)]
                    \_EsRelation[employees,employees_incompatible][!avg_worked_seconds, birth_date{f}#158, !emp_no, !first_name, !gender, !height, hire_date{f(MultiTypeEsField)}#167, !is_rehired, !job_positions, !languages, !last_name, !salary, !salary_change, !still_hired, $$emp_no$converted_to$keyword{f(MultiTypeEsField)$}#160, does_not_exist{f(MissingEsField)}#181]