Limit[1000[INTEGER],false,false]
\_Aggregate[[],[SUM($$salary_+_1$SUM$0{r$}#0,true[BOOLEAN],PT0S[TIME_DURATION],compensated[KEYWORD],long_overflow_warn[KEYWORD]) AS s1#1, SUM($$salary_+_2$SUM$1{r$}#2,true[BOOLEAN],PT0S[TIME_DURATION],compensated[KEYWORD],long_overflow_warn[KEYWORD]) AS s2#3]]
  \_Eval[[salary{f}#4 + 1[INTEGER] AS $$salary_+_1$SUM$0#0, salary{f}#4 + 2[INTEGER] AS $$salary_+_2$SUM$1#2]]
    \_Filter[gender{f}#5 == M[KEYWORD]]
      \_EsRelation[employees][avg_worked_seconds{f}#6, birth_date{f}#7, emp_no{f}#8, first_name{f}#9, gender{f}#5, height{f}#10, height.float{f}#11, height.half_float{f}#12, height.scaled_float{f}#13, hire_date{f}#14, is_rehired{f}#15, job_positions{f}#16, languages{f}#17, languages.byte{f}#18, languages.long{f}#19, languages.short{f}#20, last_name{f}#21, salary{f}#4, salary_change{f}#22, salary_change.int{f}#23, salary_change.keyword{f}#24, salary_change.long{f}#25, still_hired{f}#26]