Project[[t{r}#0 AS y#1, @timestamp{r}#2, _fork{r}#3]]
\_TopN[[Order[t{r}#0,ASC,LAST]],1000[INTEGER],false]
  \_Fork[[@timestamp{r}#2, t{r}#0, _fork{r}#3]]
    |_Project[[@timestamp{r}#4, @timestamp{r}#4 AS t#5, _fork{r}#6]]
    | \_TopN[[Order[@timestamp{r}#4,ASC,LAST]],1000[INTEGER],false]
    |   \_Eval[[fork1[KEYWORD] AS _fork#6]]
    |     \_UnionAll[[@timestamp{r}#4, client_ip{r}#7, event_duration{r}#8, message{r}#9]]
    |       |_Project[[@timestamp{r}#10, client_ip{f}#11, event_duration{f}#12, message{f}#13]]
    |       | \_Eval[[TODATENANOS(@timestamp{f}#14) AS @timestamp#10]]
    |       |   \_Filter[event_duration{f}#12 > 0[INTEGER]]
    |       |     \_EsRelation[sample_data][@timestamp{f}#14, client_ip{f}#11, event_duration{f}#12, message{f}#13]
    |       \_Project[[@timestamp{r}#15, client_ip{r}#16, event_duration{r}#17, message{r}#18]]
    |         \_Subquery[]
    |           \_UnionAll[[@timestamp{r}#15, client_ip{r}#16, event_duration{r}#17, message{r}#18]]
    |             |_Project[[@timestamp{f}#19, client_ip{f}#20, event_duration{f}#21, message{f}#22]]
    |             | \_Filter[event_duration{f}#21 > 0[INTEGER]]
    |             |   \_EsRelation[sample_data_ts_nanos][@timestamp{f}#19, client_ip{f}#20, event_duration{f}#21, message{f}#22]
    |             \_Project[[@timestamp{r}#23, client_ip{f}#24, event_duration{f}#25, message{f}#26]]
    |               \_Eval[[TODATENANOS(@timestamp{f}#27) AS @timestamp#23]]
    |                 \_Subquery[]
    |                   \_Filter[event_duration{f}#25 > 0[INTEGER]]
    |                     \_EsRelation[sample_data][@timestamp{f}#27, client_ip{f}#24, event_duration{f}#25, message{f}#26]
    \_Project[[@timestamp{r}#28, @timestamp{r}#28 AS t#5, _fork{r}#29]]
      \_TopN[[Order[@timestamp{r}#28,ASC,LAST]],1000[INTEGER],false]
        \_Eval[[fork2[KEYWORD] AS _fork#29]]
          \_UnionAll[[@timestamp{r}#28, client_ip{r}#30, event_duration{r}#31, message{r}#32]]
            |_Project[[@timestamp{r}#33, client_ip{f}#34, event_duration{f}#35, message{f}#36]]
            | \_Eval[[TODATENANOS(@timestamp{f}#37) AS @timestamp#33]]
            |   \_Filter[event_duration{f}#35 <= 0[INTEGER]]
            |     \_EsRelation[sample_data][@timestamp{f}#37, client_ip{f}#34, event_duration{f}#35, message{f}#36]
            \_Project[[@timestamp{r}#38, client_ip{r}#39, event_duration{r}#40, message{r}#41]]
              \_Subquery[]
                \_UnionAll[[@timestamp{r}#38, client_ip{r}#39, event_duration{r}#40, message{r}#41]]
                  |_Project[[@timestamp{f}#42, client_ip{f}#43, event_duration{f}#44, message{f}#45]]
                  | \_Filter[event_duration{f}#44 <= 0[INTEGER]]
                  |   \_EsRelation[sample_data_ts_nanos][@timestamp{f}#42, client_ip{f}#43, event_duration{f}#44, message{f}#45]
                  \_Project[[@timestamp{r}#46, client_ip{f}#47, event_duration{f}#48, message{f}#49]]
                    \_Eval[[TODATENANOS(@timestamp{f}#50) AS @timestamp#46]]
                      \_Subquery[]
                        \_Filter[event_duration{f}#48 <= 0[INTEGER]]
                          \_EsRelation[sample_data][@timestamp{f}#50, client_ip{f}#47, event_duration{f}#48, message{f}#49]