Project[[client_ip{r}#0]]
\_Limit[10000[INTEGER],false,false]
  \_Limit[10[INTEGER],false,false]
    \_Project[[client_ip{r}#0, $$client_ip$converted_to$ip{r$}#1]]
      \_Eval[[$$client_ip$converted_to$ip{r$}#1 AS client_ip#0]]
        \_Project[[client_ip{r}#2, renamed{r}#3 AS label#4, $$client_ip$converted_to$ip{r$}#1]]
          \_Project[[client_ip{r}#2, label{r}#5 AS renamed#3, $$client_ip$converted_to$ip{r$}#1]]
            \_Project[[client_ip{r}#2, label{r}#5, $$client_ip$converted_to$ip{r$}#1]]
              \_UnionAll[[client_ip{r}#2, $$client_ip$converted_to$ip{r$}#1, label{r}#5]]
                |_Project[[client_ip{r}#6, $$client_ip$converted_to$ip{r$}#7, label{r}#8]]
                | \_Eval[[$$client_ip$converted_to$ip{r$}#9 AS $$client_ip$converted_to$ip#7]]
                |   \_Subquery[]
                |     \_Project[[client_ip{r}#6, renamed{r}#10 AS label#8, $$client_ip$converted_to$ip{r$}#9]]
                |       \_Project[[client_ip{r}#6, label{r}#11 AS renamed#10, $$client_ip$converted_to$ip{r$}#9]]
                |         \_Project[[client_ip{r}#6, label{r}#11, $$client_ip$converted_to$ip{r$}#9]]
                |           \_UnionAll[[client_ip{r}#6, $$client_ip$converted_to$ip{r$}#9, label{r}#11]]
                |             |_Project[[client_ip{r}#12, $$client_ip$converted_to$ip{r$}#13, label{r}#14]]
                |             | \_Eval[[$$client_ip$converted_to$ip{r$}#15 AS $$client_ip$converted_to$ip#13]]
                |             |   \_Subquery[]
                |             |     \_Project[[client_ip{r}#12, renamed{r}#16 AS label#14, $$client_ip$converted_to$ip{r$}#15]]
                |             |       \_Project[[client_ip{r}#12, label{r}#17 AS renamed#16, $$client_ip$converted_to$ip{r$}#15]]
                |             |         \_Project[[client_ip{r}#12, label{r}#17, $$client_ip$converted_to$ip{r$}#15]]
                |             |           \_Eval[[1[INTEGER] AS label#17]]
                |             |             \_UnionAll[[client_ip{r}#12, $$client_ip$converted_to$ip{r$}#15]]
                |             |               |_Project[[client_ip{r}#18, $$client_ip$converted_to$ip{r$}#19]]
                |             |               | \_Eval[[TO_IP(client_ip{r}#18) AS $$client_ip$converted_to$ip#19]]
                |             |               |   \_Subquery[]
                |             |               |     \_Row[[172.21.0.5[KEYWORD] AS client_ip#18]]
                |             |               \_Project[[client_ip{r}#20, $$client_ip$converted_to$ip{r$}#21]]
                |             |                 \_Eval[[TO_IP(client_ip{r}#20) AS $$client_ip$converted_to$ip#21]]
                |             |                   \_Subquery[]
                |             |                     \_Row[[172.21.3.15[KEYWORD] AS client_ip#20]]
                |             \_Project[[client_ip{r}#22, $$client_ip$converted_to$ip{r$}#23, label{r}#24]]
                |               \_Eval[[TO_IP(client_ip{r}#22) AS $$client_ip$converted_to$ip#23]]
                |                 \_Subquery[]
                |                   \_Row[[172.21.2.162[KEYWORD] AS client_ip#22, 1[INTEGER] AS label#24]]
                \_Project[[client_ip{r}#25, $$client_ip$converted_to$ip{r$}#26, label{r}#27]]
                  \_Eval[[TO_IP(client_ip{r}#25) AS $$client_ip$converted_to$ip#26]]
                    \_Subquery[]
                      \_Row[[172.21.2.162[KEYWORD] AS client_ip#25, 1[INTEGER] AS label#27]]