Limit[10000[INTEGER],false,false]
\_TimeSeriesAggregate[[pod{f}#0, BUCKET(@timestamp{f}#1,PT5M[TIME_DURATION]) AS time_bucket#2],[MAX(MAXOVERTIME(network.eth0.tx{f}#3,true[BOOLEAN],PT0S[TIME_DURATION]),true[BOOLEAN],PT0S[TIME_DURATION]) AS m#4, COUNT(COUNTOVERTIME(network.eth0.tx{f}#3,true[BOOLEAN],PT0S[TIME_DURATION]),true[BOOLEAN],PT0S[TIME_DURATION]) AS c#5, AVG(AVGOVERTIME(network.eth0.tx{f}#3,true[BOOLEAN],PT0S[TIME_DURATION]),true[BOOLEAN],PT0S[TIME_DURATION],compensated[KEYWORD]) AS a#6, pod{f}#0, time_bucket{r}#2],null,null,@timestamp{f}#1,false]
  \_EsRelation[k8s-downsampled][TIME_SERIES][@timestamp{f}#1, client.ip{f}#7, cluster{f}#8, event{f}#9, event_city{f}#10, event_city_boundary{f}#11, event_location{f}#12, event_log{f}#13, event_shape{f}#14, events_received{f}#15, network.bytes_in{f}#16, network.cost{f}#17, network.eth0.currently_connected_clients{f}#18, network.eth0.firmware_version{f}#19, network.eth0.last_up{f}#20, network.eth0.rx{f}#21, network.eth0.tx{f}#3, network.eth0.up{f}#22, network.total_bytes_in{f}#23, network.total_cost{f}#24, pod{f}#0]