ExchangeSinkExec[[_tsid{m}#0, time_bucket{r}#1, $$MAXOVERTIME_$1$max{r}#2, $$MAXOVERTIME_$1$seen{r}#3, $$COUNTOVERTIME_$1$sum{r}#4, $$COUNTOVERTIME_$1$seen{r}#5, $$SUM$AVGOVERTIME_$1$0$value{r}#6, $$SUM$AVGOVERTIME_$1$0$unusedDeltas{r}#7, $$SUM$AVGOVERTIME_$1$0$seen{r}#8, $$pod$values{r}#9],false]
\_TimeSeriesAggregateExec[[_tsid{m}#0, time_bucket{r}#1],[MAX($$max_over_time(n>$MAX$0{r$}#10,true[BOOLEAN],PT0S[TIME_DURATION]) AS MAXOVERTIME_$1#11, SUM($$count_over_time>$SUM$1{r$}#12,true[BOOLEAN],PT0S[TIME_DURATION],compensated[KEYWORD]) AS COUNTOVERTIME_$1#13, SUM($$avg_over_time(n>$SUM$2{r$}#14,true[BOOLEAN],PT0S[TIME_DURATION],lossy[KEYWORD]) AS $$SUM$AVGOVERTIME_$1$0#15, VALUES(pod{f}#16,true[BOOLEAN],PT0S[TIME_DURATION]) AS pod#17, time_bucket{r}#1],INTERMEDIATE,[_tsid{m}#0, time_bucket{r}#1, $$MAXOVERTIME_$1$max{r}#18, $$MAXOVERTIME_$1$seen{r}#19, $$COUNTOVERTIME_$1$sum{r}#20, $$COUNTOVERTIME_$1$seen{r}#21, $$SUM$AVGOVERTIME_$1$0$value{r}#22, $$SUM$AVGOVERTIME_$1$0$unusedDeltas{r}#23, $$SUM$AVGOVERTIME_$1$0$seen{r}#24, $$pod$values{r}#25],82,BUCKET(@timestamp{f}#26,PT5M[TIME_DURATION])]
  \_ExchangeSourceExec[[_tsid{m}#0, time_bucket{r}#1, $$MAXOVERTIME_$1$max{r}#2, $$MAXOVERTIME_$1$seen{r}#3, $$COUNTOVERTIME_$1$sum{r}#4, $$COUNTOVERTIME_$1$seen{r}#5, $$SUM$AVGOVERTIME_$1$0$value{r}#6, $$SUM$AVGOVERTIME_$1$0$unusedDeltas{r}#7, $$SUM$AVGOVERTIME_$1$0$seen{r}#8, $$pod$values{r}#9],false]