ProjectExec[[m{r}#0, c{r}#1, a{r}#2, pod{r}#3, time_bucket{r}#4]]
\_EvalExec[[$$SUM$a$0{r$}#5 / $$COUNT$a$1{r$}#6 AS a#2, UNPACKDIMENSION(group_pod_$1{r}#7) AS pod#3]]
  \_LimitExec[10000[INTEGER],null]
    \_AggregateExec[[pack_pod_$1{r}#8, time_bucket{r}#4],[MAX(MAXOVERTIME_$1{r}#9,true[BOOLEAN],PT0S[TIME_DURATION]) AS m#0, COUNT(COUNTOVERTIME_$1{r}#10,true[BOOLEAN],PT0S[TIME_DURATION]) AS c#1, SUM(AVGOVERTIME_$1{r}#11,true[BOOLEAN],PT0S[TIME_DURATION],compensated[KEYWORD],long_overflow_warn[KEYWORD]) AS $$SUM$a$0#5, COUNT(AVGOVERTIME_$1{r}#11,true[BOOLEAN],PT0S[TIME_DURATION]) AS $$COUNT$a$1#6, pack_pod_$1{r}#8 AS group_pod_$1#7, time_bucket{r}#4 AS time_bucket#4],SINGLE,[pack_pod_$1{r}#8, time_bucket{r}#4, $$m$max{r}#12, $$m$seen{r}#13, $$c$count{r}#14, $$c$seen{r}#15, $$SUM$a$0$value{r}#16, $$SUM$a$0$delta{r}#17, $$SUM$a$0$seen{r}#18, $$COUNT$a$1$count{r}#19, $$COUNT$a$1$seen{r}#20],null]
      \_EvalExec[[COALESCE($$SUM$COUNTOVERTIME_$2{r$}#21,0[LONG]) AS COUNTOVERTIME_$1#10, $$SUM$AVGOVERTIME_$3{r$}#22 / $$SUM$COUNTOVERTIME_$2{r$}#21 AS AVGOVERTIME_$1#11, PACKDIMENSION(pod{r}#23) AS pack_pod_$1#8]]
        \_TimeSeriesAggregateExec[[_tsid{m}#24, time_bucket{r}#4],[MAX($$max_over_time(n>$MAX$0{r$}#25,true[BOOLEAN],PT0S[TIME_DURATION]) AS MAXOVERTIME_$1#9, SUM($$count_over_time>$SUM$1{r$}#26,true[BOOLEAN],PT0S[TIME_DURATION],compensated[KEYWORD],long_overflow_warn[KEYWORD]) AS $$SUM$COUNTOVERTIME_$2#21, SUM($$avg_over_time(n>$SUM$4{r$}#27,true[BOOLEAN],PT0S[TIME_DURATION],lossy[KEYWORD],long_overflow_warn[KEYWORD]) AS $$SUM$AVGOVERTIME_$3#22, DIMENSIONVALUES(pod{f}#3,true[BOOLEAN],PT0S[TIME_DURATION]) AS pod#23, time_bucket{r}#4],FINAL,[_tsid{m}#24, time_bucket{r}#4, $$MAXOVERTIME_$1$max{r}#28, $$MAXOVERTIME_$1$seen{r}#29, $$SUM$COUNTOVERTIME_$2$sum{r}#30, $$SUM$COUNTOVERTIME_$2$seen{r}#31, $$SUM$AVGOVERTIME_$3$value{r}#32, $$SUM$AVGOVERTIME_$3$unusedDeltas{r}#33, $$SUM$AVGOVERTIME_$3$seen{r}#34, $$pod$values{r}#35],null,BUCKET(@timestamp{f}#36,PT5M[TIME_DURATION]),BUCKET(@timestamp{f}#36,PT5M[TIME_DURATION]),false]
          \_ExchangeExec[[_tsid{m}#24, time_bucket{r}#4, $$MAXOVERTIME_$1$max{r}#28, $$MAXOVERTIME_$1$seen{r}#29, $$SUM$COUNTOVERTIME_$2$sum{r}#30, $$SUM$COUNTOVERTIME_$2$seen{r}#31, $$SUM$AVGOVERTIME_$3$value{r}#32, $$SUM$AVGOVERTIME_$3$unusedDeltas{r}#33, $$SUM$AVGOVERTIME_$3$seen{r}#34, $$pod$values{r}#35],true]
            \_ProjectExec[[_tsid{m}#24, time_bucket{r}#4, $$MAXOVERTIME_$1$max{r}#37, $$MAXOVERTIME_$1$seen{r}#38, $$SUM$COUNTOVERTIME_$2$sum{r}#39, $$SUM$COUNTOVERTIME_$2$seen{r}#40, $$SUM$AVGOVERTIME_$3$value{r}#41, $$SUM$AVGOVERTIME_$3$unusedDeltas{r}#42, $$SUM$AVGOVERTIME_$3$seen{r}#43, $$pod$values{r}#44]]
              \_EvalExec[[pod{f}#3 AS pod#44]]
                \_FieldExtractExec[pod{f}#3]<[],[],[]>
                  \_TimeSeriesAggregateExec[[_tsid{m}#24, time_bucket{r}#4],[MAX($$max_over_time(n>$MAX$0{r$}#25,true[BOOLEAN],PT0S[TIME_DURATION]) AS MAXOVERTIME_$1#9, SUM($$count_over_time>$SUM$1{r$}#26,true[BOOLEAN],PT0S[TIME_DURATION],compensated[KEYWORD],long_overflow_warn[KEYWORD]) AS $$SUM$COUNTOVERTIME_$2#21, SUM($$avg_over_time(n>$SUM$4{r$}#27,true[BOOLEAN],PT0S[TIME_DURATION],lossy[KEYWORD],long_overflow_warn[KEYWORD]) AS $$SUM$AVGOVERTIME_$3#22, time_bucket{r}#4, FIRSTDOCID(_doc{f}#45,true[BOOLEAN],PT0S[TIME_DURATION]) AS _doc#46],INITIAL,[_tsid{m}#24, time_bucket{r}#4, $$MAXOVERTIME_$1$max{r}#37, $$MAXOVERTIME_$1$seen{r}#38, $$SUM$COUNTOVERTIME_$2$sum{r}#39, $$SUM$COUNTOVERTIME_$2$seen{r}#40, $$SUM$AVGOVERTIME_$3$value{r}#41, $$SUM$AVGOVERTIME_$3$unusedDeltas{r}#42, $$SUM$AVGOVERTIME_$3$seen{r}#43, _doc{r}#47],152,BUCKET(@timestamp{f}#36,PT5M[TIME_DURATION]),BUCKET(@timestamp{f}#36,PT5M[TIME_DURATION]),false]
                    \_FieldExtractExec[_tsid{m}#24]<[],[],[]>
                      \_EvalExec[[BUCKET(@timestamp{f}#36,PT5M[TIME_DURATION]) AS time_bucket#4, $$network.eth0.tx$AMD_MAX$5{f$}#48 AS $$max_over_time(n>$MAX$0#25, $$network.eth0.tx$AMD_COUNT$6{f$}#49 AS $$count_over_time>$SUM$1#26, $$network.eth0.tx$AMD_SUM$7{f$}#50 AS $$avg_over_time(n>$SUM$4#27]]
                        \_FieldExtractExec[@timestamp{f}#36, $$network.eth0.tx$AMD_MAX$5{f$}#48, $$network.eth0.tx$AMD_COUNT$6{f$}#49, $$network.eth0.tx$AMD_SUM$7{f$}#50]<[],[],[]>
                          \_EsQueryExec[k8s-downsampled], indexMode[standard], [_doc{f}#45], limit[], sort[] estimatedRowSize[76] queryBuilderAndTags [[QueryBuilderAndTags[query=null, tags=[]]]]