ExchangeSinkExec[[_tsid{m}#0, time_bucket{r}#1, $$MAXOVERTIME_$0$max{r}#2, $$MAXOVERTIME_$0$seen{r}#3, $$COUNTOVERTIME_$0$sum{r}#4, $$COUNTOVERTIME_$0$seen{r}#5, $$SUM$AVGOVERTIME_$1$value{r}#6, $$SUM$AVGOVERTIME_$1$unusedDeltas{r}#7, $$SUM$AVGOVERTIME_$1$seen{r}#8, $$pod$values{r}#9],false]
\_ProjectExec[[_tsid{m}#0, time_bucket{r}#1, $$MAXOVERTIME_$0$max{r}#10, $$MAXOVERTIME_$0$seen{r}#11, $$COUNTOVERTIME_$0$sum{r}#12, $$COUNTOVERTIME_$0$seen{r}#13, $$SUM$AVGOVERTIME_$1$value{r}#14, $$SUM$AVGOVERTIME_$1$unusedDeltas{r}#15, $$SUM$AVGOVERTIME_$1$seen{r}#16, $$pod$values{r}#17]]
  \_EvalExec[[pod{f}#18 AS pod#17]]
    \_FieldExtractExec[pod{f}#18]<[],[],[]>
      \_TimeSeriesAggregateExec[[_tsid{m}#0, time_bucket{r}#1],[MAX($$max_over_time(n>$MAX$2{r$}#19,true[BOOLEAN],PT0S[TIME_DURATION]) AS MAXOVERTIME_$1#20, SUM($$count_over_time>$SUM$0{r$}#21,true[BOOLEAN],PT0S[TIME_DURATION],compensated[KEYWORD]) AS COUNTOVERTIME_$1#22, SUM($$avg_over_time(n>$SUM$3{r$}#23,true[BOOLEAN],PT0S[TIME_DURATION],lossy[KEYWORD]) AS $$SUM$AVGOVERTIME_$1#24, time_bucket{r}#1, FIRSTDOCID(_doc{f}#25,true[BOOLEAN],PT0S[TIME_DURATION]) AS _doc#26],INITIAL,[_tsid{m}#0, time_bucket{r}#1, $$MAXOVERTIME_$0$max{r}#10, $$MAXOVERTIME_$0$seen{r}#11, $$COUNTOVERTIME_$0$sum{r}#12, $$COUNTOVERTIME_$0$seen{r}#13, $$SUM$AVGOVERTIME_$1$value{r}#14, $$SUM$AVGOVERTIME_$1$unusedDeltas{r}#15, $$SUM$AVGOVERTIME_$1$seen{r}#16, _doc{r}#27],152,BUCKET(@timestamp{f}#28,PT5M[TIME_DURATION]),BUCKET(@timestamp{f}#28,PT5M[TIME_DURATION])]
        \_FieldExtractExec[_tsid{m}#0]<[],[],[]>
          \_EvalExec[[BUCKET(@timestamp{f}#28,PT5M[TIME_DURATION]) AS time_bucket#1, $$network.eth0.tx$AMD_MAX$4{f$}#29 AS $$max_over_time(n>$MAX$2#19, $$network.eth0.tx$AMD_COUNT$5{f$}#30 AS $$count_over_time>$SUM$0#21, $$network.eth0.tx$AMD_SUM$6{f$}#31 AS $$avg_over_time(n>$SUM$3#23]]
            \_FieldExtractExec[@timestamp{f}#28, $$network.eth0.tx$AMD_MAX$4{f$}#29, $$network.eth0.tx$AMD_COUNT$5{f$}#30, $$network.eth0.tx$AMD_SUM$6{f$}#31]<[],[],[]>
              \_EsQueryExec[k8s-downsampled], indexMode[standard], [_doc{f}#25], limit[], sort[] estimatedRowSize[76] queryBuilderAndTags [[QueryBuilderAndTags[query=null, tags=[]]]]