Project[[m{r}#0, c{r}#1, a{r}#2, pod{r}#3, time_bucket{r}#4]]
\_Eval[[$$SUM$a$0{r$}#5 / $$COUNT$a$1{r$}#6 AS a#2, UNPACKDIMENSION(group_pod_$1{r}#7) AS pod#3]]
  \_Limit[10000[INTEGER],false,false]
    \_Aggregate[[pack_pod_$1{r}#8, time_bucket{r}#4],[MAX(MAXOVERTIME_$1{r}#9,true[BOOLEAN],PT0S[TIME_DURATION]) AS m#0, COUNT(COUNTOVERTIME_$1{r}#10,true[BOOLEAN],PT0S[TIME_DURATION]) AS c#1, SUM(AVGOVERTIME_$1{r}#11,true[BOOLEAN],PT0S[TIME_DURATION],compensated[KEYWORD]) AS $$SUM$a$0#5, COUNT(AVGOVERTIME_$1{r}#11,true[BOOLEAN],PT0S[TIME_DURATION]) AS $$COUNT$a$1#6, pack_pod_$1{r}#8 AS group_pod_$1#7, time_bucket{r}#4 AS time_bucket#4]]
      \_Eval[[$$SUM$AVGOVERTIME_$2{r$}#12 / COUNTOVERTIME_$1{r}#10 AS AVGOVERTIME_$1#11, PACKDIMENSION(pod{r}#13) AS pack_pod_$1#8]]
        \_TimeSeriesAggregate[[_tsid{m}#14, time_bucket{r}#4],[MAX($$max_over_time(n>$MAX$0{r$}#15,true[BOOLEAN],PT0S[TIME_DURATION]) AS MAXOVERTIME_$1#9, SUM($$count_over_time>$SUM$1{r$}#16,true[BOOLEAN],PT0S[TIME_DURATION],compensated[KEYWORD]) AS COUNTOVERTIME_$1#10, SUM($$avg_over_time(n>$SUM$3{r$}#17,true[BOOLEAN],PT0S[TIME_DURATION],lossy[KEYWORD]) AS $$SUM$AVGOVERTIME_$2#12, DIMENSIONVALUES(pod{f}#3,true[BOOLEAN],PT0S[TIME_DURATION]) AS pod#13, time_bucket{r}#4],BUCKET(@timestamp{f}#18,PT5M[TIME_DURATION]),BUCKET(@timestamp{f}#18,PT5M[TIME_DURATION]),@timestamp{f}#18]
          \_Eval[[BUCKET(@timestamp{f}#18,PT5M[TIME_DURATION]) AS time_bucket#4, FROMAGGREGATEMETRICDOUBLE(network.eth0.tx{f}#19,1[INTEGER]) AS $$max_over_time(n>$MAX$0#15, FROMAGGREGATEMETRICDOUBLE(network.eth0.tx{f}#19,3[INTEGER]) AS $$count_over_time>$SUM$1#16, FROMAGGREGATEMETRICDOUBLE(network.eth0.tx{f}#19,2[INTEGER]) AS $$avg_over_time(n>$SUM$3#17]]
            \_EsRelation[k8s-downsampled][@timestamp{f}#18, client.ip{f}#20, cluster{f}#21, event{f}#22, event_city{f}#23, event_city_boundary{f}#24, event_location{f}#25, event_log{f}#26, event_shape{f}#27, events_received{f}#28, network.bytes_in{f}#29, network.cost{f}#30, network.eth0.currently_connected_clients{f}#31, network.eth0.firmware_version{f}#32, network.eth0.last_up{f}#33, network.eth0.rx{f}#34, network.eth0.tx{f}#19, network.eth0.up{f}#35, network.total_bytes_in{f}#36, network.total_cost{f}#37, pod{f}#3, _tsid{m}#14]