Limit[1000[INTEGER],false,false]
\_OrderBy[[Order[y{r}#0,ASC,LAST]]]
  \_Project[[y{r}#0]]
    \_Project[[network.total_bytes_in{r}#1 AS y#0]]
      \_Project[[network.total_bytes_in{r}#1]]
        \_UnionAll[[@timestamp{r}#2, client.ip{r}#3, cluster{r}#4, event{r}#5, event_city{r}#6, event_city_boundary{r}#7, event_location{r}#8, event_log{r}#9, event_shape{r}#10, events_received{r}#11, network.bytes_in{r}#12, network.cost{r}#13, network.eth0.currently_connected_clients{r}#14, network.eth0.firmware_version{r}#15, network.eth0.last_up{r}#16, network.eth0.rx{r}#17, network.eth0.tx{r}#18, network.eth0.up{r}#19, network.total_bytes_in{r}#1, network.total_cost{r}#20, pod{r}#21, language_code{r}#22, language_name{r}#23]]
          |_Project[[@timestamp{f}#24, client.ip{f}#25, cluster{f}#26, event{f}#27, event_city{f}#28, event_city_boundary{f}#29, event_location{f}#30, event_log{f}#31, event_shape{f}#32, events_received{f}#33, network.bytes_in{f}#34, network.cost{f}#35, network.eth0.currently_connected_clients{f}#36, network.eth0.firmware_version{f}#37, network.eth0.last_up{f}#38, network.eth0.rx{f}#39, network.eth0.tx{f}#40, network.eth0.up{f}#41, network.total_bytes_in{r}#42, network.total_cost{r}#43, pod{f}#44, language_code{r}#45, language_name{r}#46]]
          | \_Eval[[TOLONG(network.total_bytes_in{f}#47) AS network.total_bytes_in#42, TODOUBLE(network.total_cost{f}#48) AS network.total_cost#43]]
          |   \_Eval[[null[INTEGER] AS language_code#45, null[KEYWORD] AS language_name#46]]
          |     \_EsRelation[k8s-downsampled][@timestamp{f}#24, client.ip{f}#25, cluster{f}#26, event{f}#27, event_city{f}#28, event_city_boundary{f}#29, event_location{f}#30, event_log{f}#31, event_shape{f}#32, events_received{f}#33, network.bytes_in{f}#34, network.cost{f}#35, network.eth0.currently_connected_clients{f}#36, network.eth0.firmware_version{f}#37, network.eth0.last_up{f}#38, network.eth0.rx{f}#39, network.eth0.tx{f}#40, network.eth0.up{f}#41, network.total_bytes_in{f}#47, network.total_cost{f}#48, pod{f}#44]
          \_Project[[@timestamp{r}#49, client.ip{r}#50, cluster{r}#51, event{r}#52, event_city{r}#53, event_city_boundary{r}#54, event_location{r}#55, event_log{r}#56, event_shape{r}#57, events_received{r}#58, network.bytes_in{r}#59, network.cost{r}#60, network.eth0.currently_connected_clients{r}#61, network.eth0.firmware_version{r}#62, network.eth0.last_up{r}#63, network.eth0.rx{r}#64, network.eth0.tx{r}#65, network.eth0.up{r}#66, network.total_bytes_in{r}#67, network.total_cost{r}#68, pod{r}#69, language_code{f}#70, language_name{f}#71]]
            \_Eval[[null[DATETIME] AS @timestamp#49, null[IP] AS client.ip#50, null[KEYWORD] AS cluster#51, null[KEYWORD] AS event#52, null[GEO_POINT] AS event_city#53, null[GEO_SHAPE] AS event_city_boundary#54, null[CARTESIAN_POINT] AS event_location#55, null[TEXT] AS event_log#56, null[CARTESIAN_SHAPE] AS event_shape#57, null[LONG] AS events_received#58, null[LONG] AS network.bytes_in#59, null[DOUBLE] AS network.cost#60, null[INTEGER] AS network.eth0.currently_connected_clients#61, null[VERSION] AS network.eth0.firmware_version#62, null[DATE_NANOS] AS network.eth0.last_up#63, null[AGGREGATE_METRIC_DOUBLE] AS network.eth0.rx#64, null[AGGREGATE_METRIC_DOUBLE] AS network.eth0.tx#65, null[BOOLEAN] AS network.eth0.up#66, null[LONG] AS network.total_bytes_in#67, null[DOUBLE] AS network.total_cost#68, null[KEYWORD] AS pod#69]]
              \_Subquery[]
                \_EsRelation[languages][language_code{f}#70, language_name{f}#71]