Limit[1000[INTEGER],false,false]
\_Project[[@timestamp{r}#0]]
  \_Fork[[@timestamp{r}#0, client_ip{r}#1, event_duration{r}#2, message{r}#3, _fork{r}#4]]
    |_Project[[@timestamp{r}#5, client_ip{r}#6, event_duration{r}#7, message{r}#8, _fork{r}#9]]
    | \_Eval[[fork1[KEYWORD] AS _fork#9]]
    |   \_Filter[true[BOOLEAN]]
    |     \_UnionAll[[@timestamp{r}#5, client_ip{r}#6, event_duration{r}#7, message{r}#8, _fork{r}#10]]
    |       |_Project[[@timestamp{r}#11, client_ip{r}#12, event_duration{r}#13, message{r}#14, _fork{r}#15]]
    |       | \_Eval[[TODATENANOS(@timestamp{r}#16) AS @timestamp#11]]
    |       |   \_Subquery[]
    |       |     \_Fork[[@timestamp{r}#16, client_ip{r}#12, event_duration{r}#13, message{r}#14, _fork{r}#15]]
    |       |       |_Project[[@timestamp{f}#17, client_ip{f}#18, event_duration{f}#19, message{f}#20, _fork{r}#21]]
    |       |       | \_Eval[[fork1[KEYWORD] AS _fork#21]]
    |       |       |   \_Filter[true[BOOLEAN]]
    |       |       |     \_EsRelation[sample_data][@timestamp{f}#17, client_ip{f}#18, event_duration{f}#19, message{f}#20]
    |       |       \_Project[[@timestamp{f}#22, client_ip{f}#23, event_duration{f}#24, message{f}#25, _fork{r}#26]]
    |       |         \_Eval[[fork2[KEYWORD] AS _fork#26]]
    |       |           \_Filter[true[BOOLEAN]]
    |       |             \_EsRelation[sample_data][@timestamp{f}#22, client_ip{f}#23, event_duration{f}#24, message{f}#25]
    |       \_Project[[@timestamp{r}#27, client_ip{r}#28, event_duration{r}#29, message{r}#30, _fork{r}#31]]
    |         \_Subquery[]
    |           \_Fork[[@timestamp{r}#27, client_ip{r}#28, event_duration{r}#29, message{r}#30, _fork{r}#31]]
    |             |_Project[[@timestamp{f}#32, client_ip{f}#33, event_duration{f}#34, message{f}#35, _fork{r}#36]]
    |             | \_Eval[[fork1[KEYWORD] AS _fork#36]]
    |             |   \_Filter[true[BOOLEAN]]
    |             |     \_EsRelation[sample_data_ts_nanos][@timestamp{f}#32, client_ip{f}#33, event_duration{f}#34, message{f}#35]
    |             \_Project[[@timestamp{f}#37, client_ip{f}#38, event_duration{f}#39, message{f}#40, _fork{r}#41]]
    |               \_Eval[[fork2[KEYWORD] AS _fork#41]]
    |                 \_Filter[true[BOOLEAN]]
    |                   \_EsRelation[sample_data_ts_nanos][@timestamp{f}#37, client_ip{f}#38, event_duration{f}#39, message{f}#40]
    \_Project[[@timestamp{r}#42, client_ip{r}#43, event_duration{r}#44, message{r}#45, _fork{r}#46]]
      \_Eval[[fork2[KEYWORD] AS _fork#46]]
        \_Filter[true[BOOLEAN]]
          \_UnionAll[[@timestamp{r}#42, client_ip{r}#43, event_duration{r}#44, message{r}#45, _fork{r}#47]]
            |_Project[[@timestamp{r}#48, client_ip{r}#49, event_duration{r}#50, message{r}#51, _fork{r}#52]]
            | \_Eval[[TODATENANOS(@timestamp{r}#53) AS @timestamp#48]]
            |   \_Subquery[]
            |     \_Fork[[@timestamp{r}#53, client_ip{r}#49, event_duration{r}#50, message{r}#51, _fork{r}#52]]
            |       |_Project[[@timestamp{f}#54, client_ip{f}#55, event_duration{f}#56, message{f}#57, _fork{r}#21]]
            |       | \_Eval[[fork1[KEYWORD] AS _fork#21]]
            |       |   \_Filter[true[BOOLEAN]]
            |       |     \_EsRelation[sample_data][@timestamp{f}#54, client_ip{f}#55, event_duration{f}#56, message{f}#57]
            |       \_Project[[@timestamp{f}#58, client_ip{f}#59, event_duration{f}#60, message{f}#61, _fork{r}#26]]
            |         \_Eval[[fork2[KEYWORD] AS _fork#26]]
            |           \_Filter[true[BOOLEAN]]
            |             \_EsRelation[sample_data][@timestamp{f}#58, client_ip{f}#59, event_duration{f}#60, message{f}#61]
            \_Project[[@timestamp{r}#62, client_ip{r}#63, event_duration{r}#64, message{r}#65, _fork{r}#66]]
              \_Subquery[]
                \_Fork[[@timestamp{r}#62, client_ip{r}#63, event_duration{r}#64, message{r}#65, _fork{r}#66]]
                  |_Project[[@timestamp{f}#67, client_ip{f}#68, event_duration{f}#69, message{f}#70, _fork{r}#36]]
                  | \_Eval[[fork1[KEYWORD] AS _fork#36]]
                  |   \_Filter[true[BOOLEAN]]
                  |     \_EsRelation[sample_data_ts_nanos][@timestamp{f}#67, client_ip{f}#68, event_duration{f}#69, message{f}#70]
                  \_Project[[@timestamp{f}#71, client_ip{f}#72, event_duration{f}#73, message{f}#74, _fork{r}#41]]
                    \_Eval[[fork2[KEYWORD] AS _fork#41]]
                      \_Filter[true[BOOLEAN]]
                        \_EsRelation[sample_data_ts_nanos][@timestamp{f}#71, client_ip{f}#72, event_duration{f}#73, message{f}#74]