Project[[@timestamp{r}#0]]
\_Limit[1000[INTEGER],false,false]
  \_Fork[[@timestamp{r}#0]]
    |_Project[[@timestamp{r}#1]]
    | \_Limit[1000[INTEGER],false,false]
    |   \_UnionAll[[@timestamp{r}#1, client_ip{r}#2, event_duration{r}#3, message{r}#4, _fork{r}#5]]
    |     |_Project[[@timestamp{r}#6, client_ip{r}#7, event_duration{r}#8, message{r}#9, _fork{r}#10]]
    |     | \_Eval[[TODATENANOS(@timestamp{r}#11) AS @timestamp#6]]
    |     |   \_Subquery[]
    |     |     \_Fork[[@timestamp{r}#11, client_ip{r}#7, event_duration{r}#8, message{r}#9, _fork{r}#10]]
    |     |       |_Project[[@timestamp{f}#12, client_ip{f}#13, event_duration{f}#14, message{f}#15, _fork{r}#16]]
    |     |       | \_Eval[[fork1[KEYWORD] AS _fork#16]]
    |     |       |   \_EsRelation[sample_data][@timestamp{f}#12, client_ip{f}#13, event_duration{f}#14, message{f}#15]
    |     |       \_Project[[@timestamp{f}#17, client_ip{f}#18, event_duration{f}#19, message{f}#20, _fork{r}#21]]
    |     |         \_Eval[[fork2[KEYWORD] AS _fork#21]]
    |     |           \_EsRelation[sample_data][@timestamp{f}#17, client_ip{f}#18, event_duration{f}#19, message{f}#20]
    |     \_Project[[@timestamp{r}#22, client_ip{r}#23, event_duration{r}#24, message{r}#25, _fork{r}#26]]
    |       \_Subquery[]
    |         \_Fork[[@timestamp{r}#22, client_ip{r}#23, event_duration{r}#24, message{r}#25, _fork{r}#26]]
    |           |_Project[[@timestamp{f}#27, client_ip{f}#28, event_duration{f}#29, message{f}#30, _fork{r}#31]]
    |           | \_Eval[[fork1[KEYWORD] AS _fork#31]]
    |           |   \_EsRelation[sample_data_ts_nanos][@timestamp{f}#27, client_ip{f}#28, event_duration{f}#29, message{f}#30]
    |           \_Project[[@timestamp{f}#32, client_ip{f}#33, event_duration{f}#34, message{f}#35, _fork{r}#36]]
    |             \_Eval[[fork2[KEYWORD] AS _fork#36]]
    |               \_EsRelation[sample_data_ts_nanos][@timestamp{f}#32, client_ip{f}#33, event_duration{f}#34, message{f}#35]
    \_Project[[@timestamp{r}#37]]
      \_Limit[1000[INTEGER],false,false]
        \_UnionAll[[@timestamp{r}#37, client_ip{r}#38, event_duration{r}#39, message{r}#40, _fork{r}#41]]
          |_Project[[@timestamp{r}#42, client_ip{r}#43, event_duration{r}#44, message{r}#45, _fork{r}#46]]
          | \_Eval[[TODATENANOS(@timestamp{r}#47) AS @timestamp#42]]
          |   \_Subquery[]
          |     \_Fork[[@timestamp{r}#47, client_ip{r}#43, event_duration{r}#44, message{r}#45, _fork{r}#46]]
          |       |_Project[[@timestamp{f}#48, client_ip{f}#49, event_duration{f}#50, message{f}#51, _fork{r}#16]]
          |       | \_Eval[[fork1[KEYWORD] AS _fork#16]]
          |       |   \_EsRelation[sample_data][@timestamp{f}#48, client_ip{f}#49, event_duration{f}#50, message{f}#51]
          |       \_Project[[@timestamp{f}#52, client_ip{f}#53, event_duration{f}#54, message{f}#55, _fork{r}#21]]
          |         \_Eval[[fork2[KEYWORD] AS _fork#21]]
          |           \_EsRelation[sample_data][@timestamp{f}#52, client_ip{f}#53, event_duration{f}#54, message{f}#55]
          \_Project[[@timestamp{r}#56, client_ip{r}#57, event_duration{r}#58, message{r}#59, _fork{r}#60]]
            \_Subquery[]
              \_Fork[[@timestamp{r}#56, client_ip{r}#57, event_duration{r}#58, message{r}#59, _fork{r}#60]]
                |_Project[[@timestamp{f}#61, client_ip{f}#62, event_duration{f}#63, message{f}#64, _fork{r}#31]]
                | \_Eval[[fork1[KEYWORD] AS _fork#31]]
                |   \_EsRelation[sample_data_ts_nanos][@timestamp{f}#61, client_ip{f}#62, event_duration{f}#63, message{f}#64]
                \_Project[[@timestamp{f}#65, client_ip{f}#66, event_duration{f}#67, message{f}#68, _fork{r}#36]]
                  \_Eval[[fork2[KEYWORD] AS _fork#36]]
                    \_EsRelation[sample_data_ts_nanos][@timestamp{f}#65, client_ip{f}#66, event_duration{f}#67, message{f}#68]