ExchangeSinkExec[[_tsid{m}#0, step{r}#1, $$SUM$AVGOVERTIME_$0$value{r}#2, $$SUM$AVGOVERTIME_$1$unusedDeltas{r}#3, $$SUM$AVGOVERTIME_$2$seen{r}#4, $$COUNT$AVGOVERTIME_$3$count{r}#5, $$COUNT$AVGOVERTIME_$4$seen{r}#6, $$SUM$AVGOVERTIME_$5$value{r}#7, $$SUM$AVGOVERTIME_$6$unusedDeltas{r}#8, $$SUM$AVGOVERTIME_$7$seen{r}#9, $$COUNT$AVGOVERTIME_$8$count{r}#10, $$COUNT$AVGOVERTIME_$9$seen{r}#11],false]
\_TimeSeriesAggregateExec[[_tsid{m}#0, step{r}#1],[SUM(network.cost{f}#12,true[BOOLEAN],PT1M[TIME_DURATION],lossy[KEYWORD],long_overflow_warn[KEYWORD]) AS $$SUM$AVGOVERTIME_$10#13, COUNT(network.cost{f}#12,true[BOOLEAN],PT1M[TIME_DURATION]) AS $$COUNT$AVGOVERTIME_$11#14, SUM(network.cost{f}#12,true[BOOLEAN],PT10M[TIME_DURATION],lossy[KEYWORD],long_overflow_warn[KEYWORD]) AS $$SUM$AVGOVERTIME_$12#15, COUNT(network.cost{f}#12,true[BOOLEAN],PT10M[TIME_DURATION]) AS $$COUNT$AVGOVERTIME_$13#16, step{r}#1],INTERMEDIATE,[_tsid{m}#0, step{r}#1, $$SUM$AVGOVERTIME_$0$value{r}#17, $$SUM$AVGOVERTIME_$1$unusedDeltas{r}#18, $$SUM$AVGOVERTIME_$2$seen{r}#19, $$COUNT$AVGOVERTIME_$3$count{r}#20, $$COUNT$AVGOVERTIME_$4$seen{r}#21, $$SUM$AVGOVERTIME_$5$value{r}#22, $$SUM$AVGOVERTIME_$6$unusedDeltas{r}#23, $$SUM$AVGOVERTIME_$7$seen{r}#24, $$COUNT$AVGOVERTIME_$8$count{r}#25, $$COUNT$AVGOVERTIME_$9$seen{r}#26],40,BUCKET(@timestamp{f}#27,PT1M[TIME_DURATION]),BUCKET(@timestamp{f}#27,PT1M[TIME_DURATION])]
  \_ExchangeSourceExec[[_tsid{m}#0, step{r}#1, $$SUM$AVGOVERTIME_$0$value{r}#2, $$SUM$AVGOVERTIME_$1$unusedDeltas{r}#3, $$SUM$AVGOVERTIME_$2$seen{r}#4, $$COUNT$AVGOVERTIME_$3$count{r}#5, $$COUNT$AVGOVERTIME_$4$seen{r}#6, $$SUM$AVGOVERTIME_$5$value{r}#7, $$SUM$AVGOVERTIME_$6$unusedDeltas{r}#8, $$SUM$AVGOVERTIME_$7$seen{r}#9, $$COUNT$AVGOVERTIME_$8$count{r}#10, $$COUNT$AVGOVERTIME_$9$seen{r}#11],false]