Limit[1000[INTEGER],false,false]
\_Aggregate[[],[COUNT(*[KEYWORD],true[BOOLEAN],PT0S[TIME_DURATION]) AS count(*)#0]]
  \_UnionAll[[@timestamp{r}#1, client.ip{r}#2, cluster{r}#3, event{r}#4, event_city{r}#5, event_city_boundary{r}#6, event_location{r}#7, event_log{r}#8, event_shape{r}#9, events_received{r}#10, network.bytes_in{r}#11, network.cost{r}#12, network.eth0.currently_connected_clients{r}#13, network.eth0.firmware_version{r}#14, network.eth0.last_up{r}#15, network.eth0.rx{r}#16, network.eth0.tx{r}#17, network.eth0.up{r}#18, network.total_bytes_in{r}#19, network.total_cost{r}#20, pod{r}#21]]
    |_Project[[@timestamp{f}#22, client.ip{f}#23, cluster{f}#24, event{f}#25, event_city{f}#26, event_city_boundary{f}#27, event_location{f}#28, event_log{f}#29, event_shape{f}#30, events_received{f}#31, network.bytes_in{f}#32, network.cost{f}#33, network.eth0.currently_connected_clients{f}#34, network.eth0.firmware_version{f}#35, network.eth0.last_up{f}#36, network.eth0.rx{f}#37, network.eth0.tx{f}#38, network.eth0.up{f}#39, network.total_bytes_in{r}#40, network.total_cost{r}#41, pod{f}#42]]
    | \_Eval[[TOLONG(network.total_bytes_in{f}#43) AS network.total_bytes_in#40, TODOUBLE(network.total_cost{f}#44) AS network.total_cost#41]]
    |   \_Subquery[]
    |     \_EsRelation[k8s-downsampled][TIME_SERIES][@timestamp{f}#22, client.ip{f}#23, cluster{f}#24, event{f}#25, event_city{f}#26, event_city_boundary{f}#27, event_location{f}#28, event_log{f}#29, event_shape{f}#30, events_received{f}#31, network.bytes_in{f}#32, network.cost{f}#33, network.eth0.currently_connected_clients{f}#34, network.eth0.firmware_version{f}#35, network.eth0.last_up{f}#36, network.eth0.rx{f}#37, network.eth0.tx{f}#38, network.eth0.up{f}#39, network.total_bytes_in{f}#43, network.total_cost{f}#44, pod{f}#42]
    \_Project[[@timestamp{f}#45, client.ip{f}#46, cluster{f}#47, event{f}#48, event_city{f}#49, event_city_boundary{f}#50, event_location{f}#51, event_log{f}#52, event_shape{f}#53, events_received{f}#54, network.bytes_in{f}#55, network.cost{f}#56, network.eth0.currently_connected_clients{f}#57, network.eth0.firmware_version{f}#58, network.eth0.last_up{f}#59, network.eth0.rx{f}#60, network.eth0.tx{f}#61, network.eth0.up{f}#62, network.total_bytes_in{r}#63, network.total_cost{r}#64, pod{f}#65]]
      \_Eval[[TOLONG(network.total_bytes_in{f}#66) AS network.total_bytes_in#63, TODOUBLE(network.total_cost{f}#67) AS network.total_cost#64]]
        \_Subquery[]
          \_EsRelation[k8s-downsampled][TIME_SERIES][@timestamp{f}#45, client.ip{f}#46, cluster{f}#47, event{f}#48, event_city{f}#49, event_city_boundary{f}#50, event_location{f}#51, event_log{f}#52, event_shape{f}#53, events_received{f}#54, network.bytes_in{f}#55, network.cost{f}#56, network.eth0.currently_connected_clients{f}#57, network.eth0.firmware_version{f}#58, network.eth0.last_up{f}#59, network.eth0.rx{f}#60, network.eth0.tx{f}#61, network.eth0.up{f}#62, network.total_bytes_in{f}#66, network.total_cost{f}#67, pod{f}#65]