Limit[1000[INTEGER],false,false]
\_Filter[MVINTERSECTS(kw{r}#0,[[62], [61]][KEYWORD]) AND MVINTERSECTS(i{r}#1,[5, 1][INTEGER]) AND MVINTERSECTS(l{r}#2,[5, 1][LONG]) AND MVINTERSECTS(d{r}#3,[1.5, 0.5][DOUBLE]) AND MVINTERSECTS(b{r}#4,[true, false][BOOLEAN]) AND MVINRANGE(dt{r}#5,1577923200000[DATETIME],1578009599999[DATETIME]) OR MVINRANGE(dt{r}#5,1577836800000[DATETIME],1577923199999[DATETIME]) AND MVINRANGE(dn{r}#6,1577923200000000000[DATE_NANOS],1578009599999999999[DATE_NANOS]) OR MVINRANGE(dn{r}#6,1577836800000000000[DATE_NANOS],1577923199999999999[DATE_NANOS])]
  \_ExternalRelation[s3://bucket/every_type.parquet][parquet][kw{r}#0, txt{r}#7, i{r}#1, l{r}#2, d{r}#3, b{r}#4, dt{r}#5, dn{r}#6, ul{r}#8, ip{r}#9, v{r}#10]