Limit[1000[INTEGER],false,false]
\_UnionAll[[unmapped_message{r}#0, @timestamp{r}#1, client_ip{r}#2, event_duration{r}#3, message{r}#4, $$unmapped_fields{m}#5]]
  |_Project[[unmapped_message{f(PotentiallyUnmappedKeywordEsField)}#6, @timestamp{r}#7, client_ip{r}#8, event_duration{r}#9, message{f(PotentiallyUnmappedKeywordEsField)}#10, $$unmapped_fields{m}#5]]
  | \_Eval[[TODATETIME(@timestamp{f(PotentiallyUnmappedKeywordEsField)}#11) AS @timestamp#7, TO_IP(client_ip{f(PotentiallyUnmappedKeywordEsField)}#12) AS client_ip#8, TOLONG(event_duration{f(PotentiallyUnmappedKeywordEsField)}#13) AS event_duration#9]]
  |   \_Subquery[]
  |     \_Project[[unmapped_message{f(PotentiallyUnmappedKeywordEsField)}#6, @timestamp{f(PotentiallyUnmappedKeywordEsField)}#11, client_ip{f(PotentiallyUnmappedKeywordEsField)}#12, event_duration{f(PotentiallyUnmappedKeywordEsField)}#13, message{f(PotentiallyUnmappedKeywordEsField)}#10, $$unmapped_fields{m}#5]]
  |       \_EsRelation[no_mapping_sample_data][unmapped_message{f(PotentiallyUnmappedKeywordEsField)}#6, @timestamp{f(PotentiallyUnmappedKeywordEsField)}#11, client_ip{f(PotentiallyUnmappedKeywordEsField)}#12, event_duration{f(PotentiallyUnmappedKeywordEsField)}#13, message{f(PotentiallyUnmappedKeywordEsField)}#10, $$unmapped_fields{m}#5]
  \_Project[[unmapped_message{f(PotentiallyUnmappedKeywordEsField)}#14, @timestamp{f}#15, client_ip{f}#16, event_duration{f}#17, message{f}#18, $$unmapped_fields{m}#19]]
    \_Subquery[]
      \_EsRelation[partial_mapping_sample_data][@timestamp{f}#15, client_ip{f}#16, event_duration{f}#17, message{f}#18, unmapped_message{f(PotentiallyUnmappedKeywordEsField)}#14, $$unmapped_fields{m}#19]