Limit[1000[INTEGER],false,false]
\_Fork[[avg_worked_seconds{r}#0, birth_date{r}#1, emp_no{r}#2, first_name{r}#3, gender{r}#4, height{r}#5, height.float{r}#6, height.half_float{r}#7, height.scaled_float{r}#8, hire_date{r}#9, is_rehired{r}#10, job_positions{r}#11, languages{r}#12, languages.byte{r}#13, languages.long{r}#14, languages.short{r}#15, last_name{r}#16, salary{r}#17, salary_change{r}#18, salary_change.int{r}#19, salary_change.keyword{r}#20, salary_change.long{r}#21, still_hired{r}#22, _fork{r}#23]]
  |_Project[[avg_worked_seconds{r}#24, birth_date{r}#25, emp_no{r}#26, first_name{r}#27, gender{r}#28, height{r}#29, height.float{r}#30, height.half_float{r}#31, height.scaled_float{r}#32, hire_date{r}#33, is_rehired{r}#34, job_positions{r}#35, languages{r}#36, languages.byte{r}#37, languages.long{r}#38, languages.short{r}#39, last_name{r}#40, salary{r}#41, salary_change{r}#42, salary_change.int{r}#43, salary_change.keyword{r}#44, salary_change.long{r}#45, still_hired{r}#46, _fork{r}#47]]
  | \_Eval[[fork1[KEYWORD] AS _fork#47]]
  |   \_Limit[1000[INTEGER],false,false]
  |     \_UnionAll[[avg_worked_seconds{r}#24, birth_date{r}#25, emp_no{r}#26, first_name{r}#27, gender{r}#28, height{r}#29, height.float{r}#30, height.half_float{r}#31, height.scaled_float{r}#32, hire_date{r}#33, is_rehired{r}#34, job_positions{r}#35, languages{r}#36, languages.byte{r}#37, languages.long{r}#38, languages.short{r}#39, last_name{r}#40, salary{r}#41, salary_change{r}#42, salary_change.int{r}#43, salary_change.keyword{r}#44, salary_change.long{r}#45, still_hired{r}#46, _fork{r}#48]]
  |       \_Project[[avg_worked_seconds{r}#49, birth_date{r}#50, emp_no{r}#51, first_name{r}#52, gender{r}#53, height{r}#54, height.float{r}#55, height.half_float{r}#56, height.scaled_float{r}#57, hire_date{r}#58, is_rehired{r}#59, job_positions{r}#60, languages{r}#61, languages.byte{r}#62, languages.long{r}#63, languages.short{r}#64, last_name{r}#65, salary{r}#66, salary_change{r}#67, salary_change.int{r}#68, salary_change.keyword{r}#69, salary_change.long{r}#70, still_hired{r}#71, _fork{r}#72]]
  |         \_Subquery[]
  |           \_Fork[[avg_worked_seconds{r}#49, birth_date{r}#50, emp_no{r}#51, first_name{r}#52, gender{r}#53, height{r}#54, height.float{r}#55, height.half_float{r}#56, height.scaled_float{r}#57, hire_date{r}#58, is_rehired{r}#59, job_positions{r}#60, languages{r}#61, languages.byte{r}#62, languages.long{r}#63, languages.short{r}#64, last_name{r}#65, salary{r}#66, salary_change{r}#67, salary_change.int{r}#68, salary_change.keyword{r}#69, salary_change.long{r}#70, still_hired{r}#71, _fork{r}#72]]
  |             |_Project[[avg_worked_seconds{f}#73, birth_date{f}#74, emp_no{f}#75, first_name{f}#76, gender{f}#77, height{f}#78, height.float{f}#79, height.half_float{f}#80, height.scaled_float{f}#81, hire_date{f}#82, is_rehired{f}#83, job_positions{f}#84, languages{f}#85, languages.byte{f}#86, languages.long{f}#87, languages.short{f}#88, last_name{f}#89, salary{f}#90, salary_change{f}#91, salary_change.int{f}#92, salary_change.keyword{f}#93, salary_change.long{f}#94, still_hired{f}#95, _fork{r}#96]]
  |             | \_Eval[[fork1[KEYWORD] AS _fork#96]]
  |             |   \_Filter[emp_no{f}#75 > 10[INTEGER]]
  |             |     \_EsRelation[employees][avg_worked_seconds{f}#73, birth_date{f}#74, emp_no{f}#75, first_name{f}#76, gender{f}#77, height{f}#78, height.float{f}#79, height.half_float{f}#80, height.scaled_float{f}#81, hire_date{f}#82, is_rehired{f}#83, job_positions{f}#84, languages{f}#85, languages.byte{f}#86, languages.long{f}#87, languages.short{f}#88, last_name{f}#89, salary{f}#90, salary_change{f}#91, salary_change.int{f}#92, salary_change.keyword{f}#93, salary_change.long{f}#94, still_hired{f}#95]
  |             \_Project[[avg_worked_seconds{f}#97, birth_date{f}#98, emp_no{f}#99, first_name{f}#100, gender{f}#101, height{f}#102, height.float{f}#103, height.half_float{f}#104, height.scaled_float{f}#105, hire_date{f}#106, is_rehired{f}#107, job_positions{f}#108, languages{f}#109, languages.byte{f}#110, languages.long{f}#111, languages.short{f}#112, last_name{f}#113, salary{f}#114, salary_change{f}#115, salary_change.int{f}#116, salary_change.keyword{f}#117, salary_change.long{f}#118, still_hired{f}#119, _fork{r}#120]]
  |               \_Eval[[fork2[KEYWORD] AS _fork#120]]
  |                 \_Filter[emp_no{f}#99 <= 10[INTEGER] AND emp_no{f}#99 > 5[INTEGER]]
  |                   \_EsRelation[employees][avg_worked_seconds{f}#97, birth_date{f}#98, emp_no{f}#99, first_name{f}#100, gender{f}#101, height{f}#102, height.float{f}#103, height.half_float{f}#104, height.scaled_float{f}#105, hire_date{f}#106, is_rehired{f}#107, job_positions{f}#108, languages{f}#109, languages.byte{f}#110, languages.long{f}#111, languages.short{f}#112, last_name{f}#113, salary{f}#114, salary_change{f}#115, salary_change.int{f}#116, salary_change.keyword{f}#117, salary_change.long{f}#118, still_hired{f}#119]
  \_Project[[avg_worked_seconds{r}#121, birth_date{r}#122, emp_no{r}#123, first_name{r}#124, gender{r}#125, height{r}#126, height.float{r}#127, height.half_float{r}#128, height.scaled_float{r}#129, hire_date{r}#130, is_rehired{r}#131, job_positions{r}#132, languages{r}#133, languages.byte{r}#134, languages.long{r}#135, languages.short{r}#136, last_name{r}#137, salary{r}#138, salary_change{r}#139, salary_change.int{r}#140, salary_change.keyword{r}#141, salary_change.long{r}#142, still_hired{r}#143, _fork{r}#144]]
    \_Eval[[fork2[KEYWORD] AS _fork#144]]
      \_Limit[1000[INTEGER],false,false]
        \_UnionAll[[avg_worked_seconds{r}#121, birth_date{r}#122, emp_no{r}#123, first_name{r}#124, gender{r}#125, height{r}#126, height.float{r}#127, height.half_float{r}#128, height.scaled_float{r}#129, hire_date{r}#130, is_rehired{r}#131, job_positions{r}#132, languages{r}#133, languages.byte{r}#134, languages.long{r}#135, languages.short{r}#136, last_name{r}#137, salary{r}#138, salary_change{r}#139, salary_change.int{r}#140, salary_change.keyword{r}#141, salary_change.long{r}#142, still_hired{r}#143, _fork{r}#145]]
          \_Project[[avg_worked_seconds{r}#146, birth_date{r}#147, emp_no{r}#148, first_name{r}#149, gender{r}#150, height{r}#151, height.float{r}#152, height.half_float{r}#153, height.scaled_float{r}#154, hire_date{r}#155, is_rehired{r}#156, job_positions{r}#157, languages{r}#158, languages.byte{r}#159, languages.long{r}#160, languages.short{r}#161, last_name{r}#162, salary{r}#163, salary_change{r}#164, salary_change.int{r}#165, salary_change.keyword{r}#166, salary_change.long{r}#167, still_hired{r}#168, _fork{r}#169]]
            \_Subquery[]
              \_Fork[[avg_worked_seconds{r}#146, birth_date{r}#147, emp_no{r}#148, first_name{r}#149, gender{r}#150, height{r}#151, height.float{r}#152, height.half_float{r}#153, height.scaled_float{r}#154, hire_date{r}#155, is_rehired{r}#156, job_positions{r}#157, languages{r}#158, languages.byte{r}#159, languages.long{r}#160, languages.short{r}#161, last_name{r}#162, salary{r}#163, salary_change{r}#164, salary_change.int{r}#165, salary_change.keyword{r}#166, salary_change.long{r}#167, still_hired{r}#168, _fork{r}#169]]
                |_Project[[avg_worked_seconds{f}#170, birth_date{f}#171, emp_no{f}#172, first_name{f}#173, gender{f}#174, height{f}#175, height.float{f}#176, height.half_float{f}#177, height.scaled_float{f}#178, hire_date{f}#179, is_rehired{f}#180, job_positions{f}#181, languages{f}#182, languages.byte{f}#183, languages.long{f}#184, languages.short{f}#185, last_name{f}#186, salary{f}#187, salary_change{f}#188, salary_change.int{f}#189, salary_change.keyword{f}#190, salary_change.long{f}#191, still_hired{f}#192, _fork{r}#96]]
                | \_Eval[[fork1[KEYWORD] AS _fork#96]]
                |   \_Filter[emp_no{f}#172 > 10[INTEGER] AND emp_no{f}#172 <= 5[INTEGER]]
                |     \_EsRelation[employees][avg_worked_seconds{f}#170, birth_date{f}#171, emp_no{f}#172, first_name{f}#173, gender{f}#174, height{f}#175, height.float{f}#176, height.half_float{f}#177, height.scaled_float{f}#178, hire_date{f}#179, is_rehired{f}#180, job_positions{f}#181, languages{f}#182, languages.byte{f}#183, languages.long{f}#184, languages.short{f}#185, last_name{f}#186, salary{f}#187, salary_change{f}#188, salary_change.int{f}#189, salary_change.keyword{f}#190, salary_change.long{f}#191, still_hired{f}#192]
                \_Project[[avg_worked_seconds{f}#193, birth_date{f}#194, emp_no{f}#195, first_name{f}#196, gender{f}#197, height{f}#198, height.float{f}#199, height.half_float{f}#200, height.scaled_float{f}#201, hire_date{f}#202, is_rehired{f}#203, job_positions{f}#204, languages{f}#205, languages.byte{f}#206, languages.long{f}#207, languages.short{f}#208, last_name{f}#209, salary{f}#210, salary_change{f}#211, salary_change.int{f}#212, salary_change.keyword{f}#213, salary_change.long{f}#214, still_hired{f}#215, _fork{r}#120]]
                  \_Eval[[fork2[KEYWORD] AS _fork#120]]
                    \_Filter[emp_no{f}#195 <= 5[INTEGER]]
                      \_EsRelation[employees][avg_worked_seconds{f}#193, birth_date{f}#194, emp_no{f}#195, first_name{f}#196, gender{f}#197, height{f}#198, height.float{f}#199, height.half_float{f}#200, height.scaled_float{f}#201, hire_date{f}#202, is_rehired{f}#203, job_positions{f}#204, languages{f}#205, languages.byte{f}#206, languages.long{f}#207, languages.short{f}#208, last_name{f}#209, salary{f}#210, salary_change{f}#211, salary_change.int{f}#212, salary_change.keyword{f}#213, salary_change.long{f}#214, still_hired{f}#215]