EvalExec[[LENGTH(last_name{f}#0) AS l#1]]
\_LimitExec[1000[INTEGER],null]
  \_ExchangeExec[[avg_worked_seconds{f}#2, birth_date{f}#3, emp_no{f}#4, first_name{f}#5, gender{f}#6, height{f}#7, height.float{f}#8, height.half_float{f}#9, height.scaled_float{f}#10, hire_date{f}#11, is_rehired{f}#12, job_positions{f}#13, languages{f}#14, languages.byte{f}#15, languages.long{f}#16, languages.short{f}#17, last_name{f}#0, salary{f}#18, salary_change{f}#19, salary_change.int{f}#20, salary_change.keyword{f}#21, salary_change.long{f}#22, still_hired{f}#23],false]
    \_FragmentExec[filter=null, estimatedRowSize=0, reducer=[], fragment=[<>
Project[[avg_worked_seconds{f}#2, birth_date{f}#3, emp_no{f}#4, first_name{f}#5, gender{f}#6, height{f}#7, height.float{f}#8, height.half_float{f}#9, height.scaled_float{f}#10, hire_date{f}#11, is_rehired{f}#12, job_positions{f}#13, languages{f}#14, languages.byte{f}#15, languages.long{f}#16, languages.short{f}#17, last_name{f}#0, salary{f}#18, salary_change{f}#19, salary_change.int{f}#20, salary_change.keyword{f}#21, salary_change.long{f}#22, still_hired{f}#23]]
\_Limit[1000[INTEGER],false,false]
  \_Filter[LENGTH(last_name{f}#0) > 1[INTEGER]]
    \_EsRelation[employees][avg_worked_seconds{f}#2, birth_date{f}#3, emp_no{f}#4, first_name{f}#5, gender{f}#6, height{f}#7, height.float{f}#8, height.half_float{f}#9, height.scaled_float{f}#10, hire_date{f}#11, is_rehired{f}#12, job_positions{f}#13, languages{f}#14, languages.byte{f}#15, languages.long{f}#16, languages.short{f}#17, last_name{f}#0, salary{f}#18, salary_change{f}#19, salary_change.int{f}#20, salary_change.keyword{f}#21, salary_change.long{f}#22, still_hired{f}#23]<>]]