Project[[total_cost{r}#0, _timeseries{r}#1]]
\_Limit[10000[INTEGER],false,false]
  \_UnpackDims[_$packed_grouping_dims{r}#2,[_timeseries{r}#1]]
    \_Aggregate[[_$packed_dims{f$}#3],[SUM(LASTOVERTIME_$1{r}#4,true[BOOLEAN],PT0S[TIME_DURATION],compensated[KEYWORD],long_overflow_warn[KEYWORD]) AS total_cost#0, _$packed_dims{f$}#3 AS _$packed_grouping_dims#2]]
      \_PackDims[[_timeseries{r}#5],_$packed_dims{f$}#3]
        \_TimeSeriesAggregate[[_tsid{m}#6],[LASTOVERTIME(network.cost{f}#7,true[BOOLEAN],PT0S[TIME_DURATION],@timestamp{f}#8) AS LASTOVERTIME_$1#4, DIMENSIONVALUES(_timeseries{f}#1,true[BOOLEAN],PT0S[TIME_DURATION]) AS _timeseries#5],null,null,@timestamp{f}#8,TS_COMMAND]
          \_SemiJoin[[cluster{f}#9],[cluster{f}#10]]
            |_EsRelation[k8s][@timestamp{f}#8, client.ip{f}#11, cluster{f}#9, event{f}#12, event_city{f}#13, event_city_boundary{f}#14, event_location{f}#15, event_log{f}#16, event_shape{f}#17, events_received{f}#18, network.bytes_in{f}#19, network.cost{f}#7, network.eth0.currently_connected_clients{f}#20, network.eth0.firmware_version{f}#21, network.eth0.last_up{f}#22, network.eth0.rx{f}#23, network.eth0.tx{f}#24, network.eth0.up{f}#25, network.total_bytes_in{f}#26, network.total_bytes_out{f}#27, network.total_cost{f}#28, pod{f}#29, region{f}#30, _timeseries{f}#1, _tsid{m}#6]
            \_Project[[cluster{r}#10]]
              \_UnpackDims[_$packed_grouping_dims{r}#31,[cluster{r}#10]]
                \_Aggregate[[_$packed_dims{f$}#32],[_$packed_dims{f$}#32 AS _$packed_grouping_dims#31]]
                  \_PackDims[[cluster{r}#33],_$packed_dims{f$}#32]
                    \_TimeSeriesAggregate[[_tsid{m}#34],[DIMENSIONVALUES(cluster{f}#10,true[BOOLEAN],PT0S[TIME_DURATION]) AS cluster#33],null,null,@timestamp{f}#35,TS_COMMAND]
                      \_EsRelation[k8s][TIME_SERIES][@timestamp{f}#35, client.ip{f}#36, cluster{f}#10, event{f}#37, event_city{f}#38, event_city_boundary{f}#39, event_location{f}#40, event_log{f}#41, event_shape{f}#42, events_received{f}#43, network.bytes_in{f}#44, network.cost{f}#45, network.eth0.currently_connected_clients{f}#46, network.eth0.firmware_version{f}#47, network.eth0.last_up{f}#48, network.eth0.rx{f}#49, network.eth0.tx{f}#50, network.eth0.up{f}#51, network.total_bytes_in{f}#52, network.total_bytes_out{f}#53, network.total_cost{f}#54, pod{f}#55, region{f}#56, _tsid{m}#34]