Limit[10000[INTEGER],false,false]
\_Limit[10[INTEGER],false,false]
  \_Project[[cnt{r}#0, client_ip{r}#1]]
    \_Filter[_subquery{r}#2 == 1[INTEGER]]
      \_UnionAll[[cnt{r}#0, client_ip{r}#1, _subquery{r}#2]]
        |_Project[[cnt{r}#3, client_ip{r}#4, _subquery{r}#5]]
        | \_Subquery[]
        |   \_Eval[[1[INTEGER] AS _subquery#5]]
        |     \_InlineStats[]
        |       \_Aggregate[[client_ip{r}#4],[COUNT(*[KEYWORD],true[BOOLEAN],PT0S[TIME_DURATION]) AS cnt#3, client_ip{r}#4]]
        |         \_Eval[[$$client_ip$converted_to$ip{r$}#6 AS client_ip#4]]
        |           \_UnionAll[[client_ip{r}#7, $$client_ip$converted_to$ip{r$}#6]]
        |             |_Project[[client_ip{r}#8, $$client_ip$converted_to$ip{r$}#9]]
        |             | \_Eval[[TO_IP(client_ip{r}#8) AS $$client_ip$converted_to$ip#9]]
        |             |   \_Subquery[]
        |             |     \_Row[[172.21.0.5[KEYWORD] AS client_ip#8]]
        |             \_Project[[client_ip{r}#10, $$client_ip$converted_to$ip{r$}#11]]
        |               \_Eval[[TO_IP(client_ip{r}#10) AS $$client_ip$converted_to$ip#11]]
        |                 \_Subquery[]
        |                   \_Row[[172.21.3.15[KEYWORD] AS client_ip#10]]
        \_Project[[cnt{r}#12, client_ip{r}#13, _subquery{r}#14]]
          \_Subquery[]
            \_Eval[[2[INTEGER] AS _subquery#14]]
              \_InlineStats[]
                \_Aggregate[[client_ip{r}#13],[COUNT(*[KEYWORD],true[BOOLEAN],PT0S[TIME_DURATION]) AS cnt#12, client_ip{r}#13]]
                  \_Eval[[$$client_ip$converted_to$ip{r$}#15 AS client_ip#13]]
                    \_UnionAll[[client_ip{r}#16, $$client_ip$converted_to$ip{r$}#15]]
                      |_Project[[client_ip{r}#17, $$client_ip$converted_to$ip{r$}#18]]
                      | \_Eval[[TO_IP(client_ip{r}#17) AS $$client_ip$converted_to$ip#18]]
                      |   \_Subquery[]
                      |     \_Row[[172.21.0.5[KEYWORD] AS client_ip#17]]
                      \_Project[[client_ip{r}#19, $$client_ip$converted_to$ip{r$}#20]]
                        \_Eval[[TO_IP(client_ip{r}#19) AS $$client_ip$converted_to$ip#20]]
                          \_Subquery[]
                            \_Row[[172.21.3.15[KEYWORD] AS client_ip#19]]