Project[[max_rate{r}#0, cluster{r}#1]]
\_Limit[10000[INTEGER],false,false]
  \_UnpackDims[_$packed_grouping_dims{r}#2,[cluster{r}#1]]
    \_Aggregate[[_$packed_dims{f$}#3],[MAX(RATE_$1{r}#4,true[BOOLEAN],PT0S[TIME_DURATION]) AS max_rate#0, _$packed_dims{f$}#3 AS _$packed_grouping_dims#2]]
      \_PackDims[[cluster{r}#5],_$packed_dims{f$}#3]
        \_TimeSeriesAggregate[[_tsid{m}#6],[RATE(network.total_bytes_in{f}#7,true[BOOLEAN],PT0S[TIME_DURATION],@timestamp{f}#8) AS RATE_$1#4, DIMENSIONVALUES(cluster{f}#1,true[BOOLEAN],PT0S[TIME_DURATION]) AS cluster#5],null,null,@timestamp{f}#8,TS_COMMAND]
          \_SemiJoin[[cluster{f}#1],[cluster{f}#9]]
            |_EsRelation[k8s][TIME_SERIES][@timestamp{f}#8, client.ip{f}#10, cluster{f}#1, event{f}#11, event_city{f}#12, event_city_boundary{f}#13, event_location{f}#14, event_log{f}#15, event_shape{f}#16, events_received{f}#17, network.bytes_in{f}#18, network.cost{f}#19, network.eth0.currently_connected_clients{f}#20, network.eth0.firmware_version{f}#21, network.eth0.last_up{f}#22, network.eth0.rx{f}#23, network.eth0.tx{f}#24, network.eth0.up{f}#25, network.total_bytes_in{f}#7, network.total_bytes_out{f}#26, network.total_cost{f}#27, pod{f}#28, region{f}#29, _tsid{m}#6]
            \_Project[[cluster{r}#9]]
              \_UnpackDims[_$packed_grouping_dims{r}#30,[cluster{r}#9]]
                \_Aggregate[[_$packed_dims{f$}#31],[_$packed_dims{f$}#31 AS _$packed_grouping_dims#30]]
                  \_PackDims[[cluster{r}#32],_$packed_dims{f$}#31]
                    \_TimeSeriesAggregate[[_tsid{m}#33],[DIMENSIONVALUES(cluster{f}#9,true[BOOLEAN],PT0S[TIME_DURATION]) AS cluster#32],null,null,@timestamp{f}#34,TS_COMMAND]
                      \_EsRelation[k8s][TIME_SERIES][@timestamp{f}#34, client.ip{f}#35, cluster{f}#9, event{f}#36, event_city{f}#37, event_city_boundary{f}#38, event_location{f}#39, event_log{f}#40, event_shape{f}#41, events_received{f}#42, network.bytes_in{f}#43, network.cost{f}#44, network.eth0.currently_connected_clients{f}#45, network.eth0.firmware_version{f}#46, network.eth0.last_up{f}#47, network.eth0.rx{f}#48, network.eth0.tx{f}#49, network.eth0.up{f}#50, network.total_bytes_in{f}#51, network.total_bytes_out{f}#52, network.total_cost{f}#53, pod{f}#54, region{f}#55, _tsid{m}#33]