Limit[10000[INTEGER],false,false]
\_Aggregate[[],[COUNT(*[KEYWORD],true[BOOLEAN],PT0S[TIME_DURATION]) AS c#0]]
  \_UnionAll[[avg_worked_seconds{r}#1, birth_date{r}#2, emp_no{r}#3, first_name{r}#4, gender{r}#5, height{r}#6, height.float{r}#7, height.half_float{r}#8, height.scaled_float{r}#9, hire_date{r}#10, is_rehired{r}#11, job_positions{r}#12, languages{r}#13, languages.byte{r}#14, languages.long{r}#15, languages.short{r}#16, last_name{r}#17, salary{r}#18, salary_change{r}#19, salary_change.int{r}#20, salary_change.keyword{r}#21, salary_change.long{r}#22, still_hired{r}#23, language_code{r}#24, language_name{r}#25]]
    |_Project[[avg_worked_seconds{f}#26, birth_date{f}#27, emp_no{f}#28, first_name{f}#29, gender{f}#30, height{f}#31, height.float{f}#32, height.half_float{f}#33, height.scaled_float{f}#34, hire_date{f}#35, is_rehired{f}#36, job_positions{f}#37, languages{f}#38, languages.byte{f}#39, languages.long{f}#40, languages.short{f}#41, last_name{f}#42, salary{f}#43, salary_change{f}#44, salary_change.int{f}#45, salary_change.keyword{f}#46, salary_change.long{f}#47, still_hired{f}#48, language_code{r}#49, language_name{r}#50]]
    | \_Eval[[null[INTEGER] AS language_code#49, null[KEYWORD] AS language_name#50]]
    |   \_Subquery[]
    |     \_SemiJoin[[emp_no{f}#28],[emp_no{f}#51]]
    |       |_EsRelation[employees][avg_worked_seconds{f}#26, birth_date{f}#27, emp_no{f}#28, first_name{f}#29, gender{f}#30, height{f}#31, height.float{f}#32, height.half_float{f}#33, height.scaled_float{f}#34, hire_date{f}#35, is_rehired{f}#36, job_positions{f}#37, languages{f}#38, languages.byte{f}#39, languages.long{f}#40, languages.short{f}#41, last_name{f}#42, salary{f}#43, salary_change{f}#44, salary_change.int{f}#45, salary_change.keyword{f}#46, salary_change.long{f}#47, still_hired{f}#48]
    |       \_Project[[emp_no{f}#51]]
    |         \_Limit[5[INTEGER],false,false]
    |           \_OrderBy[[Order[emp_no{f}#51,ASC,LAST]]]
    |             \_EsRelation[employees][avg_worked_seconds{f}#52, birth_date{f}#53, emp_no{f}#51, first_name{f}#54, gender{f}#55, height{f}#56, height.float{f}#57, height.half_float{f}#58, height.scaled_float{f}#59, hire_date{f}#60, is_rehired{f}#61, job_positions{f}#62, languages{f}#63, languages.byte{f}#64, languages.long{f}#65, languages.short{f}#66, last_name{f}#67, salary{f}#68, salary_change{f}#69, salary_change.int{f}#70, salary_change.keyword{f}#71, salary_change.long{f}#72, still_hired{f}#73]
    \_Project[[avg_worked_seconds{r}#74, birth_date{r}#75, emp_no{r}#76, first_name{r}#77, gender{r}#78, height{r}#79, height.float{r}#80, height.half_float{r}#81, height.scaled_float{r}#82, hire_date{r}#83, is_rehired{r}#84, job_positions{r}#85, languages{r}#86, languages.byte{r}#87, languages.long{r}#88, languages.short{r}#89, last_name{r}#90, salary{r}#91, salary_change{r}#92, salary_change.int{r}#93, salary_change.keyword{r}#94, salary_change.long{r}#95, still_hired{r}#96, language_code{f}#97, language_name{f}#98]]
      \_Eval[[null[LONG] AS avg_worked_seconds#74, null[DATETIME] AS birth_date#75, null[INTEGER] AS emp_no#76, null[KEYWORD] AS first_name#77, null[KEYWORD] AS gender#78, null[DOUBLE] AS height#79, null[DOUBLE] AS height.float#80, null[DOUBLE] AS height.half_float#81, null[DOUBLE] AS height.scaled_float#82, null[DATETIME] AS hire_date#83, null[BOOLEAN] AS is_rehired#84, null[KEYWORD] AS job_positions#85, null[INTEGER] AS languages#86, null[INTEGER] AS languages.byte#87, null[LONG] AS languages.long#88, null[INTEGER] AS languages.short#89, null[KEYWORD] AS last_name#90, null[INTEGER] AS salary#91, null[DOUBLE] AS salary_change#92, null[INTEGER] AS salary_change.int#93, null[KEYWORD] AS salary_change.keyword#94, null[LONG] AS salary_change.long#95, null[BOOLEAN] AS still_hired#96]]
        \_Subquery[]
          \_EsRelation[languages][language_code{f}#97, language_name{f}#98]