Project[[max_bytes{r}#0, cluster{r}#1, m{r}#2]]
\_TopN[[Order[cluster{f}#1,ASC,LAST]],10000[INTEGER],false]
  \_UnpackDims[_$packed_grouping_dims{r}#3,[cluster{r}#1]]
    \_Aggregate[[m{r}#4, _$packed_dims{f$}#5],[MAX(LASTOVERTIME_$1{r}#6,true[BOOLEAN],PT0S[TIME_DURATION]) AS max_bytes#0, m{r}#4 AS m#2, _$packed_dims{f$}#5 AS _$packed_grouping_dims#3]]
      \_PackDims[[cluster{r}#7],_$packed_dims{f$}#5]
        \_TimeSeriesAggregate[[_tsid{m}#8],[LASTOVERTIME($$to_long(network>$LASTOVERTIME$0{r$}#9,true[BOOLEAN],PT0S[TIME_DURATION],@timestamp{f}#10) AS LASTOVERTIME_$1#6, DIMENSIONVALUES(cluster{f}#1,true[BOOLEAN],PT0S[TIME_DURATION]) AS cluster#7, VALUES($$in_subquery_mark$1{r$}#11,true[BOOLEAN],PT0S[TIME_DURATION]) AS m#4],null,@timestamp{f}#10,TS_COMMAND]
          \_Eval[[TOLONG(network.total_bytes_in{f}#12) AS $$to_long(network>$LASTOVERTIME$0#9]]
            \_MarkJoin[[cluster{f}#1],[cluster{f}#13],$$in_subquery_mark$1{r$}#11]
              |_EsRelation[k8s][@timestamp{f}#10, client.ip{f}#14, cluster{f}#1, event{f}#15, event_city{f}#16, event_city_boundary{f}#17, event_location{f}#18, event_log{f}#19, event_shape{f}#20, events_received{f}#21, network.bytes_in{f}#22, network.cost{f}#23, network.eth0.currently_connected_clients{f}#24, network.eth0.firmware_version{f}#25, network.eth0.last_up{f}#26, network.eth0.rx{f}#27, network.eth0.tx{f}#28, network.eth0.up{f}#29, network.total_bytes_in{f}#12, network.total_bytes_out{f}#30, network.total_cost{f}#31, pod{f}#32, region{f}#33, _tsid{m}#8]
              \_Project[[cluster{r}#13]]
                \_UnpackDims[_$packed_grouping_dims{r}#34,[cluster{r}#13]]
                  \_Aggregate[[_$packed_dims{f$}#35],[_$packed_dims{f$}#35 AS _$packed_grouping_dims#34]]
                    \_PackDims[[cluster{r}#36],_$packed_dims{f$}#35]
                      \_TimeSeriesAggregate[[_tsid{m}#37],[DIMENSIONVALUES(cluster{f}#13,true[BOOLEAN],PT0S[TIME_DURATION]) AS cluster#36],null,@timestamp{f}#38,TS_COMMAND]
                        \_EsRelation[k8s][TIME_SERIES][cluster{f}#13, _tsid{m}#37]