Limit[1000[INTEGER],false,false]
\_Project[[s{r}#0, l{r}#1, @timestamp{r}#2]]
  \_Fork[[@timestamp{r}#2, client_ip{r}#3, event_duration{r}#4, message{r}#5, s{r}#0, l{r}#1, _fork{r}#6]]
    |_Project[[@timestamp{r}#7, client_ip{r}#8, event_duration{r}#9, message{r}#10, s{r}#11, l{r}#12, _fork{r}#13]]
    | \_Eval[[fork1[KEYWORD] AS _fork#13]]
    |   \_Filter[l{r}#12 > 0[INTEGER]]
    |     \_Eval[[$$@timestamp$converted_to$keyword{r$}#14 AS s#11, TOLONGSURROGATE(@timestamp{r}#7) AS l#12]]
    |       \_UnionAll[[@timestamp{r}#7, $$@timestamp$converted_to$keyword{r$}#14, client_ip{r}#8, event_duration{r}#9, message{r}#10]]
    |         |_Project[[@timestamp{r}#15, $$@timestamp$converted_to$keyword{r$}#16, client_ip{f}#17, event_duration{f}#18, message{f}#19]]
    |         | \_Eval[[TODATENANOS(@timestamp{f}#20) AS @timestamp#15]]
    |         |   \_Eval[[TO_STRING(@timestamp{f}#20) AS $$@timestamp$converted_to$keyword#16]]
    |         |     \_EsRelation[sample_data][@timestamp{f}#20, client_ip{f}#17, event_duration{f}#18, message{f}#19]
    |         \_Project[[@timestamp{r}#21, $$@timestamp$converted_to$keyword{r$}#22, client_ip{r}#23, event_duration{r}#24, message{r}#25]]
    |           \_Eval[[$$@timestamp$converted_to$keyword{r$}#26 AS $$@timestamp$converted_to$keyword#22]]
    |             \_Subquery[]
    |               \_UnionAll[[@timestamp{r}#21, $$@timestamp$converted_to$keyword{r$}#26, client_ip{r}#23, event_duration{r}#24, message{r}#25]]
    |                 |_Project[[@timestamp{f}#27, $$@timestamp$converted_to$keyword{r$}#28, client_ip{f}#29, event_duration{f}#30, message{f}#31]]
    |                 | \_Eval[[TO_STRING(@timestamp{f}#27) AS $$@timestamp$converted_to$keyword#28]]
    |                 |   \_EsRelation[sample_data_ts_nanos][@timestamp{f}#27, client_ip{f}#29, event_duration{f}#30, message{f}#31]
    |                 \_Project[[@timestamp{r}#32, $$@timestamp$converted_to$keyword{r$}#33, client_ip{f}#34, event_duration{f}#35, message{f}#36]]
    |                   \_Eval[[TO_STRING(@timestamp{r}#32) AS $$@timestamp$converted_to$keyword#33]]
    |                     \_Eval[[TODATENANOS(@timestamp{f}#37) AS @timestamp#32]]
    |                       \_Subquery[]
    |                         \_EsRelation[sample_data][@timestamp{f}#37, client_ip{f}#34, event_duration{f}#35, message{f}#36]
    \_Project[[@timestamp{r}#38, client_ip{r}#39, event_duration{r}#40, message{r}#41, s{r}#11, l{r}#12, _fork{r}#42]]
      \_Eval[[fork2[KEYWORD] AS _fork#42]]
        \_Filter[l{r}#12 <= 0[INTEGER]]
          \_Eval[[$$@timestamp$converted_to$keyword{r$}#43 AS s#11, TOLONGSURROGATE(@timestamp{r}#38) AS l#12]]
            \_UnionAll[[@timestamp{r}#38, $$@timestamp$converted_to$keyword{r$}#43, client_ip{r}#39, event_duration{r}#40, message{r}#41]]
              |_Project[[@timestamp{r}#44, $$@timestamp$converted_to$keyword{r$}#45, client_ip{f}#46, event_duration{f}#47, message{f}#48]]
              | \_Eval[[TODATENANOS(@timestamp{f}#49) AS @timestamp#44]]
              |   \_Eval[[TO_STRING(@timestamp{f}#49) AS $$@timestamp$converted_to$keyword#45]]
              |     \_EsRelation[sample_data][@timestamp{f}#49, client_ip{f}#46, event_duration{f}#47, message{f}#48]
              \_Project[[@timestamp{r}#50, $$@timestamp$converted_to$keyword{r$}#51, client_ip{r}#52, event_duration{r}#53, message{r}#54]]
                \_Eval[[$$@timestamp$converted_to$keyword{r$}#55 AS $$@timestamp$converted_to$keyword#51]]
                  \_Subquery[]
                    \_UnionAll[[@timestamp{r}#50, $$@timestamp$converted_to$keyword{r$}#55, client_ip{r}#52, event_duration{r}#53, message{r}#54]]
                      |_Project[[@timestamp{f}#56, $$@timestamp$converted_to$keyword{r$}#57, client_ip{f}#58, event_duration{f}#59, message{f}#60]]
                      | \_Eval[[TO_STRING(@timestamp{f}#56) AS $$@timestamp$converted_to$keyword#57]]
                      |   \_EsRelation[sample_data_ts_nanos][@timestamp{f}#56, client_ip{f}#58, event_duration{f}#59, message{f}#60]
                      \_Project[[@timestamp{r}#61, $$@timestamp$converted_to$keyword{r$}#62, client_ip{f}#63, event_duration{f}#64, message{f}#65]]
                        \_Eval[[TO_STRING(@timestamp{r}#61) AS $$@timestamp$converted_to$keyword#62]]
                          \_Eval[[TODATENANOS(@timestamp{f}#66) AS @timestamp#61]]
                            \_Subquery[]
                              \_EsRelation[sample_data][@timestamp{f}#66, client_ip{f}#63, event_duration{f}#64, message{f}#65]