Limit[1000[INTEGER],false,false]
\_Project[[emp_no{r}#0, language_code{r}#1, unmapped1{r}#2, unmapped2{r}#3]]
  \_UnionAll[[avg_worked_seconds{r}#4, birth_date{r}#5, emp_no{r}#0, first_name{r}#6, gender{r}#7, height{r}#8, height.float{r}#9, height.half_float{r}#10, height.scaled_float{r}#11, hire_date{r}#12, is_rehired{r}#13, job_positions{r}#14, languages{r}#15, languages.byte{r}#16, languages.long{r}#17, languages.short{r}#18, last_name{r}#19, salary{r}#20, salary_change{r}#21, salary_change.int{r}#22, salary_change.keyword{r}#23, salary_change.long{r}#24, still_hired{r}#25, language_code{r}#1, unmapped1{r}#2, unmapped2{r}#3]]
    |_Project[[avg_worked_seconds{f}#26, birth_date{f}#27, emp_no{f}#28, first_name{f}#29, gender{f}#30, height{f}#31, height.float{f}#32, height.half_float{f}#33, height.scaled_float{f}#34, hire_date{f}#35, is_rehired{f}#36, job_positions{f}#37, languages{f}#38, languages.byte{f}#39, languages.long{f}#40, languages.short{f}#41, last_name{f}#42, salary{f}#43, salary_change{f}#44, salary_change.int{f}#45, salary_change.keyword{f}#46, salary_change.long{f}#47, still_hired{f}#48, language_code{r}#49, unmapped1{f(PotentiallyUnmappedKeywordEsField)}#50, unmapped2{f(PotentiallyUnmappedKeywordEsField)}#51]]
    | \_Eval[[TO_INTEGER(language_code{f(PotentiallyUnmappedKeywordEsField)}#52) AS language_code#49]]
    |   \_EsRelation[employees][avg_worked_seconds{f}#26, birth_date{f}#27, emp_no{f}#28, first_name{f}#29, gender{f}#30, height{f}#31, height.float{f}#32, height.half_float{f}#33, height.scaled_float{f}#34, hire_date{f}#35, is_rehired{f}#36, job_positions{f}#37, languages{f}#38, languages.byte{f}#39, languages.long{f}#40, languages.short{f}#41, last_name{f}#42, salary{f}#43, salary_change{f}#44, salary_change.int{f}#45, salary_change.keyword{f}#46, salary_change.long{f}#47, still_hired{f}#48, language_code{f(PotentiallyUnmappedKeywordEsField)}#52, unmapped1{f(PotentiallyUnmappedKeywordEsField)}#50, unmapped2{f(PotentiallyUnmappedKeywordEsField)}#51]
    \_Project[[avg_worked_seconds{r}#53, birth_date{r}#54, emp_no{r}#55, first_name{r}#56, gender{r}#57, height{r}#58, height.float{r}#59, height.half_float{r}#60, height.scaled_float{r}#61, hire_date{r}#62, is_rehired{r}#63, job_positions{r}#64, languages{r}#65, languages.byte{r}#66, languages.long{r}#67, languages.short{r}#68, last_name{r}#69, salary{r}#70, salary_change{r}#71, salary_change.int{r}#72, salary_change.keyword{r}#73, salary_change.long{r}#74, still_hired{r}#75, language_code{f}#76, unmapped1{f(PotentiallyUnmappedKeywordEsField)}#77, unmapped2{f(PotentiallyUnmappedKeywordEsField)}#78]]
      \_Eval[[null[LONG] AS avg_worked_seconds#53, null[DATETIME] AS birth_date#54, null[INTEGER] AS emp_no#55, null[KEYWORD] AS first_name#56, null[KEYWORD] AS gender#57, null[DOUBLE] AS height#58, null[DOUBLE] AS height.float#59, null[DOUBLE] AS height.half_float#60, null[DOUBLE] AS height.scaled_float#61, null[DATETIME] AS hire_date#62, null[BOOLEAN] AS is_rehired#63, null[KEYWORD] AS job_positions#64, null[INTEGER] AS languages#65, null[INTEGER] AS languages.byte#66, null[LONG] AS languages.long#67, null[INTEGER] AS languages.short#68, null[KEYWORD] AS last_name#69, null[INTEGER] AS salary#70, null[DOUBLE] AS salary_change#71, null[INTEGER] AS salary_change.int#72, null[KEYWORD] AS salary_change.keyword#73, null[LONG] AS salary_change.long#74, null[BOOLEAN] AS still_hired#75]]
        \_Subquery[]
          \_Project[[language_code{f}#76, unmapped1{f(PotentiallyUnmappedKeywordEsField)}#77, unmapped2{f(PotentiallyUnmappedKeywordEsField)}#78]]
            \_EsRelation[languages][language_code{f}#76, language_name{f}#79, unmapped1{f(PotentiallyUnmappedKeywordEsField)}#77, unmapped2{f(PotentiallyUnmappedKeywordEsField)}#78]