Limit[1000[INTEGER],false,false]
\_Aggregate[[],[COUNT(*[KEYWORD],true[BOOLEAN],PT0S[TIME_DURATION]) AS count(*)#0]]
  \_UnionAll[[total{r}#1, message{r}#2, @timestamp{r}#3, client.ip{r}#4, cluster{r}#5, event{r}#6, event_city{r}#7, event_city_boundary{r}#8, event_location{r}#9, event_log{r}#10, event_shape{r}#11, events_received{r}#12, network.bytes_in{r}#13, network.cost{r}#14, network.eth0.currently_connected_clients{r}#15, network.eth0.firmware_version{r}#16, network.eth0.last_up{r}#17, network.eth0.rx{r}#18, network.eth0.tx{r}#19, network.eth0.up{r}#20, network.total_bytes_in{r}#21, network.total_cost{r}#22, pod{r}#23]]
    |_Project[[total{r}#24, message{f}#25, @timestamp{r}#26, client.ip{r}#27, cluster{r}#28, event{r}#29, event_city{r}#30, event_city_boundary{r}#31, event_location{r}#32, event_log{r}#33, event_shape{r}#34, events_received{r}#35, network.bytes_in{r}#36, network.cost{r}#37, network.eth0.currently_connected_clients{r}#38, network.eth0.firmware_version{r}#39, network.eth0.last_up{r}#40, network.eth0.rx{r}#41, network.eth0.tx{r}#42, network.eth0.up{r}#43, network.total_bytes_in{r}#44, network.total_cost{r}#45, pod{r}#46]]
    | \_Eval[[null[DATETIME] AS @timestamp#26, null[IP] AS client.ip#27, null[KEYWORD] AS cluster#28, null[KEYWORD] AS event#29, null[GEO_POINT] AS event_city#30, null[GEO_SHAPE] AS event_city_boundary#31, null[CARTESIAN_POINT] AS event_location#32, null[TEXT] AS event_log#33, null[CARTESIAN_SHAPE] AS event_shape#34, null[LONG] AS events_received#35, null[LONG] AS network.bytes_in#36, null[DOUBLE] AS network.cost#37, null[INTEGER] AS network.eth0.currently_connected_clients#38, null[VERSION] AS network.eth0.firmware_version#39, null[DATE_NANOS] AS network.eth0.last_up#40, null[AGGREGATE_METRIC_DOUBLE] AS network.eth0.rx#41, null[AGGREGATE_METRIC_DOUBLE] AS network.eth0.tx#42, null[BOOLEAN] AS network.eth0.up#43, null[LONG] AS network.total_bytes_in#44, null[DOUBLE] AS network.total_cost#45, null[KEYWORD] AS pod#46]]
    |   \_Aggregate[[message{f}#25],[COUNT(*[KEYWORD],true[BOOLEAN],PT0S[TIME_DURATION]) AS total#24, message{f}#25]]
    |     \_EsRelation[sample_data][@timestamp{f}#47, client_ip{f}#48, event_duration{f}#49, message{f}#25]
    \_Project[[total{r}#50, message{r}#51, @timestamp{f}#52, client.ip{f}#53, cluster{f}#54, event{f}#55, event_city{f}#56, event_city_boundary{f}#57, event_location{f}#58, event_log{f}#59, event_shape{f}#60, events_received{f}#61, network.bytes_in{f}#62, network.cost{f}#63, network.eth0.currently_connected_clients{f}#64, network.eth0.firmware_version{f}#65, network.eth0.last_up{f}#66, network.eth0.rx{f}#67, network.eth0.tx{f}#68, network.eth0.up{f}#69, network.total_bytes_in{r}#70, network.total_cost{r}#71, pod{f}#72]]
      \_Eval[[TOLONG(network.total_bytes_in{f}#73) AS network.total_bytes_in#70, TODOUBLE(network.total_cost{f}#74) AS network.total_cost#71]]
        \_Eval[[null[LONG] AS total#50, null[KEYWORD] AS message#51]]
          \_Subquery[]
            \_EsRelation[k8s-downsampled][TIME_SERIES][@timestamp{f}#52, client.ip{f}#53, cluster{f}#54, event{f}#55, event_city{f}#56, event_city_boundary{f}#57, event_location{f}#58, event_log{f}#59, event_shape{f}#60, events_received{f}#61, network.bytes_in{f}#62, network.cost{f}#63, network.eth0.currently_connected_clients{f}#64, network.eth0.firmware_version{f}#65, network.eth0.last_up{f}#66, network.eth0.rx{f}#67, network.eth0.tx{f}#68, network.eth0.up{f}#69, network.total_bytes_in{f}#73, network.total_cost{f}#74, pod{f}#72]