Project[[avg_worked_seconds{f}#0, birth_date{f}#1, emp_no{f}#2, first_name{f}#3, gender{f}#4, height{f}#5, height.float{f}#6, height.half_float{f}#7, height.scaled_float{f}#8, hire_date{f}#9, is_rehired{f}#10, job_positions{f}#11, languages{f}#12, languages.byte{f}#13, languages.long{f}#14, languages.short{f}#15, last_name{f}#16, salary{f}#17, salary_change{f}#18, salary_change.int{f}#19, salary_change.keyword{f}#20, salary_change.long{f}#21, still_hired{f}#22, s{r}#23, c{r}#24]]
\_Limit[10000[INTEGER],false,false]
  \_InlineStats[]
    \_Aggregate[[],[FilteredExpression[COUNT(*[KEYWORD],true[BOOLEAN],PT0S[TIME_DURATION]),COALESCE($$in_subquery_mark$0{r$}#25,false[BOOLEAN])] AS c#24]]
      \_MarkJoin[[s{r}#23],[r{r}#26],$$in_subquery_mark$0{r$}#25]
        |_Eval[[TODOUBLE(salary{f}#17) AS s#23]]
        | \_EsRelation[employees][avg_worked_seconds{f}#0, birth_date{f}#1, emp_no{f}#2, first_name{f}#3, gender{f}#4, height{f}#5, height.float{f}#6, height.half_float{f}#7, height.scaled_float{f}#8, hire_date{f}#9, is_rehired{f}#10, job_positions{f}#11, languages{f}#12, languages.byte{f}#13, languages.long{f}#14, languages.short{f}#15, last_name{f}#16, salary{f}#17, salary_change{f}#18, salary_change.int{f}#19, salary_change.keyword{f}#20, salary_change.long{f}#21, still_hired{f}#22]
        \_Project[[r{r}#26]]
          \_Project[[r{r}#26, cluster{r}#27]]
            \_UnpackDims[_$packed_grouping_dims{r}#28,[cluster{r}#27]]
              \_Aggregate[[_$packed_dims{f$}#29 AS _$packed_grouping_dims#28],[MAX(AVGOVERTIME_$1{r}#30,true[BOOLEAN],PT0S[TIME_DURATION]) AS r#26, _$packed_grouping_dims{r}#28]]
                \_PackDims[[cluster{r}#31],_$packed_dims{f$}#29]
                  \_TimeSeriesAggregate[[_tsid{m}#32],[AVG(TODOUBLE(network.total_bytes_in{f}#33),true[BOOLEAN],PT0S[TIME_DURATION],lossy[KEYWORD]) AS AVGOVERTIME_$1#30, DIMENSIONVALUES(cluster{f}#27,true[BOOLEAN],PT0S[TIME_DURATION]) AS cluster#31, _tsid{m}#32],null,@timestamp{f}#34,TS_COMMAND]
                    \_EsRelation[k8s][@timestamp{f}#34, client.ip{f}#35, cluster{f}#27, event{f}#36, event_city{f}#37, event_city_boundary{f}#38, event_location{f}#39, event_log{f}#40, event_shape{f}#41, events_received{f}#42, network.bytes_in{f}#43, network.cost{f}#44, network.eth0.currently_connected_clients{f}#45, network.eth0.firmware_version{f}#46, network.eth0.last_up{f}#47, network.eth0.rx{f}#48, network.eth0.tx{f}#49, network.eth0.up{f}#50, network.total_bytes_in{f}#33, network.total_bytes_out{f}#51, network.total_cost{f}#52, pod{f}#53, region{f}#54, _tsid{m}#32]