Limit[10000[INTEGER],false,false]
\_SemiJoin[[cluster{r}#0, pod{r}#1],[cluster{f}#2, pod{f}#3]]
  |_Row[[my-cluster[KEYWORD] AS cluster#0, my-pod[KEYWORD] AS pod#1]]
  \_Project[[cluster{f}#2, pod{f}#3]]
    \_Project[[max_bytes{r}#4, cluster{r}#2, pod{r}#3]]
      \_UnpackDims[_$packed_grouping_dims{r}#5,[cluster{r}#2, pod{r}#3]]
        \_Aggregate[[_$packed_dims{f$}#6 AS _$packed_grouping_dims#5],[MAX(LASTOVERTIME_$1{r}#7,true[BOOLEAN],PT0S[TIME_DURATION]) AS max_bytes#4, _$packed_grouping_dims{r}#5]]
          \_PackDims[[cluster{r}#8, pod{r}#9],_$packed_dims{f$}#6]
            \_TimeSeriesAggregate[[_tsid{m}#10],[LASTOVERTIME(TOLONGSURROGATE(network.total_bytes_in{f}#11),true[BOOLEAN],PT0S[TIME_DURATION],@timestamp{f}#12) AS LASTOVERTIME_$1#7, DIMENSIONVALUES(cluster{f}#2,true[BOOLEAN],PT0S[TIME_DURATION]) AS cluster#8, DIMENSIONVALUES(pod{f}#3,true[BOOLEAN],PT0S[TIME_DURATION]) AS pod#9, _tsid{m}#10],null,@timestamp{f}#12,TS_COMMAND]
              \_EsRelation[k8s][@timestamp{f}#12, client.ip{f}#13, cluster{f}#2, event{f}#14, event_city{f}#15, event_city_boundary{f}#16, event_location{f}#17, event_log{f}#18, event_shape{f}#19, events_received{f}#20, network.bytes_in{f}#21, network.cost{f}#22, network.eth0.currently_connected_clients{f}#23, network.eth0.firmware_version{f}#24, network.eth0.last_up{f}#25, network.eth0.rx{f}#26, network.eth0.tx{f}#27, network.eth0.up{f}#28, network.total_bytes_in{f}#11, network.total_bytes_out{f}#29, network.total_cost{f}#30, pod{f}#3, region{f}#31, _tsid{m}#10]