Limit[1000[INTEGER],false,false]
\_Aggregate[[],[FilteredExpression[SUM(salary{f}#0 + 1[INTEGER],true[BOOLEAN],PT0S[TIME_DURATION],compensated[KEYWORD],long_overflow_throw[KEYWORD]),gender{f}#1 == M[KEYWORD]] AS s1#2, FilteredExpression[SUM(salary{f}#0 + 2[INTEGER],true[BOOLEAN],PT0S[TIME_DURATION],compensated[KEYWORD],long_overflow_throw[KEYWORD]),gender{f}#1 == M[KEYWORD]] AS s2#3, SUM(salary{f}#0 + 3[INTEGER],true[BOOLEAN],PT0S[TIME_DURATION],compensated[KEYWORD],long_overflow_throw[KEYWORD]) AS s3#4, SUM(salary{f}#0 + 4[INTEGER],true[BOOLEAN],PT0S[TIME_DURATION],compensated[KEYWORD],long_overflow_throw[KEYWORD]) AS s4#5]]
  \_EsRelation[employees][avg_worked_seconds{f}#6, birth_date{f}#7, emp_no{f}#8, first_name{f}#9, gender{f}#1, height{f}#10, height.float{f}#11, height.half_float{f}#12, height.scaled_float{f}#13, hire_date{f}#14, is_rehired{f}#15, job_positions{f}#16, languages{f}#17, languages.byte{f}#18, languages.long{f}#19, languages.short{f}#20, last_name{f}#21, salary{f}#0, salary_change{f}#22, salary_change.int{f}#23, salary_change.keyword{f}#24, salary_change.long{f}#25, still_hired{f}#26]