Limit[1000[INTEGER],false,false]
\_AntiJoin[[y{r}#0],[salary{f}#1]]
  |_SemiJoin[[x{r}#2],[emp_no{f}#3]]
  | |_Eval[[emp_no{f}#4 + 1[INTEGER] AS x#2, salary{f}#5 * 2[INTEGER] AS y#0]]
  | | \_EsRelation[employees][avg_worked_seconds{f}#6, birth_date{f}#7, emp_no{f}#4, first_name{f}#8, gender{f}#9, height{f}#10, height.float{f}#11, height.half_float{f}#12, height.scaled_float{f}#13, hire_date{f}#14, is_rehired{f}#15, job_positions{f}#16, languages{f}#17, languages.byte{f}#18, languages.long{f}#19, languages.short{f}#20, last_name{f}#21, salary{f}#5, salary_change{f}#22, salary_change.int{f}#23, salary_change.keyword{f}#24, salary_change.long{f}#25, still_hired{f}#26]
  | \_Project[[emp_no{f}#3]]
  |   \_EsRelation[employees][avg_worked_seconds{f}#27, birth_date{f}#28, emp_no{f}#3, first_name{f}#29, gender{f}#30, height{f}#31, height.float{f}#32, height.half_float{f}#33, height.scaled_float{f}#34, hire_date{f}#35, is_rehired{f}#36, job_positions{f}#37, languages{f}#38, languages.byte{f}#39, languages.long{f}#40, languages.short{f}#41, last_name{f}#42, salary{f}#43, salary_change{f}#44, salary_change.int{f}#45, salary_change.keyword{f}#46, salary_change.long{f}#47, still_hired{f}#48]
  \_Project[[salary{f}#1]]
    \_EsRelation[employees][avg_worked_seconds{f}#49, birth_date{f}#50, emp_no{f}#51, first_name{f}#52, gender{f}#53, height{f}#54, height.float{f}#55, height.half_float{f}#56, height.scaled_float{f}#57, hire_date{f}#58, is_rehired{f}#59, job_positions{f}#60, languages{f}#61, languages.byte{f}#62, languages.long{f}#63, languages.short{f}#64, last_name{f}#65, salary{f}#1, salary_change{f}#66, salary_change.int{f}#67, salary_change.keyword{f}#68, salary_change.long{f}#69, still_hired{f}#70]