ExchangeSinkExec[[emp_no{f(EsField)}#0, job_positions{r}#1, salary{f(EsField)}#2],false]
\_ProjectExec[[emp_no{f(EsField)}#0, job_positions{r}#1, salary{f(EsField)}#2]]
  \_TopNExec[[Order[salary{f(EsField)}#2,ASC,LAST]],20[INTEGER],58]
    \_MvExpandExec[job_positions{f(KeywordEsField)}#3,job_positions{r}#1]
      \_ProjectExec[[emp_no{f(EsField)}#0, job_positions{f(KeywordEsField)}#3, salary{f(EsField)}#2]]
        \_FieldExtractExec[emp_no{f}#0, job_positions{f}#3, salary{f}#2]<[],[]>
          \_EsQueryExec[employees], indexMode[standard], [_doc{f}#4], limit[], sort[] estimatedRowSize[62] queryBuilderAndTags [[QueryBuilderAndTags[query=null, tags=[]]]]