Limit[1000[INTEGER],false,false]
\_Aggregate[[TBUCKET(P1D[DATE_PERIOD],@timestamp{f}#0) AS tbucket(1 day)#1],[SUM(TODOUBLE(does_not_exist{r}#2),true[BOOLEAN],PT0S[TIME_DURATION],compensated[KEYWORD]) AS s#3, tbucket(1 day){r}#1]]
  \_Eval[[null[NULL] AS does_not_exist#2]]
    \_EsRelation[sample_data][@timestamp{f}#0, client_ip{f}#4, event_duration{f}#5, message{f}#6]