Limit[1000[INTEGER],false,false]
\_InlineStats[]
  \_Aggregate[[],[COUNT(*[KEYWORD],true[BOOLEAN],PT0S[TIME_DURATION]) AS c#0]]
    \_UnionAll[[avg_worked_seconds{r}#1, birth_date{r}#2, emp_no{r}#3, first_name{r}#4, gender{r}#5, height{r}#6, height.float{r}#7, height.half_float{r}#8, height.scaled_float{r}#9, hire_date{r}#10, is_rehired{r}#11, job_positions{r}#12, languages{r}#13, languages.byte{r}#14, languages.long{r}#15, languages.short{r}#16, last_name{r}#17, salary{r}#18, salary_change{r}#19, salary_change.int{r}#20, salary_change.keyword{r}#21, salary_change.long{r}#22, still_hired{r}#23]]
      |_Project[[avg_worked_seconds{f}#24, birth_date{f}#25, emp_no{f}#26, first_name{f}#27, gender{f}#28, height{f}#29, height.float{f}#30, height.half_float{f}#31, height.scaled_float{f}#32, hire_date{f}#33, is_rehired{f}#34, job_positions{f}#35, languages{f}#36, languages.byte{f}#37, languages.long{f}#38, languages.short{f}#39, last_name{f}#40, salary{f}#41, salary_change{f}#42, salary_change.int{f}#43, salary_change.keyword{f}#44, salary_change.long{f}#45, still_hired{f}#46]]
      | \_EsRelation[employees][avg_worked_seconds{f}#24, birth_date{f}#25, emp_no{f}#26, first_name{f}#27, gender{f}#28, height{f}#29, height.float{f}#30, height.half_float{f}#31, height.scaled_float{f}#32, hire_date{f}#33, is_rehired{f}#34, job_positions{f}#35, languages{f}#36, languages.byte{f}#37, languages.long{f}#38, languages.short{f}#39, last_name{f}#40, salary{f}#41, salary_change{f}#42, salary_change.int{f}#43, salary_change.keyword{f}#44, salary_change.long{f}#45, still_hired{f}#46]
      \_Project[[avg_worked_seconds{r}#47, birth_date{r}#48, emp_no{r}#49, first_name{r}#50, gender{r}#51, height{r}#52, height.float{r}#53, height.half_float{r}#54, height.scaled_float{r}#55, hire_date{r}#56, is_rehired{r}#57, job_positions{r}#58, languages{r}#59, languages.byte{r}#60, languages.long{r}#61, languages.short{r}#62, last_name{r}#63, salary{r}#64, salary_change{r}#65, salary_change.int{r}#66, salary_change.keyword{r}#67, salary_change.long{r}#68, still_hired{r}#69]]
        \_Subquery[]
          \_UnionAll[[avg_worked_seconds{r}#47, birth_date{r}#48, emp_no{r}#49, first_name{r}#50, gender{r}#51, height{r}#52, height.float{r}#53, height.half_float{r}#54, height.scaled_float{r}#55, hire_date{r}#56, is_rehired{r}#57, job_positions{r}#58, languages{r}#59, languages.byte{r}#60, languages.long{r}#61, languages.short{r}#62, last_name{r}#63, salary{r}#64, salary_change{r}#65, salary_change.int{r}#66, salary_change.keyword{r}#67, salary_change.long{r}#68, still_hired{r}#69]]
            |_Project[[avg_worked_seconds{f}#70, birth_date{f}#71, emp_no{f}#72, first_name{f}#73, gender{f}#74, height{f}#75, height.float{f}#76, height.half_float{f}#77, height.scaled_float{f}#78, hire_date{f}#79, is_rehired{f}#80, job_positions{f}#81, languages{f}#82, languages.byte{f}#83, languages.long{f}#84, languages.short{f}#85, last_name{f}#86, salary{f}#87, salary_change{f}#88, salary_change.int{f}#89, salary_change.keyword{f}#90, salary_change.long{f}#91, still_hired{f}#92]]
            | \_Subquery[]
            |   \_Filter[salary{f}#87 > 50000[INTEGER]]
            |     \_EsRelation[employees][avg_worked_seconds{f}#70, birth_date{f}#71, emp_no{f}#72, first_name{f}#73, gender{f}#74, height{f}#75, height.float{f}#76, height.half_float{f}#77, height.scaled_float{f}#78, hire_date{f}#79, is_rehired{f}#80, job_positions{f}#81, languages{f}#82, languages.byte{f}#83, languages.long{f}#84, languages.short{f}#85, last_name{f}#86, salary{f}#87, salary_change{f}#88, salary_change.int{f}#89, salary_change.keyword{f}#90, salary_change.long{f}#91, still_hired{f}#92]
            \_Project[[avg_worked_seconds{f}#93, birth_date{f}#94, emp_no{f}#95, first_name{f}#96, gender{f}#97, height{f}#98, height.float{f}#99, height.half_float{f}#100, height.scaled_float{f}#101, hire_date{f}#102, is_rehired{f}#103, job_positions{f}#104, languages{f}#105, languages.byte{f}#106, languages.long{f}#107, languages.short{f}#108, last_name{f}#109, salary{f}#110, salary_change{f}#111, salary_change.int{f}#112, salary_change.keyword{f}#113, salary_change.long{f}#114, still_hired{f}#115]]
              \_Subquery[]
                \_Filter[emp_no{f}#95 < 10010[INTEGER]]
                  \_EsRelation[employees][avg_worked_seconds{f}#93, birth_date{f}#94, emp_no{f}#95, first_name{f}#96, gender{f}#97, height{f}#98, height.float{f}#99, height.half_float{f}#100, height.scaled_float{f}#101, hire_date{f}#102, is_rehired{f}#103, job_positions{f}#104, languages{f}#105, languages.byte{f}#106, languages.long{f}#107, languages.short{f}#108, last_name{f}#109, salary{f}#110, salary_change{f}#111, salary_change.int{f}#112, salary_change.keyword{f}#113, salary_change.long{f}#114, still_hired{f}#115]