Limit[1000[INTEGER],false,false]
\_Aggregate[[],[FROMPARTIAL($$partial$$m{r$}#0,true[BOOLEAN],PT0S[TIME_DURATION],PERCENTILE(salary{r}#1,true[BOOLEAN],PT0S[TIME_DURATION],50[INTEGER])) AS m#2]]
  \_UnionAll[[$$partial$$m{r$}#0]]
    |_Aggregate[[],[TOPARTIAL(PERCENTILE(salary{r}#3,true[BOOLEAN],PT0S[TIME_DURATION],50[INTEGER]),true[BOOLEAN],PT0S[TIME_DURATION],PERCENTILE(salary{r}#3,true[BOOLEAN],PT0S[TIME_DURATION],50[INTEGER])) AS $$partial$$m#0]]
    | \_ExternalRelation[s3://bucket/heavy_a.parquet][parquet][salary{r}#3]
    \_Aggregate[[],[TOPARTIAL(PERCENTILE(salary{r}#4,true[BOOLEAN],PT0S[TIME_DURATION],50[INTEGER]),true[BOOLEAN],PT0S[TIME_DURATION],PERCENTILE(salary{r}#4,true[BOOLEAN],PT0S[TIME_DURATION],50[INTEGER])) AS $$partial$$m#0]]
      \_ExternalRelation[s3://bucket/heavy_b.parquet][parquet][salary{r}#4]