Limit[10000[INTEGER],false,false]
\_Fork[[avg_worked_seconds{r}#0, birth_date{r}#1, emp_no{r}#2, first_name{r}#3, gender{r}#4, height{r}#5, height.float{r}#6, height.half_float{r}#7, height.scaled_float{r}#8, hire_date{r}#9, is_rehired{r}#10, job_positions{r}#11, languages{r}#12, languages.byte{r}#13, languages.long{r}#14, languages.short{r}#15, last_name{r}#16, salary{r}#17, salary_change{r}#18, salary_change.int{r}#19, salary_change.keyword{r}#20, salary_change.long{r}#21, still_hired{r}#22, does_not_exist1{r}#23, does_not_exist2{r}#24, _fork{r}#25, does_not_exist3{r}#26, xyz{r}#27]]
  |_Limit[10000[INTEGER],false,false]
  | \_Project[[avg_worked_seconds{f}#28, birth_date{f}#29, emp_no{f}#30, first_name{f}#31, gender{f}#32, height{f}#33, height.float{f}#34, height.half_float{f}#35, height.scaled_float{f}#36, hire_date{f}#37, is_rehired{f}#38, job_positions{f}#39, languages{f}#40, languages.byte{f}#41, languages.long{f}#42, languages.short{f}#43, last_name{f}#44, salary{f}#45, salary_change{f}#46, salary_change.int{f}#47, salary_change.keyword{f}#48, salary_change.long{f}#49, still_hired{f}#50, does_not_exist1{r}#51, does_not_exist2{r}#52, _fork{r}#53, does_not_exist3{r}#54, xyz{r}#55]]
  |   \_Eval[[null[NULL] AS does_not_exist3#54, null[KEYWORD] AS xyz#55]]
  |     \_Eval[[fork1[KEYWORD] AS _fork#53]]
  |       \_Limit[7[INTEGER],false,false]
  |         \_OrderBy[[Order[does_not_exist2{r}#52,ASC,LAST]]]
  |           \_Filter[emp_no{f}#30 > 3[INTEGER]]
  |             \_Filter[TOLONG(does_not_exist1{r}#51) > 5[INTEGER]]
  |               \_Eval[[null[NULL] AS does_not_exist1#51, null[NULL] AS does_not_exist2#52]]
  |                 \_EsRelation[employees][avg_worked_seconds{f}#28, birth_date{f}#29, emp_no{f}#30, first_name{f}#31, gender{f}#32, height{f}#33, height.float{f}#34, height.half_float{f}#35, height.scaled_float{f}#36, hire_date{f}#37, is_rehired{f}#38, job_positions{f}#39, languages{f}#40, languages.byte{f}#41, languages.long{f}#42, languages.short{f}#43, last_name{f}#44, salary{f}#45, salary_change{f}#46, salary_change.int{f}#47, salary_change.keyword{f}#48, salary_change.long{f}#49, still_hired{f}#50]
  \_Limit[1000[INTEGER],false,false]
    \_Project[[avg_worked_seconds{f}#56, birth_date{f}#57, emp_no{f}#58, first_name{f}#59, gender{f}#60, height{f}#61, height.float{f}#62, height.half_float{f}#63, height.scaled_float{f}#64, hire_date{f}#65, is_rehired{f}#66, job_positions{f}#67, languages{f}#68, languages.byte{f}#69, languages.long{f}#70, languages.short{f}#71, last_name{f}#72, salary{f}#73, salary_change{f}#74, salary_change.int{f}#75, salary_change.keyword{f}#76, salary_change.long{f}#77, still_hired{f}#78, does_not_exist1{r}#79, does_not_exist2{r}#80, _fork{r}#53, does_not_exist3{r}#81, xyz{r}#82]]
      \_Eval[[null[NULL] AS does_not_exist2#80]]
        \_Eval[[fork2[KEYWORD] AS _fork#53]]
          \_Eval[[TOSTRING(does_not_exist3{r}#81) AS xyz#82]]
            \_Filter[emp_no{f}#58 > 2[INTEGER]]
              \_Filter[TOLONG(does_not_exist1{r}#79) > 5[INTEGER]]
                \_Eval[[null[NULL] AS does_not_exist1#79, null[NULL] AS does_not_exist3#81]]
                  \_EsRelation[employees][avg_worked_seconds{f}#56, birth_date{f}#57, emp_no{f}#58, first_name{f}#59, gender{f}#60, height{f}#61, height.float{f}#62, height.half_float{f}#63, height.scaled_float{f}#64, hire_date{f}#65, is_rehired{f}#66, job_positions{f}#67, languages{f}#68, languages.byte{f}#69, languages.long{f}#70, languages.short{f}#71, last_name{f}#72, salary{f}#73, salary_change{f}#74, salary_change.int{f}#75, salary_change.keyword{f}#76, salary_change.long{f}#77, still_hired{f}#78]