Limit[10000[INTEGER],false,false]
\_OrderBy[[Order[pod{f}#0,ASC,LAST], Order[cluster{f}#1,ASC,LAST]]]
  \_Project[[max_bytes{r}#2, pod{r}#0, cluster{r}#1, m{r}#3]]
    \_UnpackDims[_$packed_grouping_dims{r}#4,[pod{r}#0, cluster{r}#1]]
      \_Aggregate[[m{r}#5 AS m#3, _$packed_dims{f$}#6 AS _$packed_grouping_dims#4],[MAX(LASTOVERTIME_$1{r}#7,true[BOOLEAN],PT0S[TIME_DURATION]) AS max_bytes#2, m{r}#3, _$packed_grouping_dims{r}#4]]
        \_PackDims[[pod{r}#8, cluster{r}#9],_$packed_dims{f$}#6]
          \_TimeSeriesAggregate[[_tsid{m}#10],[LASTOVERTIME(TOLONGSURROGATE(network.total_bytes_in{f}#11),true[BOOLEAN],PT0S[TIME_DURATION],@timestamp{f}#12) AS LASTOVERTIME_$1#7, DIMENSIONVALUES(pod{f}#0,true[BOOLEAN],PT0S[TIME_DURATION]) AS pod#8, DIMENSIONVALUES(cluster{f}#1,true[BOOLEAN],PT0S[TIME_DURATION]) AS cluster#9, VALUES(m{r}#3,true[BOOLEAN],PT0S[TIME_DURATION]) AS m#5, _tsid{m}#10],null,@timestamp{f}#12,TS_COMMAND]
            \_Eval[[$$in_subquery_mark$0{r$}#13 AS m#3]]
              \_MarkJoin[[pod{f}#0, cluster{f}#1],[pod{f}#14, cluster{f}#15],$$in_subquery_mark$0{r$}#13]
                |_EsRelation[k8s][@timestamp{f}#12, client.ip{f}#16, cluster{f}#1, event{f}#17, event_city{f}#18, event_city_boundary{f}#19, event_location{f}#20, event_log{f}#21, event_shape{f}#22, events_received{f}#23, network.bytes_in{f}#24, network.cost{f}#25, network.eth0.currently_connected_clients{f}#26, network.eth0.firmware_version{f}#27, network.eth0.last_up{f}#28, network.eth0.rx{f}#29, network.eth0.tx{f}#30, network.eth0.up{f}#31, network.total_bytes_in{f}#11, network.total_bytes_out{f}#32, network.total_cost{f}#33, pod{f}#0, region{f}#34, _tsid{m}#10]
                \_Project[[pod{f}#14, cluster{f}#15]]
                  \_Project[[m{r}#35, pod{r}#14, cluster{r}#15]]
                    \_UnpackDims[_$packed_grouping_dims{r}#36,[pod{r}#14, cluster{r}#15]]
                      \_Aggregate[[_$packed_dims{f$}#37 AS _$packed_grouping_dims#36],[MAX(RATE_$1{r}#38,true[BOOLEAN],PT0S[TIME_DURATION]) AS m#35, _$packed_grouping_dims{r}#36]]
                        \_PackDims[[pod{r}#39, cluster{r}#40],_$packed_dims{f$}#37]
                          \_TimeSeriesAggregate[[_tsid{m}#41],[RATE(network.total_bytes_in{f}#42,true[BOOLEAN],PT0S[TIME_DURATION],@timestamp{f}#43) AS RATE_$1#38, DIMENSIONVALUES(pod{f}#14,true[BOOLEAN],PT0S[TIME_DURATION]) AS pod#39, DIMENSIONVALUES(cluster{f}#15,true[BOOLEAN],PT0S[TIME_DURATION]) AS cluster#40, _tsid{m}#41],null,@timestamp{f}#43,TS_COMMAND]
                            \_EsRelation[k8s][TIME_SERIES][@timestamp{f}#43, client.ip{f}#44, cluster{f}#15, event{f}#45, event_city{f}#46, event_city_boundary{f}#47, event_location{f}#48, event_log{f}#49, event_shape{f}#50, events_received{f}#51, network.bytes_in{f}#52, network.cost{f}#53, network.eth0.currently_connected_clients{f}#54, network.eth0.firmware_version{f}#55, network.eth0.last_up{f}#56, network.eth0.rx{f}#57, network.eth0.tx{f}#58, network.eth0.up{f}#59, network.total_bytes_in{f}#42, network.total_bytes_out{f}#60, network.total_cost{f}#61, pod{f}#14, region{f}#62, _tsid{m}#41]