ExchangeSinkExec[[languages{f}#0, $$m$min{r}#1, $$m$seen{r}#2],false]
\_FragmentExec[filter=null, estimatedRowSize=0, reducer=[], fragment=[<>
Aggregate[[languages{f}#0],[MIN(salary{f}#3,true[BOOLEAN],PT0S[TIME_DURATION]) AS m#4, languages{f}#0]]
\_EsRelation[employees][avg_worked_seconds{f}#5, birth_date{f}#6, emp_no{f}#7, first_name{f}#8, gender{f}#9, height{f}#10, height.float{f}#11, height.half_float{f}#12, height.scaled_float{f}#13, hire_date{f}#14, is_rehired{f}#15, job_positions{f}#16, languages{f}#0, languages.byte{f}#17, languages.long{f}#18, languages.short{f}#19, last_name{f}#20, salary{f}#3, salary_change{f}#21, salary_change.int{f}#22, salary_change.keyword{f}#23, salary_change.long{f}#24, still_hired{f}#25]<>]]